Archive member included to satisfy reference by file (symbol)

d:/program files2/gnu tool chain/12.3 rel1/bin/../lib/gcc/arm-none-eabi/12.3.1/thumb/v6-m/nofp\libgcc.a(_dvmd_tls.o)
                              CMakeFiles/nrfTesting.dir/D_/VSARM/sdk/pico/pico-sdk/src/rp2_common/pico_divider/divider.S.obj (__aeabi_idiv0)
d:/program files2/gnu tool chain/12.3 rel1/bin/../lib/gcc/arm-none-eabi/12.3.1/thumb/v6-m/nofp\libc.a(libc_a-calloc.o)
                              CMakeFiles/nrfTesting.dir/D_/VSARM/sdk/pico/pico-sdk/src/rp2_common/pico_malloc/pico_malloc.c.obj (calloc)
d:/program files2/gnu tool chain/12.3 rel1/bin/../lib/gcc/arm-none-eabi/12.3.1/thumb/v6-m/nofp\libc.a(libc_a-callocr.o)
                              d:/program files2/gnu tool chain/12.3 rel1/bin/../lib/gcc/arm-none-eabi/12.3.1/thumb/v6-m/nofp\libc.a(libc_a-calloc.o) (_calloc_r)
d:/program files2/gnu tool chain/12.3 rel1/bin/../lib/gcc/arm-none-eabi/12.3.1/thumb/v6-m/nofp\libc.a(libc_a-malloc.o)
                              CMakeFiles/nrfTesting.dir/D_/VSARM/sdk/pico/pico-sdk/src/rp2_common/pico_malloc/pico_malloc.c.obj (malloc)
d:/program files2/gnu tool chain/12.3 rel1/bin/../lib/gcc/arm-none-eabi/12.3.1/thumb/v6-m/nofp\libc.a(libc_a-mallocr.o)
                              d:/program files2/gnu tool chain/12.3 rel1/bin/../lib/gcc/arm-none-eabi/12.3.1/thumb/v6-m/nofp\libc.a(libc_a-callocr.o) (_malloc_r)
d:/program files2/gnu tool chain/12.3 rel1/bin/../lib/gcc/arm-none-eabi/12.3.1/thumb/v6-m/nofp\libc.a(libc_a-mlock.o)
                              d:/program files2/gnu tool chain/12.3 rel1/bin/../lib/gcc/arm-none-eabi/12.3.1/thumb/v6-m/nofp\libc.a(libc_a-mallocr.o) (__malloc_lock)
d:/program files2/gnu tool chain/12.3 rel1/bin/../lib/gcc/arm-none-eabi/12.3.1/thumb/v6-m/nofp\libc.a(libc_a-realloc.o)
                              CMakeFiles/nrfTesting.dir/D_/VSARM/sdk/pico/pico-sdk/src/rp2_common/pico_malloc/pico_malloc.c.obj (realloc)
d:/program files2/gnu tool chain/12.3 rel1/bin/../lib/gcc/arm-none-eabi/12.3.1/thumb/v6-m/nofp\libc.a(libc_a-reallocr.o)
                              d:/program files2/gnu tool chain/12.3 rel1/bin/../lib/gcc/arm-none-eabi/12.3.1/thumb/v6-m/nofp\libc.a(libc_a-realloc.o) (_realloc_r)
d:/program files2/gnu tool chain/12.3 rel1/bin/../lib/gcc/arm-none-eabi/12.3.1/thumb/v6-m/nofp\libc.a(libc_a-memmove.o)
                              d:/program files2/gnu tool chain/12.3 rel1/bin/../lib/gcc/arm-none-eabi/12.3.1/thumb/v6-m/nofp\libc.a(libc_a-reallocr.o) (memmove)
d:/program files2/gnu tool chain/12.3 rel1/bin/../lib/gcc/arm-none-eabi/12.3.1/thumb/v6-m/nofp\libc.a(libc_a-impure.o)
                              d:/program files2/gnu tool chain/12.3 rel1/bin/../lib/gcc/arm-none-eabi/12.3.1/thumb/v6-m/nofp\libc.a(libc_a-calloc.o) (_impure_ptr)
d:/program files2/gnu tool chain/12.3 rel1/bin/../lib/gcc/arm-none-eabi/12.3.1/thumb/v6-m/nofp\libc.a(libc_a-sbrkr.o)
                              d:/program files2/gnu tool chain/12.3 rel1/bin/../lib/gcc/arm-none-eabi/12.3.1/thumb/v6-m/nofp\libc.a(libc_a-mallocr.o) (_sbrk_r)
d:/program files2/gnu tool chain/12.3 rel1/bin/../lib/gcc/arm-none-eabi/12.3.1/thumb/v6-m/nofp\libc.a(libc_a-errno.o)
                              d:/program files2/gnu tool chain/12.3 rel1/bin/../lib/gcc/arm-none-eabi/12.3.1/thumb/v6-m/nofp\libc.a(libc_a-callocr.o) (__errno)
d:/program files2/gnu tool chain/12.3 rel1/bin/../lib/gcc/arm-none-eabi/12.3.1/thumb/v6-m/nofp\libc.a(libc_a-init.o)
                              d:/program files2/gnu tool chain/12.3 rel1/bin/../lib/gcc/arm-none-eabi/12.3.1/thumb/v6-m/nofp/crt0.o (__libc_init_array)
d:/program files2/gnu tool chain/12.3 rel1/bin/../lib/gcc/arm-none-eabi/12.3.1/thumb/v6-m/nofp\libc.a(libc_a-lock.o)
                              d:/program files2/gnu tool chain/12.3 rel1/bin/../lib/gcc/arm-none-eabi/12.3.1/thumb/v6-m/nofp\libc.a(libc_a-mlock.o) (__retarget_lock_acquire_recursive)
d:/program files2/gnu tool chain/12.3 rel1/bin/../lib/gcc/arm-none-eabi/12.3.1/thumb/v6-m/nofp\libc.a(libc_a-sysconf.o)
                              d:/program files2/gnu tool chain/12.3 rel1/bin/../lib/gcc/arm-none-eabi/12.3.1/thumb/v6-m/nofp\libc.a(libc_a-mallocr.o) (sysconf)
d:/program files2/gnu tool chain/12.3 rel1/bin/../lib/gcc/arm-none-eabi/12.3.1/thumb/v6-m/nofp\libc.a(libc_a-strlen-stub.o)
                              CMakeFiles/nrfTesting.dir/D_/VSARM/sdk/pico/pico-sdk/src/rp2_common/pico_stdio/stdio.c.obj (strlen)
d:/program files2/gnu tool chain/12.3 rel1/bin/../lib/gcc/arm-none-eabi/12.3.1/thumb/v6-m/nofp\libc.a(libc_a-freer.o)
                              d:/program files2/gnu tool chain/12.3 rel1/bin/../lib/gcc/arm-none-eabi/12.3.1/thumb/v6-m/nofp\libc.a(libc_a-malloc.o) (_free_r)
d:/program files2/gnu tool chain/12.3 rel1/bin/../lib/gcc/arm-none-eabi/12.3.1/thumb/v6-m/nofp\libc.a(libc_a-findfp.o)
                              d:/program files2/gnu tool chain/12.3 rel1/bin/../lib/gcc/arm-none-eabi/12.3.1/thumb/v6-m/nofp\libc.a(libc_a-impure.o) (__sf)
[...]
Memory Configuration

Name             Origin             Length             Attributes
FLASH            0x10000000         0x00200000         xr
RAM              0x20000000         0x00040000         xrw
SCRATCH_X        0x20040000         0x00001000         xrw
SCRATCH_Y        0x20041000         0x00001000         xrw
*default*        0x00000000         0xffffffff

Linker script and memory map

LOAD d:/program files2/gnu tool chain/12.3 rel1/bin/../lib/gcc/arm-none-eabi/12.3.1/thumb/v6-m/nofp/crti.o
LOAD d:/program files2/gnu tool chain/12.3 rel1/bin/../lib/gcc/arm-none-eabi/12.3.1/thumb/v6-m/nofp/crtbegin.o
LOAD d:/program files2/gnu tool chain/12.3 rel1/bin/../lib/gcc/arm-none-eabi/12.3.1/thumb/v6-m/nofp/crt0.o

.flash_begin    0x10000000        0x0
                0x10000000                        __flash_binary_start = .

.boot2          0x10000000      0x100
                0x10000000                        __boot2_start__ = .
 *(.boot2)
 .boot2         0x10000000      0x100 C:\Users\Lenovo\AppData\Local\Temp\cc31Rp1e.o
                0x10000100                        __boot2_end__ = .
                0x00000001                        ASSERT (((__boot2_end__ - __boot2_start__) == 0x100), ERROR: Pico second stage bootloader must be 256 bytes in size)

.text           0x10000100     0x7490
                0x10000100                        __logical_binary_start = .
 *(.vectors)
 .vectors       0x10000100       0xd4 CMakeFiles/nrfTesting.dir/D_/VSARM/sdk/pico/pico-sdk/src/rp2_common/pico_standard_link/crt0.S.obj
                0x10000100                __VECTOR_TABLE
                0x10000100                __vectors
                0x100001c0                isr_invalid
                0x100001c0                __default_isrs_start
                0x100001c2                isr_nmi
                0x100001c4                isr_hardfault
                0x100001c6                isr_svcall
                0x100001c8                isr_pendsv
                0x100001ca                isr_systick
                0x100001cc                isr_irq23
                0x100001cc                isr_irq18
                0x100001cc                isr_irq11
                0x100001cc                isr_irq28
                0x100001cc                isr_irq19
                0x100001cc                isr_irq0
                0x100001cc                isr_irq6
                0x100001cc                isr_irq5
                0x100001cc                isr_irq12
                0x100001cc                isr_irq22
                0x100001cc                isr_irq31
                0x100001cc                isr_irq17
                0x100001cc                isr_irq27
                0x100001cc                isr_irq30
                0x100001cc                isr_irq2
                0x100001cc                isr_irq10
                0x100001cc                isr_irq8
                0x100001cc                isr_irq24
                0x100001cc                isr_irq1
                0x100001cc                isr_irq7
                0x100001cc                isr_irq21
                0x100001cc                isr_irq20
                0x100001cc                isr_irq15
                0x100001cc                isr_irq25
                0x100001cc                isr_irq13
                0x100001cc                __unhandled_user_irq
                0x100001cc                isr_irq4
                0x100001cc                isr_irq16
                0x100001cc                isr_irq29
                0x100001cc                isr_irq26
                0x100001cc                __default_isrs_end
                0x100001cc                isr_irq3
                0x100001cc                isr_irq14
                0x100001cc                isr_irq9
                0x100001d2                unhandled_user_irq_num_in_r0
 *(.binary_info_header)
 .binary_info_header
                0x100001d4       0x14 CMakeFiles/nrfTesting.dir/D_/VSARM/sdk/pico/pico-sdk/src/rp2_common/pico_standard_link/crt0.S.obj
                0x100001e8                        __binary_info_header_end = .
 *(.reset)
 .reset         0x100001e8       0xa0 CMakeFiles/nrfTesting.dir/D_/VSARM/sdk/pico/pico-sdk/src/rp2_common/pico_standard_link/crt0.S.obj
                0x100001e8                _entry_point
 .reset         0x10000288       0x30 CMakeFiles/nrfTesting.dir/D_/VSARM/sdk/pico/pico-sdk/src/rp2_common/pico_standard_link/binary_info.c.obj
 *(.init)
 .init          0x100002b8        0x4 d:/program files2/gnu tool chain/12.3 rel1/bin/../lib/gcc/arm-none-eabi/12.3.1/thumb/v6-m/nofp/crti.o
                0x100002b8                _init
 *(EXCLUDE_FILE(*libm.a: *libc.a:*lib_a-mem*.o *libgcc.a:) .text*)
 .text.register_tm_clones
                0x100002bc       0x28 d:/program files2/gnu tool chain/12.3 rel1/bin/../lib/gcc/arm-none-eabi/12.3.1/thumb/v6-m/nofp/crtbegin.o
 .text.frame_dummy
                0x100002e4       0x24 d:/program files2/gnu tool chain/12.3 rel1/bin/../lib/gcc/arm-none-eabi/12.3.1/thumb/v6-m/nofp/crtbegin.o
 .text.setup    0x10000308       0xa0 CMakeFiles/nrfTesting.dir/main.c.obj
                0x10000308                setup
 .text.startup.main
                0x100003a8      0x164 CMakeFiles/nrfTesting.dir/main.c.obj
                0x100003a8                main
 .text.nrf_send_data
                0x1000050c      0x164 CMakeFiles/nrfTesting.dir/Nrf.c.obj
                0x1000050c                nrf_send_data
 .text.nrf_enable_dynamic_payload
                0x10000670      0x108 CMakeFiles/nrfTesting.dir/Nrf.c.obj
                0x10000670                nrf_enable_dynamic_payload
 .text.nrf_init
                0x10000778      0x224 CMakeFiles/nrfTesting.dir/Nrf.c.obj
                0x10000778                nrf_init
 .text.nrf_configure_as_transmitter
                0x1000099c       0x80 CMakeFiles/nrfTesting.dir/Nrf.c.obj
                0x1000099c                nrf_configure_as_transmitter
 .text.gpio_set_function
                0x10000a1c       0x30 CMakeFiles/nrfTesting.dir/D_/VSARM/sdk/pico/pico-sdk/src/rp2_common/hardware_gpio/gpio.c.obj
                0x10000a1c                gpio_set_function
 .text.gpio_set_pulls
                0x10000a4c       0x24 CMakeFiles/nrfTesting.dir/D_/VSARM/sdk/pico/pico-sdk/src/rp2_common/hardware_gpio/gpio.c.obj
                0x10000a4c                gpio_set_pulls
 .text.gpio_set_input_enabled
                0x10000a70       0x28 CMakeFiles/nrfTesting.dir/D_/VSARM/sdk/pico/pico-sdk/src/rp2_common/hardware_gpio/gpio.c.obj
                0x10000a70                gpio_set_input_enabled
 .text.gpio_init
                0x10000a98       0x3c CMakeFiles/nrfTesting.dir/D_/VSARM/sdk/pico/pico-sdk/src/rp2_common/hardware_gpio/gpio.c.obj
                0x10000a98                gpio_init
 .text.running_on_fpga
                0x10000ad4       0x10 CMakeFiles/nrfTesting.dir/D_/VSARM/sdk/pico/pico-sdk/src/rp2_common/pico_platform/platform.c.obj
                0x10000ad4                running_on_fpga
 .text.hw_claim_or_assert
                0x10000ae4       0x44 CMakeFiles/nrfTesting.dir/D_/VSARM/sdk/pico/pico-sdk/src/rp2_common/hardware_claim/claim.c.obj
                0x10000ae4                hw_claim_or_assert
 .text.hw_claim_unused_from_range
                0x10000b28       0x9c CMakeFiles/nrfTesting.dir/D_/VSARM/sdk/pico/pico-sdk/src/rp2_common/hardware_claim/claim.c.obj
                0x10000b28                hw_claim_unused_from_range
 .text.spin_locks_reset
                0x10000bc4       0x1c CMakeFiles/nrfTesting.dir/D_/VSARM/sdk/pico/pico-sdk/src/rp2_common/hardware_sync/sync.c.obj
                0x10000bc4                spin_locks_reset
 .text.next_striped_spin_lock_num
                0x10000be0       0x18 CMakeFiles/nrfTesting.dir/D_/VSARM/sdk/pico/pico-sdk/src/rp2_common/hardware_sync/sync.c.obj
                0x10000be0                next_striped_spin_lock_num
 .text.spin_lock_claim_unused
                0x10000bf8       0x24 CMakeFiles/nrfTesting.dir/D_/VSARM/sdk/pico/pico-sdk/src/rp2_common/hardware_sync/sync.c.obj
                0x10000bf8                spin_lock_claim_unused
 .text.irq_set_enabled
                0x10000c1c       0x24 CMakeFiles/nrfTesting.dir/D_/VSARM/sdk/pico/pico-sdk/src/rp2_common/hardware_irq/irq.c.obj
                0x10000c1c                irq_set_enabled
 .text.irq_set_pending
                0x10000c40       0x10 CMakeFiles/nrfTesting.dir/D_/VSARM/sdk/pico/pico-sdk/src/rp2_common/hardware_irq/irq.c.obj
                0x10000c40                irq_set_pending
 .text.irq_has_shared_handler
                0x10000c50       0x2c CMakeFiles/nrfTesting.dir/D_/VSARM/sdk/pico/pico-sdk/src/rp2_common/hardware_irq/irq.c.obj
                0x10000c50                irq_has_shared_handler
 .text.irq_get_vtable_handler
                0x10000c7c       0x10 CMakeFiles/nrfTesting.dir/D_/VSARM/sdk/pico/pico-sdk/src/rp2_common/hardware_irq/irq.c.obj
                0x10000c7c                irq_get_vtable_handler
 .text.irq_set_exclusive_handler
                0x10000c8c       0x54 CMakeFiles/nrfTesting.dir/D_/VSARM/sdk/pico/pico-sdk/src/rp2_common/hardware_irq/irq.c.obj
                0x10000c8c                irq_set_exclusive_handler
 .text.irq_add_shared_handler
                0x10000ce0      0x1e0 CMakeFiles/nrfTesting.dir/D_/VSARM/sdk/pico/pico-sdk/src/rp2_common/hardware_irq/irq.c.obj
                0x10000ce0                irq_add_shared_handler
 .text.irq_remove_handler
                0x10000ec0      0x1c4 CMakeFiles/nrfTesting.dir/D_/VSARM/sdk/pico/pico-sdk/src/rp2_common/hardware_irq/irq.c.obj
                0x10000ec0                irq_remove_handler
 .text.irq_add_tail_to_free_list
                0x10001084       0xb4 CMakeFiles/nrfTesting.dir/D_/VSARM/sdk/pico/pico-sdk/src/rp2_common/hardware_irq/irq.c.obj
                0x10001084                irq_add_tail_to_free_list
 .text.irq_init_priorities
                0x10001138       0x24 CMakeFiles/nrfTesting.dir/D_/VSARM/sdk/pico/pico-sdk/src/rp2_common/hardware_irq/irq.c.obj
                0x10001138                irq_init_priorities
 .text.user_irq_claim_unused
                0x1000115c       0x2c CMakeFiles/nrfTesting.dir/D_/VSARM/sdk/pico/pico-sdk/src/rp2_common/hardware_irq/irq.c.obj
                0x1000115c                user_irq_claim_unused
 .text.lock_init
                0x10001188       0x10 CMakeFiles/nrfTesting.dir/D_/VSARM/sdk/pico/pico-sdk/src/common/pico_sync/lock_core.c.obj
                0x10001188                lock_init
 .text.mutex_init
                0x10001198       0x1c CMakeFiles/nrfTesting.dir/D_/VSARM/sdk/pico/pico-sdk/src/common/pico_sync/mutex.c.obj
                0x10001198                mutex_init
 .text.recursive_mutex_init
                0x100011b4       0x1c CMakeFiles/nrfTesting.dir/D_/VSARM/sdk/pico/pico-sdk/src/common/pico_sync/mutex.c.obj
                0x100011b4                recursive_mutex_init
 .text.critical_section_init
                0x100011d0       0x1c CMakeFiles/nrfTesting.dir/D_/VSARM/sdk/pico/pico-sdk/src/common/pico_sync/critical_section.c.obj
                0x100011d0                critical_section_init
 .text.critical_section_init_with_lock_num
                0x100011ec       0x14 CMakeFiles/nrfTesting.dir/D_/VSARM/sdk/pico/pico-sdk/src/common/pico_sync/critical_section.c.obj
                0x100011ec                critical_section_init_with_lock_num
 .text.timer_pool_entry_comparator
                0x10001200       0x34 CMakeFiles/nrfTesting.dir/D_/VSARM/sdk/pico/pico-sdk/src/common/pico_time/time.c.obj
                0x10001200                timer_pool_entry_comparator
 .text.sleep_until_callback
                0x10001234       0x30 CMakeFiles/nrfTesting.dir/D_/VSARM/sdk/pico/pico-sdk/src/common/pico_time/time.c.obj
 .text.add_alarm_under_lock.isra.0
                0x10001264       0xf8 CMakeFiles/nrfTesting.dir/D_/VSARM/sdk/pico/pico-sdk/src/common/pico_time/time.c.obj
 .text.alarm_pool_alarm_callback
                0x1000135c      0x1c0 CMakeFiles/nrfTesting.dir/D_/VSARM/sdk/pico/pico-sdk/src/common/pico_time/time.c.obj
 .text.alarm_pool_init_default
                0x1000151c       0x6c CMakeFiles/nrfTesting.dir/D_/VSARM/sdk/pico/pico-sdk/src/common/pico_time/time.c.obj
                0x1000151c                alarm_pool_init_default
 .text.alarm_pool_get_default
                0x10001588        0x8 CMakeFiles/nrfTesting.dir/D_/VSARM/sdk/pico/pico-sdk/src/common/pico_time/time.c.obj
                0x10001588                alarm_pool_get_default
 .text.alarm_pool_add_alarm_at
                0x10001590      0x17c CMakeFiles/nrfTesting.dir/D_/VSARM/sdk/pico/pico-sdk/src/common/pico_time/time.c.obj
                0x10001590                alarm_pool_add_alarm_at
 .text.alarm_pool_core_num
                0x1000170c        0x4 CMakeFiles/nrfTesting.dir/D_/VSARM/sdk/pico/pico-sdk/src/common/pico_time/time.c.obj
                0x1000170c                alarm_pool_core_num
 .text.sleep_until
                0x10001710       0xc4 CMakeFiles/nrfTesting.dir/D_/VSARM/sdk/pico/pico-sdk/src/common/pico_time/time.c.obj
                0x10001710                sleep_until
 .text.sleep_us
                0x100017d4       0x28 CMakeFiles/nrfTesting.dir/D_/VSARM/sdk/pico/pico-sdk/src/common/pico_time/time.c.obj
                0x100017d4                sleep_us
 .text.sleep_ms
                0x100017fc       0x38 CMakeFiles/nrfTesting.dir/D_/VSARM/sdk/pico/pico-sdk/src/common/pico_time/time.c.obj
                0x100017fc                sleep_ms
 .text.best_effort_wfe_or_timeout
                0x10001834       0xcc CMakeFiles/nrfTesting.dir/D_/VSARM/sdk/pico/pico-sdk/src/common/pico_time/time.c.obj
                0x10001834                best_effort_wfe_or_timeout
 .text.hardware_alarm_irq_handler
                0x10001900       0xbc CMakeFiles/nrfTesting.dir/D_/VSARM/sdk/pico/pico-sdk/src/rp2_common/hardware_timer/timer.c.obj
 .text.hardware_alarm_claim
                0x100019bc       0x18 CMakeFiles/nrfTesting.dir/D_/VSARM/sdk/pico/pico-sdk/src/rp2_common/hardware_timer/timer.c.obj
                0x100019bc                hardware_alarm_claim
 .text.time_us_64
                0x100019d4       0x14 CMakeFiles/nrfTesting.dir/D_/VSARM/sdk/pico/pico-sdk/src/rp2_common/hardware_timer/timer.c.obj
                0x100019d4                time_us_64
 .text.busy_wait_until
                0x100019e8       0x20 CMakeFiles/nrfTesting.dir/D_/VSARM/sdk/pico/pico-sdk/src/rp2_common/hardware_timer/timer.c.obj
                0x100019e8                busy_wait_until
 .text.hardware_alarm_set_callback
                0x10001a08       0x8c CMakeFiles/nrfTesting.dir/D_/VSARM/sdk/pico/pico-sdk/src/rp2_common/hardware_timer/timer.c.obj
                0x10001a08                hardware_alarm_set_callback
 .text.hardware_alarm_set_target
                0x10001a94       0xd0 CMakeFiles/nrfTesting.dir/D_/VSARM/sdk/pico/pico-sdk/src/rp2_common/hardware_timer/timer.c.obj
                0x10001a94                hardware_alarm_set_target
 .text.hardware_alarm_cancel
                0x10001b64       0x3c CMakeFiles/nrfTesting.dir/D_/VSARM/sdk/pico/pico-sdk/src/rp2_common/hardware_timer/timer.c.obj
                0x10001b64                hardware_alarm_cancel
 .text.ph_merge_nodes
                0x10001ba0       0x58 CMakeFiles/nrfTesting.dir/D_/VSARM/sdk/pico/pico-sdk/src/common/pico_util/pheap.c.obj
 .text.ph_post_alloc_init
                0x10001bf8       0x3c CMakeFiles/nrfTesting.dir/D_/VSARM/sdk/pico/pico-sdk/src/common/pico_util/pheap.c.obj
                0x10001bf8                ph_post_alloc_init
 .text.ph_merge_two_pass
                0x10001c34       0x8c CMakeFiles/nrfTesting.dir/D_/VSARM/sdk/pico/pico-sdk/src/common/pico_util/pheap.c.obj
                0x10001c34                ph_merge_two_pass
 .text.ph_remove_any_head
                0x10001cc0      0x100 CMakeFiles/nrfTesting.dir/D_/VSARM/sdk/pico/pico-sdk/src/common/pico_util/pheap.c.obj
 .text.ph_remove_head
                0x10001dc0      0x104 CMakeFiles/nrfTesting.dir/D_/VSARM/sdk/pico/pico-sdk/src/common/pico_util/pheap.c.obj
                0x10001dc0                ph_remove_head
 .text.ph_remove_and_free_node
                0x10001ec4       0x78 CMakeFiles/nrfTesting.dir/D_/VSARM/sdk/pico/pico-sdk/src/common/pico_util/pheap.c.obj
                0x10001ec4                ph_remove_and_free_node
 .text.clocks_init
                0x10001f3c      0x2c8 CMakeFiles/nrfTesting.dir/D_/VSARM/sdk/pico/pico-sdk/src/rp2_common/hardware_clocks/clocks.c.obj
                0x10001f3c                clocks_init
 .text.clock_get_hz
                0x10002204        0xc CMakeFiles/nrfTesting.dir/D_/VSARM/sdk/pico/pico-sdk/src/rp2_common/hardware_clocks/clocks.c.obj
                0x10002204                clock_get_hz
 .text.pll_init
                0x10002210       0xa0 CMakeFiles/nrfTesting.dir/D_/VSARM/sdk/pico/pico-sdk/src/rp2_common/hardware_pll/pll.c.obj
                0x10002210                pll_init
 .text.watchdog_start_tick
                0x100022b0       0x10 CMakeFiles/nrfTesting.dir/D_/VSARM/sdk/pico/pico-sdk/src/rp2_common/hardware_watchdog/watchdog.c.obj
                0x100022b0                watchdog_start_tick
 .text.watchdog_reboot
                0x100022c0       0x9c CMakeFiles/nrfTesting.dir/D_/VSARM/sdk/pico/pico-sdk/src/rp2_common/hardware_watchdog/watchdog.c.obj
                0x100022c0                watchdog_reboot
 .text.xosc_init
                0x1000235c       0x28 CMakeFiles/nrfTesting.dir/D_/VSARM/sdk/pico/pico-sdk/src/rp2_common/hardware_xosc/xosc.c.obj
                0x1000235c                xosc_init
 .text.runtime_init
                0x10002384       0xec CMakeFiles/nrfTesting.dir/D_/VSARM/sdk/pico/pico-sdk/src/rp2_common/pico_runtime/runtime.c.obj
                0x10002384                runtime_init
 .text._exit    0x10002470        0x4 CMakeFiles/nrfTesting.dir/D_/VSARM/sdk/pico/pico-sdk/src/rp2_common/pico_runtime/runtime.c.obj
                0x10002470                _exit
 .text.exit     0x10002474        0x8 CMakeFiles/nrfTesting.dir/D_/VSARM/sdk/pico/pico-sdk/src/rp2_common/pico_runtime/runtime.c.obj
                0x10002474                exit
 .text.panic    0x1000247c       0x30 CMakeFiles/nrfTesting.dir/D_/VSARM/sdk/pico/pico-sdk/src/rp2_common/pico_runtime/runtime.c.obj
                0x1000247c                panic
 .text.hard_assertion_failure
                0x100024ac        0xc CMakeFiles/nrfTesting.dir/D_/VSARM/sdk/pico/pico-sdk/src/rp2_common/pico_runtime/runtime.c.obj
                0x100024ac                hard_assertion_failure
 .text._out_null
                0x100024b8        0x4 CMakeFiles/nrfTesting.dir/D_/VSARM/sdk/pico/pico-sdk/src/rp2_common/pico_printf/printf.c.obj
 .text._out_rev
                0x100024bc       0x90 CMakeFiles/nrfTesting.dir/D_/VSARM/sdk/pico/pico-sdk/src/rp2_common/pico_printf/printf.c.obj
 .text._ntoa_format
                0x1000254c      0x208 CMakeFiles/nrfTesting.dir/D_/VSARM/sdk/pico/pico-sdk/src/rp2_common/pico_printf/printf.c.obj
 .text._out_char
                0x10002754       0x10 CMakeFiles/nrfTesting.dir/D_/VSARM/sdk/pico/pico-sdk/src/rp2_common/pico_printf/printf.c.obj
 .text._out_fct
                0x10002764       0x10 CMakeFiles/nrfTesting.dir/D_/VSARM/sdk/pico/pico-sdk/src/rp2_common/pico_printf/printf.c.obj
 .text._etoa    0x10002774      0x464 CMakeFiles/nrfTesting.dir/D_/VSARM/sdk/pico/pico-sdk/src/rp2_common/pico_printf/printf.c.obj
 .text._ftoa    0x10002bd8      0x3c4 CMakeFiles/nrfTesting.dir/D_/VSARM/sdk/pico/pico-sdk/src/rp2_common/pico_printf/printf.c.obj
 .text._vsnprintf
                0x10002f9c      0xc18 CMakeFiles/nrfTesting.dir/D_/VSARM/sdk/pico/pico-sdk/src/rp2_common/pico_printf/printf.c.obj
 .text.vfctprintf
                0x10003bb4       0x20 CMakeFiles/nrfTesting.dir/D_/VSARM/sdk/pico/pico-sdk/src/rp2_common/pico_printf/printf.c.obj
                0x10003bb4                vfctprintf
 .text.weak_raw_vprintf
                0x10003bd4       0x30 CMakeFiles/nrfTesting.dir/D_/VSARM/sdk/pico/pico-sdk/src/rp2_common/pico_printf/printf.c.obj
                0x10003bd4                weak_raw_vprintf
 .text          0x10003c04       0x10 CMakeFiles/nrfTesting.dir/D_/VSARM/sdk/pico/pico-sdk/src/rp2_common/pico_bit_ops/bit_ops_aeabi.S.obj
 .text.rom_func_lookup
                0x10003c14       0x10 CMakeFiles/nrfTesting.dir/D_/VSARM/sdk/pico/pico-sdk/src/rp2_common/pico_bootrom/bootrom.c.obj
                0x10003c14                rom_func_lookup
 .text.rom_data_lookup
                0x10003c24       0x10 CMakeFiles/nrfTesting.dir/D_/VSARM/sdk/pico/pico-sdk/src/rp2_common/pico_bootrom/bootrom.c.obj
                0x10003c24                rom_data_lookup
 .text.rom_funcs_lookup
                0x10003c34       0x44 CMakeFiles/nrfTesting.dir/D_/VSARM/sdk/pico/pico-sdk/src/rp2_common/pico_bootrom/bootrom.c.obj
                0x10003c34                rom_funcs_lookup
 .text.__wrap___aeabi_idiv
                0x10003c78       0x50 CMakeFiles/nrfTesting.dir/D_/VSARM/sdk/pico/pico-sdk/src/rp2_common/pico_divider/divider.S.obj
                0x10003c78                __wrap___aeabi_idivmod
                0x10003c78                divmod_s32s32
                0x10003c78                div_s32s32
                0x10003c78                __wrap___aeabi_idiv
                0x10003c80                divmod_s32s32_unsafe
                0x10003cac                divmod_s32s32_savestate
 .text.__wrap___aeabi_uidiv
                0x10003cc8       0x4c CMakeFiles/nrfTesting.dir/D_/VSARM/sdk/pico/pico-sdk/src/rp2_common/pico_divider/divider.S.obj
                0x10003cc8                __wrap___aeabi_uidiv
                0x10003cc8                __wrap___aeabi_uidivmod
                0x10003cc8                div_u32u32
                0x10003cc8                divmod_u32u32
                0x10003cd0                divmod_u32u32_unsafe
                0x10003cf8                divmod_u32u32_savestate
 .text.__wrap___aeabi_ldiv
                0x10003d14      0x424 CMakeFiles/nrfTesting.dir/D_/VSARM/sdk/pico/pico-sdk/src/rp2_common/pico_divider/divider.S.obj
                0x10003d14                div_s64s64
                0x10003d14                divmod_s64s64
                0x10003d14                __wrap___aeabi_ldivmod
                0x10003d44                divmod_u64u64
                0x10003d44                div_u64u64
                0x10003d44                __wrap___aeabi_uldivmod
                0x10003d54                divmod_u64u64_savestate
                0x10003d74                divmod_s64s64_unsafe
                0x10003dfc                divmod_u64u64_unsafe
 .text.__wrap___aeabi_darithmetic
                0x10004138       0x80 CMakeFiles/nrfTesting.dir/D_/VSARM/sdk/pico/pico-sdk/src/rp2_common/pico_double/double_aeabi.S.obj
                0x10004138                __wrap___aeabi_drsub
                0x1000413e                __wrap___aeabi_dsub
                0x10004150                __wrap___aeabi_dadd
                0x10004162                __wrap___aeabi_ddiv
                0x1000419e                __wrap___aeabi_dmul
 .text.__wrap___aeabi_cdcmple
                0x100041b8       0x6c CMakeFiles/nrfTesting.dir/D_/VSARM/sdk/pico/pico-sdk/src/rp2_common/pico_double/double_aeabi.S.obj
                0x100041b8                __wrap___aeabi_cdrcmple
                0x100041c8                __wrap___aeabi_cdcmpeq
                0x100041c8                __wrap___aeabi_cdcmple
 .text.__wrap___aeabi_dcmplt
                0x10004224        0xc CMakeFiles/nrfTesting.dir/D_/VSARM/sdk/pico/pico-sdk/src/rp2_common/pico_double/double_aeabi.S.obj
                0x10004224                __wrap___aeabi_dcmplt
 .text.__wrap___aeabi_dcmpge
                0x10004230       0x10 CMakeFiles/nrfTesting.dir/D_/VSARM/sdk/pico/pico-sdk/src/rp2_common/pico_double/double_aeabi.S.obj
                0x10004230                __wrap___aeabi_dcmpge
 .text.__wrap___aeabi_dcmpgt
                0x10004240        0xa CMakeFiles/nrfTesting.dir/D_/VSARM/sdk/pico/pico-sdk/src/rp2_common/pico_double/double_aeabi.S.obj
                0x10004240                __wrap___aeabi_dcmpgt
 .text.__wrap___aeabi_dcmpun
                0x1000424a       0x1c CMakeFiles/nrfTesting.dir/D_/VSARM/sdk/pico/pico-sdk/src/rp2_common/pico_double/double_aeabi.S.obj
                0x1000424a                __wrap___aeabi_dcmpun
 *fill*         0x10004266        0x2 
 .text.__wrap___aeabi_i2d
                0x10004268       0x38 CMakeFiles/nrfTesting.dir/D_/VSARM/sdk/pico/pico-sdk/src/rp2_common/pico_double/double_aeabi.S.obj
                0x10004268                __wrap___aeabi_ui2d
                0x10004270                __wrap___aeabi_i2d
 .text.__wrap___aeabi_d2iz
                0x100042a0       0x48 CMakeFiles/nrfTesting.dir/D_/VSARM/sdk/pico/pico-sdk/src/rp2_common/pico_double/double_aeabi.S.obj
                0x100042a0                double2int_z
                0x100042a0                __wrap___aeabi_d2iz
 .text.__wrap___aeabi_d2uiz
                0x100042e8       0x18 CMakeFiles/nrfTesting.dir/D_/VSARM/sdk/pico/pico-sdk/src/rp2_common/pico_double/double_aeabi.S.obj
                0x100042e8                __wrap___aeabi_d2uiz
                0x100042e8                double2uint
 .text.__aeabi_double_init
                0x10004300       0x98 CMakeFiles/nrfTesting.dir/D_/VSARM/sdk/pico/pico-sdk/src/rp2_common/pico_double/double_init_rom.c.obj
                0x10004300                __aeabi_double_init
 .text.double_table_shim_on_use_helper
                0x10004398       0x2c CMakeFiles/nrfTesting.dir/D_/VSARM/sdk/pico/pico-sdk/src/rp2_common/pico_double/double_v1_rom_shim.S.obj
                0x10004398                double_table_shim_on_use_helper
 .text.__wrap___aeabi_dsub
                0x100043c4       0x10 CMakeFiles/nrfTesting.dir/D_/VSARM/sdk/pico/pico-sdk/src/rp2_common/pico_double/double_v1_rom_shim.S.obj
                0x100043c4                drsub_shim
                0x100043ca                dsub_shim
 .text.dadd_shim
                0x100043d4      0x15c CMakeFiles/nrfTesting.dir/D_/VSARM/sdk/pico/pico-sdk/src/rp2_common/pico_double/double_v1_rom_shim.S.obj
                0x100043d4                dadd_shim
 .text.dmul_shim
                0x10004530      0x15c CMakeFiles/nrfTesting.dir/D_/VSARM/sdk/pico/pico-sdk/src/rp2_common/pico_double/double_v1_rom_shim.S.obj
                0x10004530                dmul_shim
 .text.ddiv_shim
                0x1000468c      0x1b0 CMakeFiles/nrfTesting.dir/D_/VSARM/sdk/pico/pico-sdk/src/rp2_common/pico_double/double_v1_rom_shim.S.obj
                0x1000468c                ddiv_shim
 .text.double2uint_shim
                0x1000483c        0xe CMakeFiles/nrfTesting.dir/D_/VSARM/sdk/pico/pico-sdk/src/rp2_common/pico_double/double_v1_rom_shim.S.obj
                0x1000483c                double2uint_shim
                0x1000483e                double2ufix_shim
 *fill*         0x1000484a        0x2 
 .text.double2uint64_shim
                0x1000484c       0x70 CMakeFiles/nrfTesting.dir/D_/VSARM/sdk/pico/pico-sdk/src/rp2_common/pico_double/double_v1_rom_shim.S.obj
                0x1000484c                double2uint64_shim
                0x1000484e                double2ufix64_shim
                0x1000486e                d2fix_a
 .text.dunpacks
                0x100048bc       0x3c CMakeFiles/nrfTesting.dir/D_/VSARM/sdk/pico/pico-sdk/src/rp2_common/pico_double/double_v1_rom_shim.S.obj
                0x100048bc                dunpacks
 .text.__aeabi_lmul
                0x100048f8       0x32 CMakeFiles/nrfTesting.dir/D_/VSARM/sdk/pico/pico-sdk/src/rp2_common/pico_int64_ops/pico_int64_ops_aeabi.S.obj
                0x100048f8                __wrap___aeabi_lmul
 *fill*         0x1000492a        0x2 
 .text.__aeabi_float_init
                0x1000492c       0x64 CMakeFiles/nrfTesting.dir/D_/VSARM/sdk/pico/pico-sdk/src/rp2_common/pico_float/float_init_rom.c.obj
                0x1000492c                __aeabi_float_init
 .text.float_table_shim_on_use_helper
                0x10004990       0x2c CMakeFiles/nrfTesting.dir/D_/VSARM/sdk/pico/pico-sdk/src/rp2_common/pico_float/float_v1_rom_shim.S.obj
                0x10004990                float_table_shim_on_use_helper
 .text          0x100049bc       0x10 CMakeFiles/nrfTesting.dir/D_/VSARM/sdk/pico/pico-sdk/src/rp2_common/pico_mem_ops/mem_ops_aeabi.S.obj
                0x100049bc                __aeabi_mem_init
 .text.memset   0x100049cc        0xc CMakeFiles/nrfTesting.dir/D_/VSARM/sdk/pico/pico-sdk/src/rp2_common/pico_mem_ops/mem_ops_aeabi.S.obj
                0x100049cc                __wrap_memset
 .text.memcpy   0x100049d8        0xc CMakeFiles/nrfTesting.dir/D_/VSARM/sdk/pico/pico-sdk/src/rp2_common/pico_mem_ops/mem_ops_aeabi.S.obj
                0x100049d8                __wrap_memcpy
                0x100049d8                __wrap___aeabi_memcpy
 .text.stdio_out_chars_crlf
                0x100049e4       0x94 CMakeFiles/nrfTesting.dir/D_/VSARM/sdk/pico/pico-sdk/src/rp2_common/pico_stdio/stdio.c.obj
 .text.stdio_buffered_printer
                0x10004a78       0x64 CMakeFiles/nrfTesting.dir/D_/VSARM/sdk/pico/pico-sdk/src/rp2_common/pico_stdio/stdio.c.obj
 .text.__wrap_putchar
                0x10004adc       0x98 CMakeFiles/nrfTesting.dir/D_/VSARM/sdk/pico/pico-sdk/src/rp2_common/pico_stdio/stdio.c.obj
                0x10004adc                __wrap_putchar
 .text.__wrap_puts
                0x10004b74       0xe0 CMakeFiles/nrfTesting.dir/D_/VSARM/sdk/pico/pico-sdk/src/rp2_common/pico_stdio/stdio.c.obj
                0x10004b74                __wrap_puts
 .text.stdio_set_driver_enabled
                0x10004c54       0x30 CMakeFiles/nrfTesting.dir/D_/VSARM/sdk/pico/pico-sdk/src/rp2_common/pico_stdio/stdio.c.obj
                0x10004c54                stdio_set_driver_enabled
 .text.__wrap_vprintf
                0x10004c84       0xd4 CMakeFiles/nrfTesting.dir/D_/VSARM/sdk/pico/pico-sdk/src/rp2_common/pico_stdio/stdio.c.obj
                0x10004c84                __wrap_vprintf
 .text.__wrap_printf
                0x10004d58       0x18 CMakeFiles/nrfTesting.dir/D_/VSARM/sdk/pico/pico-sdk/src/rp2_common/pico_stdio/stdio.c.obj
                0x10004d58                __wrap_printf
 .text.stdio_init_all
                0x10004d70        0x8 CMakeFiles/nrfTesting.dir/D_/VSARM/sdk/pico/pico-sdk/src/rp2_common/pico_stdio/stdio.c.obj
                0x10004d70                stdio_init_all
 .text.resetd_init
                0x10004d78        0x4 CMakeFiles/nrfTesting.dir/D_/VSARM/sdk/pico/pico-sdk/src/rp2_common/pico_stdio_usb/reset_interface.c.obj
 .text.resetd_reset
                0x10004d7c        0xc CMakeFiles/nrfTesting.dir/D_/VSARM/sdk/pico/pico-sdk/src/rp2_common/pico_stdio_usb/reset_interface.c.obj
 .text.resetd_open
                0x10004d88       0x28 CMakeFiles/nrfTesting.dir/D_/VSARM/sdk/pico/pico-sdk/src/rp2_common/pico_stdio_usb/reset_interface.c.obj
 .text.resetd_xfer_cb
                0x10004db0        0x4 CMakeFiles/nrfTesting.dir/D_/VSARM/sdk/pico/pico-sdk/src/rp2_common/pico_stdio_usb/reset_interface.c.obj
 .text.resetd_control_xfer_cb
                0x10004db4       0x60 CMakeFiles/nrfTesting.dir/D_/VSARM/sdk/pico/pico-sdk/src/rp2_common/pico_stdio_usb/reset_interface.c.obj
 .text.usbd_app_driver_get_cb
                0x10004e14        0xc CMakeFiles/nrfTesting.dir/D_/VSARM/sdk/pico/pico-sdk/src/rp2_common/pico_stdio_usb/reset_interface.c.obj
                0x10004e14                usbd_app_driver_get_cb
 .text.tud_cdc_line_coding_cb
                0x10004e20       0x34 CMakeFiles/nrfTesting.dir/D_/VSARM/sdk/pico/pico-sdk/src/rp2_common/pico_stdio_usb/reset_interface.c.obj
                0x10004e20                tud_cdc_line_coding_cb
 .text.stdio_usb_set_chars_available_callback
                0x10004e54       0x14 CMakeFiles/nrfTesting.dir/D_/VSARM/sdk/pico/pico-sdk/src/rp2_common/pico_stdio_usb/stdio_usb.c.obj
                0x10004e54                stdio_usb_set_chars_available_callback
 .text.usb_irq  0x10004e68       0x10 CMakeFiles/nrfTesting.dir/D_/VSARM/sdk/pico/pico-sdk/src/rp2_common/pico_stdio_usb/stdio_usb.c.obj
 .text.timer_task
                0x10004e78       0x54 CMakeFiles/nrfTesting.dir/D_/VSARM/sdk/pico/pico-sdk/src/rp2_common/pico_stdio_usb/stdio_usb.c.obj
 .text.stdio_usb_in_chars
                0x10004ecc       0x90 CMakeFiles/nrfTesting.dir/D_/VSARM/sdk/pico/pico-sdk/src/rp2_common/pico_stdio_usb/stdio_usb.c.obj
                0x10004ecc                stdio_usb_in_chars
 .text.stdio_usb_out_chars
                0x10004f5c      0x104 CMakeFiles/nrfTesting.dir/D_/VSARM/sdk/pico/pico-sdk/src/rp2_common/pico_stdio_usb/stdio_usb.c.obj
 .text.low_priority_worker_irq
                0x10005060       0xa8 CMakeFiles/nrfTesting.dir/D_/VSARM/sdk/pico/pico-sdk/src/rp2_common/pico_stdio_usb/stdio_usb.c.obj
 .text.tud_cdc_rx_cb
                0x10005108       0x20 CMakeFiles/nrfTesting.dir/D_/VSARM/sdk/pico/pico-sdk/src/rp2_common/pico_stdio_usb/stdio_usb.c.obj
                0x10005108                tud_cdc_rx_cb
 .text.stdio_usb_init
                0x10005128       0xe0 CMakeFiles/nrfTesting.dir/D_/VSARM/sdk/pico/pico-sdk/src/rp2_common/pico_stdio_usb/stdio_usb.c.obj
                0x10005128                stdio_usb_init
 .text.tud_descriptor_device_cb
                0x10005208        0x8 CMakeFiles/nrfTesting.dir/D_/VSARM/sdk/pico/pico-sdk/src/rp2_common/pico_stdio_usb/stdio_usb_descriptors.c.obj
                0x10005208                tud_descriptor_device_cb
 .text.tud_descriptor_configuration_cb
                0x10005210        0x8 CMakeFiles/nrfTesting.dir/D_/VSARM/sdk/pico/pico-sdk/src/rp2_common/pico_stdio_usb/stdio_usb_descriptors.c.obj
                0x10005210                tud_descriptor_configuration_cb
 .text.tud_descriptor_string_cb
                0x10005218       0x78 CMakeFiles/nrfTesting.dir/D_/VSARM/sdk/pico/pico-sdk/src/rp2_common/pico_stdio_usb/stdio_usb_descriptors.c.obj
                0x10005218                tud_descriptor_string_cb
 .text.startup._retrieve_unique_id_on_boot
                0x10005290       0x10 CMakeFiles/nrfTesting.dir/D_/VSARM/sdk/pico/pico-sdk/src/rp2_common/pico_unique_id/unique_id.c.obj
 .text.pico_get_unique_board_id_string
                0x100052a0      0x1a8 CMakeFiles/nrfTesting.dir/D_/VSARM/sdk/pico/pico-sdk/src/rp2_common/pico_unique_id/unique_id.c.obj
                0x100052a0                pico_get_unique_board_id_string
 .text.flash_get_unique_id
                0x10005448       0x40 CMakeFiles/nrfTesting.dir/D_/VSARM/sdk/pico/pico-sdk/src/rp2_common/hardware_flash/flash.c.obj
                0x10005448                flash_get_unique_id
 .text.dcd_int_enable
                0x10005488        0xc CMakeFiles/nrfTesting.dir/D_/VSARM/sdk/pico/pico-sdk/lib/tinyusb/src/portable/raspberrypi/rp2040/dcd_rp2040.c.obj
                0x10005488                dcd_int_enable
 .text.dcd_set_address
                0x10005494       0x14 CMakeFiles/nrfTesting.dir/D_/VSARM/sdk/pico/pico-sdk/lib/tinyusb/src/portable/raspberrypi/rp2040/dcd_rp2040.c.obj
                0x10005494                dcd_set_address
 .text.dcd_connect
                0x100054a8       0x10 CMakeFiles/nrfTesting.dir/D_/VSARM/sdk/pico/pico-sdk/lib/tinyusb/src/portable/raspberrypi/rp2040/dcd_rp2040.c.obj
                0x100054a8                dcd_connect
 .text.dcd_init
                0x100054b8       0x98 CMakeFiles/nrfTesting.dir/D_/VSARM/sdk/pico/pico-sdk/lib/tinyusb/src/portable/raspberrypi/rp2040/dcd_rp2040.c.obj
                0x100054b8                dcd_init
 .text.dcd_edpt0_status_complete
                0x10005550       0x1c CMakeFiles/nrfTesting.dir/D_/VSARM/sdk/pico/pico-sdk/lib/tinyusb/src/portable/raspberrypi/rp2040/dcd_rp2040.c.obj
                0x10005550                dcd_edpt0_status_complete
 .text.dcd_edpt_open
                0x1000556c      0x108 CMakeFiles/nrfTesting.dir/D_/VSARM/sdk/pico/pico-sdk/lib/tinyusb/src/portable/raspberrypi/rp2040/dcd_rp2040.c.obj
                0x1000556c                dcd_edpt_open
 .text.dcd_edpt_close_all
                0x10005674        0x8 CMakeFiles/nrfTesting.dir/D_/VSARM/sdk/pico/pico-sdk/lib/tinyusb/src/portable/raspberrypi/rp2040/dcd_rp2040.c.obj
                0x10005674                dcd_edpt_close_all
 .text.dcd_edpt_xfer
                0x1000567c       0x24 CMakeFiles/nrfTesting.dir/D_/VSARM/sdk/pico/pico-sdk/lib/tinyusb/src/portable/raspberrypi/rp2040/dcd_rp2040.c.obj
                0x1000567c                dcd_edpt_xfer
 .text.dcd_edpt_stall
                0x100056a0       0x34 CMakeFiles/nrfTesting.dir/D_/VSARM/sdk/pico/pico-sdk/lib/tinyusb/src/portable/raspberrypi/rp2040/dcd_rp2040.c.obj
                0x100056a0                dcd_edpt_stall
 .text.dcd_edpt_clear_stall
                0x100056d4       0x30 CMakeFiles/nrfTesting.dir/D_/VSARM/sdk/pico/pico-sdk/lib/tinyusb/src/portable/raspberrypi/rp2040/dcd_rp2040.c.obj
                0x100056d4                dcd_edpt_clear_stall
 .text.rp2040_usb_init
                0x10005704       0x4c CMakeFiles/nrfTesting.dir/D_/VSARM/sdk/pico/pico-sdk/lib/tinyusb/src/portable/raspberrypi/rp2040/rp2040_usb.c.obj
                0x10005704                rp2040_usb_init
 .text.hw_endpoint_xfer_start
                0x10005750       0x40 CMakeFiles/nrfTesting.dir/D_/VSARM/sdk/pico/pico-sdk/lib/tinyusb/src/portable/raspberrypi/rp2040/rp2040_usb.c.obj
                0x10005750                hw_endpoint_xfer_start
 .text.tud_mounted
                0x10005790       0x10 CMakeFiles/nrfTesting.dir/D_/VSARM/sdk/pico/pico-sdk/lib/tinyusb/src/device/usbd.c.obj
                0x10005790                tud_mounted
 .text.tud_suspended
                0x100057a0       0x10 CMakeFiles/nrfTesting.dir/D_/VSARM/sdk/pico/pico-sdk/lib/tinyusb/src/device/usbd.c.obj
                0x100057a0                tud_suspended
 .text.tud_inited
                0x100057b0       0x14 CMakeFiles/nrfTesting.dir/D_/VSARM/sdk/pico/pico-sdk/lib/tinyusb/src/device/usbd.c.obj
                0x100057b0                tud_inited
 .text.tud_init
                0x100057c4       0xd8 CMakeFiles/nrfTesting.dir/D_/VSARM/sdk/pico/pico-sdk/lib/tinyusb/src/device/usbd.c.obj
                0x100057c4                tud_init
 .text.tud_task_ext
                0x1000589c      0x8a4 CMakeFiles/nrfTesting.dir/D_/VSARM/sdk/pico/pico-sdk/lib/tinyusb/src/device/usbd.c.obj
                0x1000589c                tud_task_ext
 .text.usbd_open_edpt_pair
                0x10006140       0x9c CMakeFiles/nrfTesting.dir/D_/VSARM/sdk/pico/pico-sdk/lib/tinyusb/src/device/usbd.c.obj
                0x10006140                usbd_open_edpt_pair
 .text.usbd_defer_func
                0x100061dc       0x48 CMakeFiles/nrfTesting.dir/D_/VSARM/sdk/pico/pico-sdk/lib/tinyusb/src/device/usbd.c.obj
                0x100061dc                usbd_defer_func
 .text.usbd_edpt_open
                0x10006224       0x34 CMakeFiles/nrfTesting.dir/D_/VSARM/sdk/pico/pico-sdk/lib/tinyusb/src/device/usbd.c.obj
                0x10006224                usbd_edpt_open
 .text.usbd_edpt_claim
                0x10006258       0x28 CMakeFiles/nrfTesting.dir/D_/VSARM/sdk/pico/pico-sdk/lib/tinyusb/src/device/usbd.c.obj
                0x10006258                usbd_edpt_claim
 .text.usbd_edpt_release
                0x10006280       0x28 CMakeFiles/nrfTesting.dir/D_/VSARM/sdk/pico/pico-sdk/lib/tinyusb/src/device/usbd.c.obj
                0x10006280                usbd_edpt_release
 .text.usbd_edpt_xfer
                0x100062a8       0x4c CMakeFiles/nrfTesting.dir/D_/VSARM/sdk/pico/pico-sdk/lib/tinyusb/src/device/usbd.c.obj
                0x100062a8                usbd_edpt_xfer
 .text.tud_control_status
                0x100062f4       0x2c CMakeFiles/nrfTesting.dir/D_/VSARM/sdk/pico/pico-sdk/lib/tinyusb/src/device/usbd_control.c.obj
                0x100062f4                tud_control_status
 .text.tud_control_xfer
                0x10006320       0xac CMakeFiles/nrfTesting.dir/D_/VSARM/sdk/pico/pico-sdk/lib/tinyusb/src/device/usbd_control.c.obj
                0x10006320                tud_control_xfer
 .text.usbd_control_reset
                0x100063cc       0x14 CMakeFiles/nrfTesting.dir/D_/VSARM/sdk/pico/pico-sdk/lib/tinyusb/src/device/usbd_control.c.obj
                0x100063cc                usbd_control_reset
 .text.usbd_control_set_complete_callback
                0x100063e0        0xc CMakeFiles/nrfTesting.dir/D_/VSARM/sdk/pico/pico-sdk/lib/tinyusb/src/device/usbd_control.c.obj
                0x100063e0                usbd_control_set_complete_callback
 .text.usbd_control_set_request
                0x100063ec       0x1c CMakeFiles/nrfTesting.dir/D_/VSARM/sdk/pico/pico-sdk/lib/tinyusb/src/device/usbd_control.c.obj
                0x100063ec                usbd_control_set_request
 .text.usbd_control_xfer_cb
                0x10006408       0xf4 CMakeFiles/nrfTesting.dir/D_/VSARM/sdk/pico/pico-sdk/lib/tinyusb/src/device/usbd_control.c.obj
                0x10006408                usbd_control_xfer_cb
 .text.tud_cdc_n_connected
                0x100064fc       0x30 CMakeFiles/nrfTesting.dir/D_/VSARM/sdk/pico/pico-sdk/lib/tinyusb/src/class/cdc/cdc_device.c.obj
                0x100064fc                tud_cdc_n_connected
 .text.tud_cdc_n_available
                0x1000652c       0x18 CMakeFiles/nrfTesting.dir/D_/VSARM/sdk/pico/pico-sdk/lib/tinyusb/src/class/cdc/cdc_device.c.obj
                0x1000652c                tud_cdc_n_available
 .text.tud_cdc_n_read
                0x10006544       0x70 CMakeFiles/nrfTesting.dir/D_/VSARM/sdk/pico/pico-sdk/lib/tinyusb/src/class/cdc/cdc_device.c.obj
                0x10006544                tud_cdc_n_read
 .text.tud_cdc_n_write_flush
                0x100065b4       0x78 CMakeFiles/nrfTesting.dir/D_/VSARM/sdk/pico/pico-sdk/lib/tinyusb/src/class/cdc/cdc_device.c.obj
                0x100065b4                tud_cdc_n_write_flush
 .text.tud_cdc_n_write
                0x1000662c       0x34 CMakeFiles/nrfTesting.dir/D_/VSARM/sdk/pico/pico-sdk/lib/tinyusb/src/class/cdc/cdc_device.c.obj
                0x1000662c                tud_cdc_n_write
 .text.tud_cdc_n_write_available
                0x10006660       0x18 CMakeFiles/nrfTesting.dir/D_/VSARM/sdk/pico/pico-sdk/lib/tinyusb/src/class/cdc/cdc_device.c.obj
                0x10006660                tud_cdc_n_write_available
 .text.cdcd_init
                0x10006678       0x7c CMakeFiles/nrfTesting.dir/D_/VSARM/sdk/pico/pico-sdk/lib/tinyusb/src/class/cdc/cdc_device.c.obj
                0x10006678                cdcd_init
 .text.cdcd_reset
                0x100066f4       0x2c CMakeFiles/nrfTesting.dir/D_/VSARM/sdk/pico/pico-sdk/lib/tinyusb/src/class/cdc/cdc_device.c.obj
                0x100066f4                cdcd_reset
 .text.cdcd_open
                0x10006720       0xe4 CMakeFiles/nrfTesting.dir/D_/VSARM/sdk/pico/pico-sdk/lib/tinyusb/src/class/cdc/cdc_device.c.obj
                0x10006720                cdcd_open
 .text.cdcd_control_xfer_cb
                0x10006804       0xe4 CMakeFiles/nrfTesting.dir/D_/VSARM/sdk/pico/pico-sdk/lib/tinyusb/src/class/cdc/cdc_device.c.obj
                0x10006804                cdcd_control_xfer_cb
 .text.cdcd_xfer_cb
                0x100068e8      0x13c CMakeFiles/nrfTesting.dir/D_/VSARM/sdk/pico/pico-sdk/lib/tinyusb/src/class/cdc/cdc_device.c.obj
                0x100068e8                cdcd_xfer_cb
 .text.tusb_init
                0x10006a24        0xc CMakeFiles/nrfTesting.dir/D_/VSARM/sdk/pico/pico-sdk/lib/tinyusb/src/tusb.c.obj
                0x10006a24                tusb_init
 .text.tusb_inited
                0x10006a30        0x8 CMakeFiles/nrfTesting.dir/D_/VSARM/sdk/pico/pico-sdk/lib/tinyusb/src/tusb.c.obj
                0x10006a30                tusb_inited
 .text.tu_edpt_claim
                0x10006a38       0x50 CMakeFiles/nrfTesting.dir/D_/VSARM/sdk/pico/pico-sdk/lib/tinyusb/src/tusb.c.obj
                0x10006a38                tu_edpt_claim
 .text.tu_edpt_release
                0x10006a88       0x38 CMakeFiles/nrfTesting.dir/D_/VSARM/sdk/pico/pico-sdk/lib/tinyusb/src/tusb.c.obj
                0x10006a88                tu_edpt_release
 .text.tu_edpt_validate
                0x10006ac0       0x7c CMakeFiles/nrfTesting.dir/D_/VSARM/sdk/pico/pico-sdk/lib/tinyusb/src/tusb.c.obj
                0x10006ac0                tu_edpt_validate
 .text.tu_edpt_bind_driver
                0x10006b3c       0x34 CMakeFiles/nrfTesting.dir/D_/VSARM/sdk/pico/pico-sdk/lib/tinyusb/src/tusb.c.obj
                0x10006b3c                tu_edpt_bind_driver
 .text.tu_fifo_config
                0x10006b70       0x6c CMakeFiles/nrfTesting.dir/D_/VSARM/sdk/pico/pico-sdk/lib/tinyusb/src/common/tusb_fifo.c.obj
                0x10006b70                tu_fifo_config
 .text.tu_fifo_count
                0x10006bdc       0x2c CMakeFiles/nrfTesting.dir/D_/VSARM/sdk/pico/pico-sdk/lib/tinyusb/src/common/tusb_fifo.c.obj
                0x10006bdc                tu_fifo_count
 .text.tu_fifo_empty
                0x10006c08       0x10 CMakeFiles/nrfTesting.dir/D_/VSARM/sdk/pico/pico-sdk/lib/tinyusb/src/common/tusb_fifo.c.obj
                0x10006c08                tu_fifo_empty
 .text.tu_fifo_remaining
                0x10006c18       0x2c CMakeFiles/nrfTesting.dir/D_/VSARM/sdk/pico/pico-sdk/lib/tinyusb/src/common/tusb_fifo.c.obj
                0x10006c18                tu_fifo_remaining
 .text.tu_fifo_read
                0x10006c44       0x9c CMakeFiles/nrfTesting.dir/D_/VSARM/sdk/pico/pico-sdk/lib/tinyusb/src/common/tusb_fifo.c.obj
                0x10006c44                tu_fifo_read
 .text.tu_fifo_read_n
                0x10006ce0       0xe8 CMakeFiles/nrfTesting.dir/D_/VSARM/sdk/pico/pico-sdk/lib/tinyusb/src/common/tusb_fifo.c.obj
                0x10006ce0                tu_fifo_read_n
 .text.tu_fifo_write
                0x10006dc8       0x88 CMakeFiles/nrfTesting.dir/D_/VSARM/sdk/pico/pico-sdk/lib/tinyusb/src/common/tusb_fifo.c.obj
                0x10006dc8                tu_fifo_write
 .text.tu_fifo_write_n
                0x10006e50      0x178 CMakeFiles/nrfTesting.dir/D_/VSARM/sdk/pico/pico-sdk/lib/tinyusb/src/common/tusb_fifo.c.obj
                0x10006e50                tu_fifo_write_n
 .text.tu_fifo_clear
                0x10006fc8       0x40 CMakeFiles/nrfTesting.dir/D_/VSARM/sdk/pico/pico-sdk/lib/tinyusb/src/common/tusb_fifo.c.obj
                0x10006fc8                tu_fifo_clear
 .text.tu_fifo_set_overwritable
                0x10007008       0x48 CMakeFiles/nrfTesting.dir/D_/VSARM/sdk/pico/pico-sdk/lib/tinyusb/src/common/tusb_fifo.c.obj
                0x10007008                tu_fifo_set_overwritable
 .text.spi_init
                0x10007050      0x150 CMakeFiles/nrfTesting.dir/D_/VSARM/sdk/pico/pico-sdk/src/rp2_common/hardware_spi/spi.c.obj
                0x10007050                spi_init
 .text.i2c_set_baudrate
                0x100071a0       0xc4 CMakeFiles/nrfTesting.dir/D_/VSARM/sdk/pico/pico-sdk/src/rp2_common/hardware_i2c/i2c.c.obj
                0x100071a0                i2c_set_baudrate
 .text.i2c_init
                0x10007264       0x54 CMakeFiles/nrfTesting.dir/D_/VSARM/sdk/pico/pico-sdk/src/rp2_common/hardware_i2c/i2c.c.obj
                0x10007264                i2c_init
 .text.i2c_write_blocking
                0x100072b8       0xd0 CMakeFiles/nrfTesting.dir/D_/VSARM/sdk/pico/pico-sdk/src/rp2_common/hardware_i2c/i2c.c.obj
                0x100072b8                i2c_write_blocking
 .text.i2c_read_blocking
                0x10007388       0x90 CMakeFiles/nrfTesting.dir/D_/VSARM/sdk/pico/pico-sdk/src/rp2_common/hardware_i2c/i2c.c.obj
                0x10007388                i2c_read_blocking
 .text.adc_init
                0x10007418       0x38 CMakeFiles/nrfTesting.dir/D_/VSARM/sdk/pico/pico-sdk/src/rp2_common/hardware_adc/adc.c.obj
                0x10007418                adc_init
 .text.strlen   0x10007450       0x5c d:/program files2/gnu tool chain/12.3 rel1/bin/../lib/gcc/arm-none-eabi/12.3.1/thumb/v6-m/nofp\libc.a(libc_a-strlen-stub.o)
                0x10007450                strlen
 *(.fini)
 .fini          0x100074ac        0x4 d:/program files2/gnu tool chain/12.3 rel1/bin/../lib/gcc/arm-none-eabi/12.3.1/thumb/v6-m/nofp/crti.o
                0x100074ac                _fini
 .fini.__stub   0x100074b0       0xe0 linker stubs
 *crtbegin.o(.ctors)
 *crtbegin?.o(.ctors)
 *(EXCLUDE_FILE(*crtend.o *crtend?.o) .ctors)
 *(SORT_BY_NAME(.ctors.*))
 *(.ctors)
 *crtbegin.o(.dtors)
 *crtbegin?.o(.dtors)
 *(EXCLUDE_FILE(*crtend.o *crtend?.o) .dtors)
 *(SORT_BY_NAME(.dtors.*))
 *(.dtors)
 *(.eh_frame*)
 .eh_frame      0x10007590        0x0 d:/program files2/gnu tool chain/12.3 rel1/bin/../lib/gcc/arm-none-eabi/12.3.1/thumb/v6-m/nofp/crtbegin.o
                0x10007590                        . = ALIGN (0x4)

.glue_7         0x10007590        0x0
 .glue_7        0x10007590        0x0 linker stubs

.glue_7t        0x10007590        0x0
 .glue_7t       0x10007590        0x0 linker stubs

.vfp11_veneer   0x10007590        0x0
 .vfp11_veneer  0x10007590        0x0 linker stubs

.v4_bx          0x10007590        0x0
 .v4_bx         0x10007590        0x0 linker stubs

.iplt           0x10007590        0x0
 .iplt          0x10007590        0x0 d:/program files2/gnu tool chain/12.3 rel1/bin/../lib/gcc/arm-none-eabi/12.3.1/thumb/v6-m/nofp/crtbegin.o

.rodata         0x10007590      0x540
 *(EXCLUDE_FILE(*libm.a: *libc.a:*lib_a-mem*.o *libgcc.a:) .rodata*)
 .rodata.main.str1.4
                0x10007590       0x28 CMakeFiles/nrfTesting.dir/main.c.obj
 .rodata.nrf_receive_data.str1.4
                0x100075b8       0x3c CMakeFiles/nrfTesting.dir/Nrf.c.obj
 .rodata.nrf_send_data.str1.4
                0x100075f4        0x4 CMakeFiles/nrfTesting.dir/Nrf.c.obj
 .rodata.spin_lock_claim_unused.str1.4
                0x100075f8       0x1b CMakeFiles/nrfTesting.dir/D_/VSARM/sdk/pico/pico-sdk/src/rp2_common/hardware_sync/sync.c.obj
 *fill*         0x10007613        0x1 
 .rodata.user_irq_claim_unused.str1.4
                0x10007614       0x1b CMakeFiles/nrfTesting.dir/D_/VSARM/sdk/pico/pico-sdk/src/rp2_common/hardware_irq/irq.c.obj
 *fill*         0x1000762f        0x1 
 .rodata.hardware_alarm_claim.str1.4
                0x10007630       0x22 CMakeFiles/nrfTesting.dir/D_/VSARM/sdk/pico/pico-sdk/src/rp2_common/hardware_timer/timer.c.obj
 *fill*         0x10007652        0x2 
 .rodata.panic.str1.4
                0x10007654       0x12 CMakeFiles/nrfTesting.dir/D_/VSARM/sdk/pico/pico-sdk/src/rp2_common/pico_runtime/runtime.c.obj
 *fill*         0x10007666        0x2 
 .rodata.hard_assertion_failure.str1.4
                0x10007668        0xc CMakeFiles/nrfTesting.dir/D_/VSARM/sdk/pico/pico-sdk/src/rp2_common/pico_runtime/runtime.c.obj
 .rodata._ftoa.str1.4
                0x10007674       0x15 CMakeFiles/nrfTesting.dir/D_/VSARM/sdk/pico/pico-sdk/src/rp2_common/pico_printf/printf.c.obj
 *fill*         0x10007689        0x3 
 .rodata._vsnprintf
                0x1000768c      0x19c CMakeFiles/nrfTesting.dir/D_/VSARM/sdk/pico/pico-sdk/src/rp2_common/pico_printf/printf.c.obj
 .rodata.pow10.0
                0x10007828       0x50 CMakeFiles/nrfTesting.dir/D_/VSARM/sdk/pico/pico-sdk/src/rp2_common/pico_printf/printf.c.obj
 .rodata.str1.4
                0x10007878       0x40 CMakeFiles/nrfTesting.dir/D_/VSARM/sdk/pico/pico-sdk/src/rp2_common/pico_standard_link/binary_info.c.obj
 .rodata.__bi_81
                0x100078b8        0xc CMakeFiles/nrfTesting.dir/D_/VSARM/sdk/pico/pico-sdk/src/rp2_common/pico_standard_link/binary_info.c.obj
 .rodata.__bi_75
                0x100078c4        0xc CMakeFiles/nrfTesting.dir/D_/VSARM/sdk/pico/pico-sdk/src/rp2_common/pico_standard_link/binary_info.c.obj
 .rodata.__bi_44
                0x100078d0        0xc CMakeFiles/nrfTesting.dir/D_/VSARM/sdk/pico/pico-sdk/src/rp2_common/pico_standard_link/binary_info.c.obj
 .rodata.crlf_str.0
                0x100078dc        0x2 CMakeFiles/nrfTesting.dir/D_/VSARM/sdk/pico/pico-sdk/src/rp2_common/pico_stdio/stdio.c.obj
 *fill*         0x100078de        0x2 
 .rodata._resetd_driver
                0x100078e0       0x18 CMakeFiles/nrfTesting.dir/D_/VSARM/sdk/pico/pico-sdk/src/rp2_common/pico_stdio_usb/reset_interface.c.obj
 .rodata.str1.4
                0x100078f8       0x13 CMakeFiles/nrfTesting.dir/D_/VSARM/sdk/pico/pico-sdk/src/rp2_common/pico_stdio_usb/stdio_usb.c.obj
 *fill*         0x1000790b        0x1 
 .rodata.__bi_182.0
                0x1000790c        0xc CMakeFiles/nrfTesting.dir/D_/VSARM/sdk/pico/pico-sdk/src/rp2_common/pico_stdio_usb/stdio_usb.c.obj
 .rodata.str1.4
                0x10007918       0x2a CMakeFiles/nrfTesting.dir/D_/VSARM/sdk/pico/pico-sdk/src/rp2_common/pico_stdio_usb/stdio_usb_descriptors.c.obj
 *fill*         0x10007942        0x2 
 .rodata.usbd_desc_str
                0x10007944       0x18 CMakeFiles/nrfTesting.dir/D_/VSARM/sdk/pico/pico-sdk/src/rp2_common/pico_stdio_usb/stdio_usb_descriptors.c.obj
 .rodata.usbd_desc_cfg
                0x1000795c       0x54 CMakeFiles/nrfTesting.dir/D_/VSARM/sdk/pico/pico-sdk/src/rp2_common/pico_stdio_usb/stdio_usb_descriptors.c.obj
 .rodata.usbd_desc_device
                0x100079b0       0x12 CMakeFiles/nrfTesting.dir/D_/VSARM/sdk/pico/pico-sdk/src/rp2_common/pico_stdio_usb/stdio_usb_descriptors.c.obj
 *fill*         0x100079c2        0x2 
 .rodata.str1.4
                0x100079c4       0x14 CMakeFiles/nrfTesting.dir/D_/VSARM/sdk/pico/pico-sdk/lib/tinyusb/src/portable/raspberrypi/rp2040/dcd_rp2040.c.obj
 .rodata.str1.4
                0x100079d8       0x53 CMakeFiles/nrfTesting.dir/D_/VSARM/sdk/pico/pico-sdk/lib/tinyusb/src/portable/raspberrypi/rp2040/rp2040_usb.c.obj
 *fill*         0x10007a2b        0x1 
 .rodata.tud_task_ext
                0x10007a2c       0x8c CMakeFiles/nrfTesting.dir/D_/VSARM/sdk/pico/pico-sdk/lib/tinyusb/src/device/usbd.c.obj
 .rodata._usbd_driver
                0x10007ab8       0x18 CMakeFiles/nrfTesting.dir/D_/VSARM/sdk/pico/pico-sdk/lib/tinyusb/src/device/usbd.c.obj
                0x10007ad0                        . = ALIGN (0x4)
 *(SORT_BY_ALIGNMENT(SORT_BY_NAME(.flashdata*)))
                0x10007ad0                        . = ALIGN (0x4)

.ARM.extab
 *(.ARM.extab* .gnu.linkonce.armextab.*)
                0x10007ad0                        __exidx_start = .

.ARM.exidx
 *(.ARM.exidx* .gnu.linkonce.armexidx.*)
                0x10007ad0                        __exidx_end = .
                0x10007ad0                        . = ALIGN (0x4)
                0x10007ad0                        __binary_info_start = .

.binary_info    0x10007ad0       0x20
 *(.binary_info.keep.*)
 .binary_info.keep.__bi_ptr81
                0x10007ad0        0x4 CMakeFiles/nrfTesting.dir/D_/VSARM/sdk/pico/pico-sdk/src/rp2_common/pico_standard_link/binary_info.c.obj
 .binary_info.keep.__bi_ptr75
                0x10007ad4        0x4 CMakeFiles/nrfTesting.dir/D_/VSARM/sdk/pico/pico-sdk/src/rp2_common/pico_standard_link/binary_info.c.obj
 .binary_info.keep.__bi_ptr50
                0x10007ad8        0x4 CMakeFiles/nrfTesting.dir/D_/VSARM/sdk/pico/pico-sdk/src/rp2_common/pico_standard_link/binary_info.c.obj
 .binary_info.keep.__bi_ptr44
                0x10007adc        0x4 CMakeFiles/nrfTesting.dir/D_/VSARM/sdk/pico/pico-sdk/src/rp2_common/pico_standard_link/binary_info.c.obj
 .binary_info.keep.__bi_ptr38
                0x10007ae0        0x4 CMakeFiles/nrfTesting.dir/D_/VSARM/sdk/pico/pico-sdk/src/rp2_common/pico_standard_link/binary_info.c.obj
 .binary_info.keep.__bi_ptr30
                0x10007ae4        0x4 CMakeFiles/nrfTesting.dir/D_/VSARM/sdk/pico/pico-sdk/src/rp2_common/pico_standard_link/binary_info.c.obj
 .binary_info.keep.__bi_ptr22
                0x10007ae8        0x4 CMakeFiles/nrfTesting.dir/D_/VSARM/sdk/pico/pico-sdk/src/rp2_common/pico_standard_link/binary_info.c.obj
 *(.binary_info.*)
 .binary_info.__bi_ptr182
                0x10007aec        0x4 CMakeFiles/nrfTesting.dir/D_/VSARM/sdk/pico/pico-sdk/src/rp2_common/pico_stdio_usb/stdio_usb.c.obj
                0x10007af0                        __binary_info_end = .

.rel.dyn        0x10007af0        0x0
 .rel.iplt      0x10007af0        0x0 d:/program files2/gnu tool chain/12.3 rel1/bin/../lib/gcc/arm-none-eabi/12.3.1/thumb/v6-m/nofp/crtbegin.o
                0x10007af0                        . = ALIGN (0x4)

.ram_vector_table
                0x20000000       0xc0
 *(.ram_vector_table)
 .ram_vector_table
                0x20000000       0xc0 CMakeFiles/nrfTesting.dir/D_/VSARM/sdk/pico/pico-sdk/src/rp2_common/pico_runtime/runtime.c.obj
                0x20000000                ram_vector_table

.data           0x200000c0      0xef8 load address 0x10007af0
                0x200000c0                        __data_start__ = .
 *(vtable)
 *(.time_critical*)
 .time_critical.mutex_try_enter
                0x200000c0       0x40 CMakeFiles/nrfTesting.dir/D_/VSARM/sdk/pico/pico-sdk/src/common/pico_sync/mutex.c.obj
                0x200000c0                mutex_try_enter
 .time_critical.mutex_try_enter_block_until
                0x20000100       0x9c CMakeFiles/nrfTesting.dir/D_/VSARM/sdk/pico/pico-sdk/src/common/pico_sync/mutex.c.obj
                0x20000100                mutex_try_enter_block_until
 .time_critical.mutex_enter_timeout_ms
                0x2000019c       0x90 CMakeFiles/nrfTesting.dir/D_/VSARM/sdk/pico/pico-sdk/src/common/pico_sync/mutex.c.obj
                0x2000019c                mutex_enter_timeout_ms
 .time_critical.mutex_exit
                0x2000022c       0x28 CMakeFiles/nrfTesting.dir/D_/VSARM/sdk/pico/pico-sdk/src/common/pico_sync/mutex.c.obj
                0x2000022c                mutex_exit
 .time_critical.flash_init_boot2_copyout
                0x20000254       0x30 CMakeFiles/nrfTesting.dir/D_/VSARM/sdk/pico/pico-sdk/src/rp2_common/hardware_flash/flash.c.obj
 .time_critical.flash_enable_xip_via_boot2
                0x20000284        0xc CMakeFiles/nrfTesting.dir/D_/VSARM/sdk/pico/pico-sdk/src/rp2_common/hardware_flash/flash.c.obj
 .time_critical.flash_cs_force
                0x20000290       0x38 CMakeFiles/nrfTesting.dir/D_/VSARM/sdk/pico/pico-sdk/src/rp2_common/hardware_flash/flash.c.obj
 .time_critical.flash_do_cmd
                0x200002c8       0xc0 CMakeFiles/nrfTesting.dir/D_/VSARM/sdk/pico/pico-sdk/src/rp2_common/hardware_flash/flash.c.obj
                0x200002c8                flash_do_cmd
 .time_critical.reset_non_control_endpoints
                0x20000388       0x68 CMakeFiles/nrfTesting.dir/D_/VSARM/sdk/pico/pico-sdk/lib/tinyusb/src/portable/raspberrypi/rp2040/dcd_rp2040.c.obj
 .time_critical.hw_handle_buff_status
                0x200003f0       0xac CMakeFiles/nrfTesting.dir/D_/VSARM/sdk/pico/pico-sdk/lib/tinyusb/src/portable/raspberrypi/rp2040/dcd_rp2040.c.obj
 .time_critical.dcd_rp2040_irq
                0x2000049c      0x510 CMakeFiles/nrfTesting.dir/D_/VSARM/sdk/pico/pico-sdk/lib/tinyusb/src/portable/raspberrypi/rp2040/dcd_rp2040.c.obj
 .time_critical.e15_is_bulkin_ep
                0x200009ac       0x28 CMakeFiles/nrfTesting.dir/D_/VSARM/sdk/pico/pico-sdk/lib/tinyusb/src/portable/raspberrypi/rp2040/rp2040_usb.c.obj
 .time_critical.e15_is_critical_frame_period
                0x200009d4       0x34 CMakeFiles/nrfTesting.dir/D_/VSARM/sdk/pico/pico-sdk/lib/tinyusb/src/portable/raspberrypi/rp2040/rp2040_usb.c.obj
 .time_critical.prepare_ep_buffer
                0x20000a08       0x6c CMakeFiles/nrfTesting.dir/D_/VSARM/sdk/pico/pico-sdk/lib/tinyusb/src/portable/raspberrypi/rp2040/rp2040_usb.c.obj
 .time_critical.sync_ep_buffer
                0x20000a74       0x48 CMakeFiles/nrfTesting.dir/D_/VSARM/sdk/pico/pico-sdk/lib/tinyusb/src/portable/raspberrypi/rp2040/rp2040_usb.c.obj
 .time_critical._hw_endpoint_xfer_sync
                0x20000abc       0x28 CMakeFiles/nrfTesting.dir/D_/VSARM/sdk/pico/pico-sdk/lib/tinyusb/src/portable/raspberrypi/rp2040/rp2040_usb.c.obj
 .time_critical.hw_endpoint_reset_transfer
                0x20000ae4        0xc CMakeFiles/nrfTesting.dir/D_/VSARM/sdk/pico/pico-sdk/lib/tinyusb/src/portable/raspberrypi/rp2040/rp2040_usb.c.obj
                0x20000ae4                hw_endpoint_reset_transfer
 .time_critical._hw_endpoint_buffer_control_update32
                0x20000af0       0x58 CMakeFiles/nrfTesting.dir/D_/VSARM/sdk/pico/pico-sdk/lib/tinyusb/src/portable/raspberrypi/rp2040/rp2040_usb.c.obj
                0x20000af0                _hw_endpoint_buffer_control_update32
 .time_critical.hw_endpoint_start_next_buffer
                0x20000b48       0x6c CMakeFiles/nrfTesting.dir/D_/VSARM/sdk/pico/pico-sdk/lib/tinyusb/src/portable/raspberrypi/rp2040/rp2040_usb.c.obj
                0x20000b48                hw_endpoint_start_next_buffer
 .time_critical.hw_endpoint_xfer_continue
                0x20000bb4       0x50 CMakeFiles/nrfTesting.dir/D_/VSARM/sdk/pico/pico-sdk/lib/tinyusb/src/portable/raspberrypi/rp2040/rp2040_usb.c.obj
                0x20000bb4                hw_endpoint_xfer_continue
 .time_critical.tinyusb
                0x20000c04      0x170 CMakeFiles/nrfTesting.dir/D_/VSARM/sdk/pico/pico-sdk/lib/tinyusb/src/device/usbd.c.obj
                0x20000c04                dcd_event_handler
 .time_critical.spi_write_blocking
                0x20000d74       0x4c CMakeFiles/nrfTesting.dir/D_/VSARM/sdk/pico/pico-sdk/src/rp2_common/hardware_spi/spi.c.obj
                0x20000d74                spi_write_blocking
 .time_critical.spi_read_blocking
                0x20000dc0       0x68 CMakeFiles/nrfTesting.dir/D_/VSARM/sdk/pico/pico-sdk/src/rp2_common/hardware_spi/spi.c.obj
                0x20000dc0                spi_read_blocking
 *(.text*)
 .text          0x20000e28        0x4 d:/program files2/gnu tool chain/12.3 rel1/bin/../lib/gcc/arm-none-eabi/12.3.1/thumb/v6-m/nofp\libgcc.a(_dvmd_tls.o)
                0x20000e28                __aeabi_idiv0
                0x20000e28                __aeabi_ldiv0
 *fill*         0x20000e2c        0x4 
 .text.__stub   0x20000e30       0x70 linker stubs
                0x20000ea0                        . = ALIGN (0x4)
 *(.rodata*)
                0x20000ea0                        . = ALIGN (0x4)
 *(.data*)
 .data.nrf_pins
                0x20000ea0        0x5 CMakeFiles/nrfTesting.dir/main.c.obj
                0x20000ea0                nrf_pins
 *fill*         0x20000ea5        0x3 
 .data.rx_addr_p0
                0x20000ea8        0x5 CMakeFiles/nrfTesting.dir/Nrf.c.obj
                0x20000ea8                rx_addr_p0
 *fill*         0x20000ead        0x3 
 .data.tx_addr_p0
                0x20000eb0        0x5 CMakeFiles/nrfTesting.dir/Nrf.c.obj
                0x20000eb0                tx_addr_p0
 .data.striped_spin_lock_num
                0x20000eb5        0x1 CMakeFiles/nrfTesting.dir/D_/VSARM/sdk/pico/pico-sdk/src/rp2_common/hardware_sync/sync.c.obj
 *fill*         0x20000eb6        0x2 
 .data          0x20000eb8       0x48 CMakeFiles/nrfTesting.dir/D_/VSARM/sdk/pico/pico-sdk/src/rp2_common/hardware_irq/irq_handler_chain.S.obj
                0x20000eb8                irq_handler_chain_slots
                0x20000ee8                irq_handler_chain_first_slot
                0x20000ef2                irq_handler_chain_remove_tail
 .data.default_alarm_pool
                0x20000f00       0x18 CMakeFiles/nrfTesting.dir/D_/VSARM/sdk/pico/pico-sdk/src/common/pico_time/time.c.obj
 .data.default_alarm_pool_heap
                0x20000f18       0x10 CMakeFiles/nrfTesting.dir/D_/VSARM/sdk/pico/pico-sdk/src/common/pico_time/time.c.obj
 *fill*         0x20000f28        0x8 
 .data.aeabi_bits_funcs
                0x20000f30       0x10 CMakeFiles/nrfTesting.dir/D_/VSARM/sdk/pico/pico-sdk/src/rp2_common/pico_bit_ops/bit_ops_aeabi.S.obj
                0x20000f30                aeabi_bits_funcs
                0x20000f40                aeabi_bits_funcs_end
 .data.aeabi_mem_funcs
                0x20000f40       0x10 CMakeFiles/nrfTesting.dir/D_/VSARM/sdk/pico/pico-sdk/src/rp2_common/pico_mem_ops/mem_ops_aeabi.S.obj
                0x20000f40                aeabi_mem_funcs
                0x20000f50                aeabi_mem_funcs_end
 .data.stdio_usb
                0x20000f50       0x18 CMakeFiles/nrfTesting.dir/D_/VSARM/sdk/pico/pico-sdk/src/rp2_common/pico_stdio_usb/stdio_usb.c.obj
                0x20000f50                stdio_usb
 .data.ep_dir_string
                0x20000f68        0x8 CMakeFiles/nrfTesting.dir/D_/VSARM/sdk/pico/pico-sdk/lib/tinyusb/src/portable/raspberrypi/rp2040/rp2040_usb.c.obj
                0x20000f68                ep_dir_string
 .data._usbd_qdef
                0x20000f70       0x1c CMakeFiles/nrfTesting.dir/D_/VSARM/sdk/pico/pico-sdk/lib/tinyusb/src/device/usbd.c.obj
                0x20000f70                _usbd_qdef
 .data._usbd_rhport
                0x20000f8c        0x1 CMakeFiles/nrfTesting.dir/D_/VSARM/sdk/pico/pico-sdk/lib/tinyusb/src/device/usbd.c.obj
 *fill*         0x20000f8d        0x3 
 .data.i2c0_inst
                0x20000f90        0x8 CMakeFiles/nrfTesting.dir/D_/VSARM/sdk/pico/pico-sdk/src/rp2_common/hardware_i2c/i2c.c.obj
                0x20000f90                i2c0_inst
                0x20000f98                        . = ALIGN (0x4)
 *(.after_data.*)
                0x20000f98                        . = ALIGN (0x4)
                0x20000f98                        PROVIDE (__mutex_array_start = .)
 *(SORT_BY_NAME(.mutex_array.*))
 *(.mutex_array)
 .mutex_array   0x20000f98        0x8 CMakeFiles/nrfTesting.dir/D_/VSARM/sdk/pico/pico-sdk/src/rp2_common/pico_stdio/stdio.c.obj
                0x20000fa0                        PROVIDE (__mutex_array_end = .)
                0x20000fa0                        . = ALIGN (0x4)
                0x20000fa0                        PROVIDE (__preinit_array_start = .)
 *(SORT_BY_NAME(.preinit_array.*))
 .preinit_array.00001
                0x20000fa0        0x4 CMakeFiles/nrfTesting.dir/D_/VSARM/sdk/pico/pico-sdk/src/rp2_common/pico_mem_ops/mem_ops_aeabi.S.obj
 .preinit_array.00010
                0x20000fa4        0x4 CMakeFiles/nrfTesting.dir/D_/VSARM/sdk/pico/pico-sdk/src/rp2_common/pico_bit_ops/bit_ops_aeabi.S.obj
 .preinit_array.00020
                0x20000fa8        0x4 CMakeFiles/nrfTesting.dir/D_/VSARM/sdk/pico/pico-sdk/src/rp2_common/pico_double/double_aeabi.S.obj
 .preinit_array.00020
                0x20000fac        0x4 CMakeFiles/nrfTesting.dir/D_/VSARM/sdk/pico/pico-sdk/src/rp2_common/pico_float/float_aeabi.S.obj
 *(.preinit_array)
                0x20000fb0                        PROVIDE (__preinit_array_end = .)
                0x20000fb0                        . = ALIGN (0x4)
                0x20000fb0                        PROVIDE (__init_array_start = .)
 *(SORT_BY_NAME(.init_array.*))
 *(.init_array)
 .init_array    0x20000fb0        0x4 d:/program files2/gnu tool chain/12.3 rel1/bin/../lib/gcc/arm-none-eabi/12.3.1/thumb/v6-m/nofp/crtbegin.o
 .init_array    0x20000fb4        0x4 CMakeFiles/nrfTesting.dir/D_/VSARM/sdk/pico/pico-sdk/src/rp2_common/pico_unique_id/unique_id.c.obj
                0x20000fb8                        PROVIDE (__init_array_end = .)
                0x20000fb8                        . = ALIGN (0x4)
                [!provide]                        PROVIDE (__fini_array_start = .)
 *(SORT_BY_NAME(.fini_array.*))
 *(.fini_array)
                [!provide]                        PROVIDE (__fini_array_end = .)
 *(.jcr)
                0x20000fb8                        . = ALIGN (0x4)
                0x20000fb8                        __data_end__ = .
                0x10007af0                        __etext = LOADADDR (.data)

.tm_clone_table
                0x20000fb8        0x0 load address 0x100089e8
 .tm_clone_table
                0x20000fb8        0x0 d:/program files2/gnu tool chain/12.3 rel1/bin/../lib/gcc/arm-none-eabi/12.3.1/thumb/v6-m/nofp/crtbegin.o
 .tm_clone_table
                0x20000fb8        0x0 d:/program files2/gnu tool chain/12.3 rel1/bin/../lib/gcc/arm-none-eabi/12.3.1/thumb/v6-m/nofp/crtend.o

.igot.plt       0x20000fb8        0x0 load address 0x100089e8
 .igot.plt      0x20000fb8        0x0 d:/program files2/gnu tool chain/12.3 rel1/bin/../lib/gcc/arm-none-eabi/12.3.1/thumb/v6-m/nofp/crtbegin.o

.uninitialized_data
                0x20000fb8        0x0 load address 0x100089e8
                0x20000fb8                        . = ALIGN (0x4)
 *(.uninitialized_data*)

.scratch_x      0x20040000        0x0 load address 0x100089e8
                0x20040000                        __scratch_x_start__ = .
 *(.scratch_x.*)
                0x20040000                        . = ALIGN (0x4)
                0x20040000                        __scratch_x_end__ = .
                0x100089e8                        __scratch_x_source__ = LOADADDR (.scratch_x)

.scratch_y      0x20041000        0x0 load address 0x100089e8
                0x20041000                        __scratch_y_start__ = .
 *(.scratch_y.*)
                0x20041000                        . = ALIGN (0x4)
                0x20041000                        __scratch_y_end__ = .
                0x100089e8                        __scratch_y_source__ = LOADADDR (.scratch_y)

.bss            0x20000fb8      0xd84
                0x20000fb8                        . = ALIGN (0x4)
                0x20000fb8                        __bss_start__ = .
 *(SORT_BY_ALIGNMENT(SORT_BY_NAME(.bss*)))
 .bss.configured_freq
                0x20000fb8       0x28 CMakeFiles/nrfTesting.dir/D_/VSARM/sdk/pico/pico-sdk/src/rp2_common/hardware_clocks/clocks.c.obj
 .bss.default_alarm_pool_entries
                0x20000fe0      0x100 CMakeFiles/nrfTesting.dir/D_/VSARM/sdk/pico/pico-sdk/src/common/pico_time/time.c.obj
 .bss.last_avail_time.1
                0x200010e0        0x8 CMakeFiles/nrfTesting.dir/D_/VSARM/sdk/pico/pico-sdk/src/rp2_common/pico_stdio_usb/stdio_usb.c.obj
 .bss.sd_table  0x200010e8      0x100 CMakeFiles/nrfTesting.dir/D_/VSARM/sdk/pico/pico-sdk/src/rp2_common/pico_double/double_init_rom.c.obj
                0x200010e8                sd_table
 .bss.sf_table  0x200011e8      0x100 CMakeFiles/nrfTesting.dir/D_/VSARM/sdk/pico/pico-sdk/src/rp2_common/pico_float/float_init_rom.c.obj
                0x200011e8                sf_table
 .bss._app_driver
                0x200012e8        0x4 CMakeFiles/nrfTesting.dir/D_/VSARM/sdk/pico/pico-sdk/lib/tinyusb/src/device/usbd.c.obj
 .bss._cdcd_itf
                0x200012ec      0x2c8 CMakeFiles/nrfTesting.dir/D_/VSARM/sdk/pico/pico-sdk/lib/tinyusb/src/class/cdc/cdc_device.c.obj
 .bss._ctrl_xfer
                0x200015b4       0x14 CMakeFiles/nrfTesting.dir/D_/VSARM/sdk/pico/pico-sdk/lib/tinyusb/src/device/usbd_control.c.obj
 .bss._ubsd_mutexdef
                0x200015c8        0x8 CMakeFiles/nrfTesting.dir/D_/VSARM/sdk/pico/pico-sdk/lib/tinyusb/src/device/usbd.c.obj
 .bss._usbd_ctrl_buf
                0x200015d0       0x40 CMakeFiles/nrfTesting.dir/D_/VSARM/sdk/pico/pico-sdk/lib/tinyusb/src/device/usbd_control.c.obj
 .bss._usbd_dev
                0x20001610       0x53 CMakeFiles/nrfTesting.dir/D_/VSARM/sdk/pico/pico-sdk/lib/tinyusb/src/device/usbd.c.obj
 *fill*         0x20001663        0x1 
 .bss._usbd_mutex
                0x20001664        0x4 CMakeFiles/nrfTesting.dir/D_/VSARM/sdk/pico/pico-sdk/lib/tinyusb/src/device/usbd.c.obj
 .bss._usbd_q   0x20001668        0x4 CMakeFiles/nrfTesting.dir/D_/VSARM/sdk/pico/pico-sdk/lib/tinyusb/src/device/usbd.c.obj
 .bss._usbd_qdef_buf
                0x2000166c       0xc0 CMakeFiles/nrfTesting.dir/D_/VSARM/sdk/pico/pico-sdk/lib/tinyusb/src/device/usbd.c.obj
                0x2000166c                _usbd_qdef_buf
 .bss.alarm_callbacks
                0x2000172c       0x10 CMakeFiles/nrfTesting.dir/D_/VSARM/sdk/pico/pico-sdk/src/rp2_common/hardware_timer/timer.c.obj
 .bss.boot2_copyout
                0x2000173c      0x100 CMakeFiles/nrfTesting.dir/D_/VSARM/sdk/pico/pico-sdk/src/rp2_common/hardware_flash/flash.c.obj
 .bss.chars_available_callback
                0x2000183c        0x4 CMakeFiles/nrfTesting.dir/D_/VSARM/sdk/pico/pico-sdk/src/rp2_common/pico_stdio_usb/stdio_usb.c.obj
 .bss.chars_available_param
                0x20001840        0x4 CMakeFiles/nrfTesting.dir/D_/VSARM/sdk/pico/pico-sdk/src/rp2_common/pico_stdio_usb/stdio_usb.c.obj
 .bss.claimed   0x20001844        0x4 CMakeFiles/nrfTesting.dir/D_/VSARM/sdk/pico/pico-sdk/src/rp2_common/hardware_sync/sync.c.obj
 .bss.default_alarm_pool_entry_ids_high
                0x20001848       0x10 CMakeFiles/nrfTesting.dir/D_/VSARM/sdk/pico/pico-sdk/src/common/pico_time/time.c.obj
 .bss.default_alarm_pool_heap_nodes
                0x20001858       0x30 CMakeFiles/nrfTesting.dir/D_/VSARM/sdk/pico/pico-sdk/src/common/pico_time/time.c.obj
 .bss.desc_str.0
                0x20001888       0x28 CMakeFiles/nrfTesting.dir/D_/VSARM/sdk/pico/pico-sdk/src/rp2_common/pico_stdio_usb/stdio_usb_descriptors.c.obj
 .bss.drivers   0x200018b0        0x4 CMakeFiles/nrfTesting.dir/D_/VSARM/sdk/pico/pico-sdk/src/rp2_common/pico_stdio/stdio.c.obj
 .bss.e15_last_sof
                0x200018b4        0x4 CMakeFiles/nrfTesting.dir/D_/VSARM/sdk/pico/pico-sdk/lib/tinyusb/src/portable/raspberrypi/rp2040/rp2040_usb.c.obj
                0x200018b4                e15_last_sof
 .bss.filter    0x200018b8        0x4 CMakeFiles/nrfTesting.dir/D_/VSARM/sdk/pico/pico-sdk/src/rp2_common/pico_stdio/stdio.c.obj
 .bss.hw_endpoints
                0x200018bc      0x400 CMakeFiles/nrfTesting.dir/D_/VSARM/sdk/pico/pico-sdk/lib/tinyusb/src/portable/raspberrypi/rp2040/dcd_rp2040.c.obj
 .bss.lazy_vsnprintf
                0x20001cbc        0x4 CMakeFiles/nrfTesting.dir/D_/VSARM/sdk/pico/pico-sdk/src/rp2_common/pico_printf/printf.c.obj
 .bss.load_value
                0x20001cc0        0x4 CMakeFiles/nrfTesting.dir/D_/VSARM/sdk/pico/pico-sdk/src/rp2_common/hardware_watchdog/watchdog.c.obj
 .bss.next_buffer_ptr
                0x20001cc4        0x4 CMakeFiles/nrfTesting.dir/D_/VSARM/sdk/pico/pico-sdk/lib/tinyusb/src/portable/raspberrypi/rp2040/dcd_rp2040.c.obj
 .bss.object.0  0x20001cc8       0x18 d:/program files2/gnu tool chain/12.3 rel1/bin/../lib/gcc/arm-none-eabi/12.3.1/thumb/v6-m/nofp/crtbegin.o
 .bss.one_shot_timer_crit_sec
                0x20001ce0        0x8 CMakeFiles/nrfTesting.dir/D_/VSARM/sdk/pico/pico-sdk/src/rp2_common/pico_stdio_usb/stdio_usb.c.obj
 .bss.pools     0x20001ce8       0x10 CMakeFiles/nrfTesting.dir/D_/VSARM/sdk/pico/pico-sdk/src/common/pico_time/time.c.obj
 .bss.retrieved_id
                0x20001cf8        0x8 CMakeFiles/nrfTesting.dir/D_/VSARM/sdk/pico/pico-sdk/src/rp2_common/pico_unique_id/unique_id.c.obj
 .bss.sf_clz_func
                0x20001d00        0x4 CMakeFiles/nrfTesting.dir/D_/VSARM/sdk/pico/pico-sdk/src/rp2_common/pico_double/double_init_rom.c.obj
                0x20001d00                sf_clz_func
 .bss.sleep_notifier
                0x20001d04        0x4 CMakeFiles/nrfTesting.dir/D_/VSARM/sdk/pico/pico-sdk/src/common/pico_time/time.c.obj
 .bss.stdio_usb_mutex
                0x20001d08        0x8 CMakeFiles/nrfTesting.dir/D_/VSARM/sdk/pico/pico-sdk/src/rp2_common/pico_stdio_usb/stdio_usb.c.obj
 .bss.target_hi
                0x20001d10       0x10 CMakeFiles/nrfTesting.dir/D_/VSARM/sdk/pico/pico-sdk/src/rp2_common/hardware_timer/timer.c.obj
 .bss.usbd_serial_str
                0x20001d20       0x11 CMakeFiles/nrfTesting.dir/D_/VSARM/sdk/pico/pico-sdk/src/rp2_common/pico_stdio_usb/stdio_usb_descriptors.c.obj
 .bss._app_driver_count
                0x20001d31        0x1 CMakeFiles/nrfTesting.dir/D_/VSARM/sdk/pico/pico-sdk/lib/tinyusb/src/device/usbd.c.obj
 .bss._sof_enable
                0x20001d32        0x1 CMakeFiles/nrfTesting.dir/D_/VSARM/sdk/pico/pico-sdk/lib/tinyusb/src/portable/raspberrypi/rp2040/dcd_rp2040.c.obj
 .bss.boot2_copyout_valid
                0x20001d33        0x1 CMakeFiles/nrfTesting.dir/D_/VSARM/sdk/pico/pico-sdk/src/rp2_common/hardware_flash/flash.c.obj
 .bss.claimed   0x20001d34        0x1 CMakeFiles/nrfTesting.dir/D_/VSARM/sdk/pico/pico-sdk/src/rp2_common/hardware_timer/timer.c.obj
 .bss.irq_hander_chain_free_slot_head
                0x20001d35        0x1 CMakeFiles/nrfTesting.dir/D_/VSARM/sdk/pico/pico-sdk/src/rp2_common/hardware_irq/irq.c.obj
 .bss.itf_num   0x20001d36        0x1 CMakeFiles/nrfTesting.dir/D_/VSARM/sdk/pico/pico-sdk/src/rp2_common/pico_stdio_usb/reset_interface.c.obj
 .bss.low_priority_irq_num
                0x20001d37        0x1 CMakeFiles/nrfTesting.dir/D_/VSARM/sdk/pico/pico-sdk/src/rp2_common/pico_stdio_usb/stdio_usb.c.obj
 .bss.one_shot_timer_pending
                0x20001d38        0x1 CMakeFiles/nrfTesting.dir/D_/VSARM/sdk/pico/pico-sdk/src/rp2_common/pico_stdio_usb/stdio_usb.c.obj
 .bss.timer_callbacks_pending
                0x20001d39        0x1 CMakeFiles/nrfTesting.dir/D_/VSARM/sdk/pico/pico-sdk/src/rp2_common/hardware_timer/timer.c.obj
 .bss.user_irq_claimed
                0x20001d3a        0x1 CMakeFiles/nrfTesting.dir/D_/VSARM/sdk/pico/pico-sdk/src/rp2_common/hardware_irq/irq.c.obj
 *(COMMON)
                0x20001d3c                        . = ALIGN (0x4)
 *fill*         0x20001d3b        0x1 
                0x20001d3c                        __bss_end__ = .

.heap           0x20001d3c      0x800
                0x20001d3c                        __end__ = .
                0x20001d3c                        end = __end__
 *(.heap*)
 .heap          0x20001d3c      0x800 CMakeFiles/nrfTesting.dir/D_/VSARM/sdk/pico/pico-sdk/src/rp2_common/pico_standard_link/crt0.S.obj
                0x2000253c                        __HeapLimit = .

.stack1_dummy
 *(.stack1*)

.stack_dummy    0x20041000      0x800
 *(.stack*)
 .stack         0x20041000      0x800 CMakeFiles/nrfTesting.dir/D_/VSARM/sdk/pico/pico-sdk/src/rp2_common/pico_standard_link/crt0.S.obj

.flash_end      0x100089e8        0x0
                0x100089e8                        PROVIDE (__flash_binary_end = .)
                0x20040000                        __StackLimit = (ORIGIN (RAM) + LENGTH (RAM))
                0x20041000                        __StackOneTop = (ORIGIN (SCRATCH_X) + LENGTH (SCRATCH_X))
                0x20042000                        __StackTop = (ORIGIN (SCRATCH_Y) + LENGTH (SCRATCH_Y))
                0x20041000                        __StackOneBottom = (__StackOneTop - SIZEOF (.stack1_dummy))
                0x20041800                        __StackBottom = (__StackTop - SIZEOF (.stack_dummy))
                0x20042000                        PROVIDE (__stack = __StackTop)
                0x00000001                        ASSERT ((__StackLimit >= __HeapLimit), region RAM overflowed)
                0x00000001                        ASSERT (((__binary_info_header_end - __logical_binary_start) <= 0x100), Binary info must be in first 256 bytes of the binary)
LOAD CMakeFiles/nrfTesting.dir/main.c.obj
LOAD CMakeFiles/nrfTesting.dir/Nrf.c.obj
LOAD CMakeFiles/nrfTesting.dir/D_/VSARM/sdk/pico/pico-sdk/src/rp2_common/pico_stdlib/stdlib.c.obj
LOAD CMakeFiles/nrfTesting.dir/D_/VSARM/sdk/pico/pico-sdk/src/rp2_common/hardware_gpio/gpio.c.obj
LOAD CMakeFiles/nrfTesting.dir/D_/VSARM/sdk/pico/pico-sdk/src/rp2_common/pico_platform/platform.c.obj
LOAD CMakeFiles/nrfTesting.dir/D_/VSARM/sdk/pico/pico-sdk/src/rp2_common/hardware_claim/claim.c.obj
LOAD CMakeFiles/nrfTesting.dir/D_/VSARM/sdk/pico/pico-sdk/src/rp2_common/hardware_sync/sync.c.obj
LOAD CMakeFiles/nrfTesting.dir/D_/VSARM/sdk/pico/pico-sdk/src/rp2_common/hardware_irq/irq.c.obj
LOAD CMakeFiles/nrfTesting.dir/D_/VSARM/sdk/pico/pico-sdk/src/rp2_common/hardware_irq/irq_handler_chain.S.obj
LOAD CMakeFiles/nrfTesting.dir/D_/VSARM/sdk/pico/pico-sdk/src/common/pico_sync/sem.c.obj
LOAD CMakeFiles/nrfTesting.dir/D_/VSARM/sdk/pico/pico-sdk/src/common/pico_sync/lock_core.c.obj
LOAD CMakeFiles/nrfTesting.dir/D_/VSARM/sdk/pico/pico-sdk/src/common/pico_sync/mutex.c.obj
LOAD CMakeFiles/nrfTesting.dir/D_/VSARM/sdk/pico/pico-sdk/src/common/pico_sync/critical_section.c.obj
LOAD CMakeFiles/nrfTesting.dir/D_/VSARM/sdk/pico/pico-sdk/src/common/pico_time/time.c.obj
LOAD CMakeFiles/nrfTesting.dir/D_/VSARM/sdk/pico/pico-sdk/src/common/pico_time/timeout_helper.c.obj
LOAD CMakeFiles/nrfTesting.dir/D_/VSARM/sdk/pico/pico-sdk/src/rp2_common/hardware_timer/timer.c.obj
LOAD CMakeFiles/nrfTesting.dir/D_/VSARM/sdk/pico/pico-sdk/src/common/pico_util/datetime.c.obj
LOAD CMakeFiles/nrfTesting.dir/D_/VSARM/sdk/pico/pico-sdk/src/common/pico_util/pheap.c.obj
LOAD CMakeFiles/nrfTesting.dir/D_/VSARM/sdk/pico/pico-sdk/src/common/pico_util/queue.c.obj
LOAD CMakeFiles/nrfTesting.dir/D_/VSARM/sdk/pico/pico-sdk/src/rp2_common/hardware_uart/uart.c.obj
LOAD CMakeFiles/nrfTesting.dir/D_/VSARM/sdk/pico/pico-sdk/src/rp2_common/hardware_clocks/clocks.c.obj
LOAD CMakeFiles/nrfTesting.dir/D_/VSARM/sdk/pico/pico-sdk/src/rp2_common/hardware_pll/pll.c.obj
LOAD CMakeFiles/nrfTesting.dir/D_/VSARM/sdk/pico/pico-sdk/src/rp2_common/hardware_vreg/vreg.c.obj
LOAD CMakeFiles/nrfTesting.dir/D_/VSARM/sdk/pico/pico-sdk/src/rp2_common/hardware_watchdog/watchdog.c.obj
LOAD CMakeFiles/nrfTesting.dir/D_/VSARM/sdk/pico/pico-sdk/src/rp2_common/hardware_xosc/xosc.c.obj
LOAD CMakeFiles/nrfTesting.dir/D_/VSARM/sdk/pico/pico-sdk/src/rp2_common/hardware_divider/divider.S.obj
LOAD CMakeFiles/nrfTesting.dir/D_/VSARM/sdk/pico/pico-sdk/src/rp2_common/pico_runtime/runtime.c.obj
LOAD CMakeFiles/nrfTesting.dir/D_/VSARM/sdk/pico/pico-sdk/src/rp2_common/pico_printf/printf.c.obj
LOAD CMakeFiles/nrfTesting.dir/D_/VSARM/sdk/pico/pico-sdk/src/rp2_common/pico_bit_ops/bit_ops_aeabi.S.obj
LOAD CMakeFiles/nrfTesting.dir/D_/VSARM/sdk/pico/pico-sdk/src/rp2_common/pico_bootrom/bootrom.c.obj
LOAD CMakeFiles/nrfTesting.dir/D_/VSARM/sdk/pico/pico-sdk/src/rp2_common/pico_divider/divider.S.obj
LOAD CMakeFiles/nrfTesting.dir/D_/VSARM/sdk/pico/pico-sdk/src/rp2_common/pico_double/double_aeabi.S.obj
LOAD CMakeFiles/nrfTesting.dir/D_/VSARM/sdk/pico/pico-sdk/src/rp2_common/pico_double/double_init_rom.c.obj
LOAD CMakeFiles/nrfTesting.dir/D_/VSARM/sdk/pico/pico-sdk/src/rp2_common/pico_double/double_math.c.obj
LOAD CMakeFiles/nrfTesting.dir/D_/VSARM/sdk/pico/pico-sdk/src/rp2_common/pico_double/double_v1_rom_shim.S.obj
LOAD CMakeFiles/nrfTesting.dir/D_/VSARM/sdk/pico/pico-sdk/src/rp2_common/pico_int64_ops/pico_int64_ops_aeabi.S.obj
LOAD CMakeFiles/nrfTesting.dir/D_/VSARM/sdk/pico/pico-sdk/src/rp2_common/pico_float/float_aeabi.S.obj
LOAD CMakeFiles/nrfTesting.dir/D_/VSARM/sdk/pico/pico-sdk/src/rp2_common/pico_float/float_init_rom.c.obj
LOAD CMakeFiles/nrfTesting.dir/D_/VSARM/sdk/pico/pico-sdk/src/rp2_common/pico_float/float_math.c.obj
LOAD CMakeFiles/nrfTesting.dir/D_/VSARM/sdk/pico/pico-sdk/src/rp2_common/pico_float/float_v1_rom_shim.S.obj
LOAD CMakeFiles/nrfTesting.dir/D_/VSARM/sdk/pico/pico-sdk/src/rp2_common/pico_malloc/pico_malloc.c.obj
LOAD CMakeFiles/nrfTesting.dir/D_/VSARM/sdk/pico/pico-sdk/src/rp2_common/pico_mem_ops/mem_ops_aeabi.S.obj
LOAD CMakeFiles/nrfTesting.dir/D_/VSARM/sdk/pico/pico-sdk/src/rp2_common/pico_standard_link/crt0.S.obj
LOAD CMakeFiles/nrfTesting.dir/D_/VSARM/sdk/pico/pico-sdk/src/rp2_common/pico_standard_link/new_delete.cpp.obj
LOAD CMakeFiles/nrfTesting.dir/D_/VSARM/sdk/pico/pico-sdk/src/rp2_common/pico_standard_link/binary_info.c.obj
LOAD CMakeFiles/nrfTesting.dir/D_/VSARM/sdk/pico/pico-sdk/src/rp2_common/pico_stdio/stdio.c.obj
LOAD CMakeFiles/nrfTesting.dir/D_/VSARM/sdk/pico/pico-sdk/src/rp2_common/pico_stdio_usb/reset_interface.c.obj
LOAD CMakeFiles/nrfTesting.dir/D_/VSARM/sdk/pico/pico-sdk/src/rp2_common/pico_stdio_usb/stdio_usb.c.obj
LOAD CMakeFiles/nrfTesting.dir/D_/VSARM/sdk/pico/pico-sdk/src/rp2_common/pico_stdio_usb/stdio_usb_descriptors.c.obj
LOAD CMakeFiles/nrfTesting.dir/D_/VSARM/sdk/pico/pico-sdk/src/rp2_common/pico_unique_id/unique_id.c.obj
LOAD CMakeFiles/nrfTesting.dir/D_/VSARM/sdk/pico/pico-sdk/src/rp2_common/hardware_flash/flash.c.obj
LOAD CMakeFiles/nrfTesting.dir/D_/VSARM/sdk/pico/pico-sdk/lib/tinyusb/src/portable/raspberrypi/rp2040/dcd_rp2040.c.obj
LOAD CMakeFiles/nrfTesting.dir/D_/VSARM/sdk/pico/pico-sdk/lib/tinyusb/src/portable/raspberrypi/rp2040/rp2040_usb.c.obj
LOAD CMakeFiles/nrfTesting.dir/D_/VSARM/sdk/pico/pico-sdk/lib/tinyusb/src/device/usbd.c.obj
LOAD CMakeFiles/nrfTesting.dir/D_/VSARM/sdk/pico/pico-sdk/lib/tinyusb/src/device/usbd_control.c.obj
LOAD CMakeFiles/nrfTesting.dir/D_/VSARM/sdk/pico/pico-sdk/lib/tinyusb/src/class/audio/audio_device.c.obj
LOAD CMakeFiles/nrfTesting.dir/D_/VSARM/sdk/pico/pico-sdk/lib/tinyusb/src/class/cdc/cdc_device.c.obj
LOAD CMakeFiles/nrfTesting.dir/D_/VSARM/sdk/pico/pico-sdk/lib/tinyusb/src/class/dfu/dfu_device.c.obj
LOAD CMakeFiles/nrfTesting.dir/D_/VSARM/sdk/pico/pico-sdk/lib/tinyusb/src/class/dfu/dfu_rt_device.c.obj
LOAD CMakeFiles/nrfTesting.dir/D_/VSARM/sdk/pico/pico-sdk/lib/tinyusb/src/class/hid/hid_device.c.obj
LOAD CMakeFiles/nrfTesting.dir/D_/VSARM/sdk/pico/pico-sdk/lib/tinyusb/src/class/midi/midi_device.c.obj
LOAD CMakeFiles/nrfTesting.dir/D_/VSARM/sdk/pico/pico-sdk/lib/tinyusb/src/class/msc/msc_device.c.obj
LOAD CMakeFiles/nrfTesting.dir/D_/VSARM/sdk/pico/pico-sdk/lib/tinyusb/src/class/net/ecm_rndis_device.c.obj
LOAD CMakeFiles/nrfTesting.dir/D_/VSARM/sdk/pico/pico-sdk/lib/tinyusb/src/class/net/ncm_device.c.obj
LOAD CMakeFiles/nrfTesting.dir/D_/VSARM/sdk/pico/pico-sdk/lib/tinyusb/src/class/usbtmc/usbtmc_device.c.obj
LOAD CMakeFiles/nrfTesting.dir/D_/VSARM/sdk/pico/pico-sdk/lib/tinyusb/src/class/vendor/vendor_device.c.obj
LOAD CMakeFiles/nrfTesting.dir/D_/VSARM/sdk/pico/pico-sdk/lib/tinyusb/src/class/video/video_device.c.obj
LOAD CMakeFiles/nrfTesting.dir/D_/VSARM/sdk/pico/pico-sdk/lib/tinyusb/src/tusb.c.obj
LOAD CMakeFiles/nrfTesting.dir/D_/VSARM/sdk/pico/pico-sdk/lib/tinyusb/src/common/tusb_fifo.c.obj
LOAD CMakeFiles/nrfTesting.dir/D_/VSARM/sdk/pico/pico-sdk/src/rp2_common/pico_fix/rp2040_usb_device_enumeration/rp2040_usb_device_enumeration.c.obj
LOAD CMakeFiles/nrfTesting.dir/D_/VSARM/sdk/pico/pico-sdk/src/rp2_common/hardware_spi/spi.c.obj
LOAD CMakeFiles/nrfTesting.dir/D_/VSARM/sdk/pico/pico-sdk/src/rp2_common/hardware_i2c/i2c.c.obj
LOAD CMakeFiles/nrfTesting.dir/D_/VSARM/sdk/pico/pico-sdk/src/rp2_common/hardware_adc/adc.c.obj
LOAD C:\Users\Lenovo\AppData\Local\Temp\cc31Rp1e.o
LOAD d:/program files2/gnu tool chain/12.3 rel1/bin/../lib/gcc/arm-none-eabi/12.3.1/thumb/v6-m/nofp\libstdc++.a
LOAD d:/program files2/gnu tool chain/12.3 rel1/bin/../lib/gcc/arm-none-eabi/12.3.1/thumb/v6-m/nofp\libm.a
START GROUP
LOAD d:/program files2/gnu tool chain/12.3 rel1/bin/../lib/gcc/arm-none-eabi/12.3.1/thumb/v6-m/nofp\libgcc.a
LOAD d:/program files2/gnu tool chain/12.3 rel1/bin/../lib/gcc/arm-none-eabi/12.3.1/thumb/v6-m/nofp\libc.a
END GROUP
START GROUP
LOAD d:/program files2/gnu tool chain/12.3 rel1/bin/../lib/gcc/arm-none-eabi/12.3.1/thumb/v6-m/nofp\libgcc.a
LOAD d:/program files2/gnu tool chain/12.3 rel1/bin/../lib/gcc/arm-none-eabi/12.3.1/thumb/v6-m/nofp\libc.a
LOAD d:/program files2/gnu tool chain/12.3 rel1/bin/../lib/gcc/arm-none-eabi/12.3.1/thumb/v6-m/nofp\libnosys.a
END GROUP
LOAD d:/program files2/gnu tool chain/12.3 rel1/bin/../lib/gcc/arm-none-eabi/12.3.1/thumb/v6-m/nofp/crtend.o
LOAD d:/program files2/gnu tool chain/12.3 rel1/bin/../lib/gcc/arm-none-eabi/12.3.1/thumb/v6-m/nofp/crtn.o
OUTPUT(nrfTesting.elf elf32-littlearm)
LOAD linker stubs

.ARM.attributes
                0x00000000       0x28
 .ARM.attributes
                0x00000000       0x1e d:/program files2/gnu tool chain/12.3 rel1/bin/../lib/gcc/arm-none-eabi/12.3.1/thumb/v6-m/nofp/crti.o
 .ARM.attributes
                0x0000001e       0x2c d:/program files2/gnu tool chain/12.3 rel1/bin/../lib/gcc/arm-none-eabi/12.3.1/thumb/v6-m/nofp/crtbegin.o
 .ARM.attributes
                0x0000004a       0x2c CMakeFiles/nrfTesting.dir/main.c.obj
 .ARM.attributes
                0x00000076       0x2c CMakeFiles/nrfTesting.dir/Nrf.c.obj
 .ARM.attributes
                0x000000a2       0x2c CMakeFiles/nrfTesting.dir/D_/VSARM/sdk/pico/pico-sdk/src/rp2_common/hardware_gpio/gpio.c.obj
 .ARM.attributes
                0x000000ce       0x2c CMakeFiles/nrfTesting.dir/D_/VSARM/sdk/pico/pico-sdk/src/rp2_common/pico_platform/platform.c.obj
 .ARM.attributes
                0x000000fa       0x2c CMakeFiles/nrfTesting.dir/D_/VSARM/sdk/pico/pico-sdk/src/rp2_common/hardware_claim/claim.c.obj
 .ARM.attributes
                0x00000126       0x2c CMakeFiles/nrfTesting.dir/D_/VSARM/sdk/pico/pico-sdk/src/rp2_common/hardware_sync/sync.c.obj
 .ARM.attributes
                0x00000152       0x2c CMakeFiles/nrfTesting.dir/D_/VSARM/sdk/pico/pico-sdk/src/rp2_common/hardware_irq/irq.c.obj
 .ARM.attributes
                0x0000017e       0x22 CMakeFiles/nrfTesting.dir/D_/VSARM/sdk/pico/pico-sdk/src/rp2_common/hardware_irq/irq_handler_chain.S.obj
 .ARM.attributes
                0x000001a0       0x2c CMakeFiles/nrfTesting.dir/D_/VSARM/sdk/pico/pico-sdk/src/common/pico_sync/lock_core.c.obj
 .ARM.attributes
                0x000001cc       0x2c CMakeFiles/nrfTesting.dir/D_/VSARM/sdk/pico/pico-sdk/src/common/pico_sync/mutex.c.obj
 .ARM.attributes
                0x000001f8       0x2c CMakeFiles/nrfTesting.dir/D_/VSARM/sdk/pico/pico-sdk/src/common/pico_sync/critical_section.c.obj
 .ARM.attributes
                0x00000224       0x2c CMakeFiles/nrfTesting.dir/D_/VSARM/sdk/pico/pico-sdk/src/common/pico_time/time.c.obj
 .ARM.attributes
                0x00000250       0x2c CMakeFiles/nrfTesting.dir/D_/VSARM/sdk/pico/pico-sdk/src/rp2_common/hardware_timer/timer.c.obj
 .ARM.attributes
                0x0000027c       0x2c CMakeFiles/nrfTesting.dir/D_/VSARM/sdk/pico/pico-sdk/src/common/pico_util/pheap.c.obj
 .ARM.attributes
                0x000002a8       0x2c CMakeFiles/nrfTesting.dir/D_/VSARM/sdk/pico/pico-sdk/src/rp2_common/hardware_clocks/clocks.c.obj
 .ARM.attributes
                0x000002d4       0x2c CMakeFiles/nrfTesting.dir/D_/VSARM/sdk/pico/pico-sdk/src/rp2_common/hardware_pll/pll.c.obj
 .ARM.attributes
                0x00000300       0x2c CMakeFiles/nrfTesting.dir/D_/VSARM/sdk/pico/pico-sdk/src/rp2_common/hardware_watchdog/watchdog.c.obj
 .ARM.attributes
                0x0000032c       0x2c CMakeFiles/nrfTesting.dir/D_/VSARM/sdk/pico/pico-sdk/src/rp2_common/hardware_xosc/xosc.c.obj
 .ARM.attributes
                0x00000358       0x2c CMakeFiles/nrfTesting.dir/D_/VSARM/sdk/pico/pico-sdk/src/rp2_common/pico_runtime/runtime.c.obj
 .ARM.attributes
                0x00000384       0x2c CMakeFiles/nrfTesting.dir/D_/VSARM/sdk/pico/pico-sdk/src/rp2_common/pico_printf/printf.c.obj
 .ARM.attributes
                0x000003b0       0x22 CMakeFiles/nrfTesting.dir/D_/VSARM/sdk/pico/pico-sdk/src/rp2_common/pico_bit_ops/bit_ops_aeabi.S.obj
 .ARM.attributes
                0x000003d2       0x2c CMakeFiles/nrfTesting.dir/D_/VSARM/sdk/pico/pico-sdk/src/rp2_common/pico_bootrom/bootrom.c.obj
 .ARM.attributes
                0x000003fe       0x22 CMakeFiles/nrfTesting.dir/D_/VSARM/sdk/pico/pico-sdk/src/rp2_common/pico_divider/divider.S.obj
 .ARM.attributes
                0x00000420       0x22 CMakeFiles/nrfTesting.dir/D_/VSARM/sdk/pico/pico-sdk/src/rp2_common/pico_double/double_aeabi.S.obj
 .ARM.attributes
                0x00000442       0x2c CMakeFiles/nrfTesting.dir/D_/VSARM/sdk/pico/pico-sdk/src/rp2_common/pico_double/double_init_rom.c.obj
 .ARM.attributes
                0x0000046e       0x22 CMakeFiles/nrfTesting.dir/D_/VSARM/sdk/pico/pico-sdk/src/rp2_common/pico_double/double_v1_rom_shim.S.obj
 .ARM.attributes
                0x00000490       0x22 CMakeFiles/nrfTesting.dir/D_/VSARM/sdk/pico/pico-sdk/src/rp2_common/pico_int64_ops/pico_int64_ops_aeabi.S.obj
 .ARM.attributes
                0x000004b2       0x22 CMakeFiles/nrfTesting.dir/D_/VSARM/sdk/pico/pico-sdk/src/rp2_common/pico_float/float_aeabi.S.obj
 .ARM.attributes
                0x000004d4       0x2c CMakeFiles/nrfTesting.dir/D_/VSARM/sdk/pico/pico-sdk/src/rp2_common/pico_float/float_init_rom.c.obj
 .ARM.attributes
                0x00000500       0x22 CMakeFiles/nrfTesting.dir/D_/VSARM/sdk/pico/pico-sdk/src/rp2_common/pico_float/float_v1_rom_shim.S.obj
 .ARM.attributes
                0x00000522       0x22 CMakeFiles/nrfTesting.dir/D_/VSARM/sdk/pico/pico-sdk/src/rp2_common/pico_mem_ops/mem_ops_aeabi.S.obj
 .ARM.attributes
                0x00000544       0x22 CMakeFiles/nrfTesting.dir/D_/VSARM/sdk/pico/pico-sdk/src/rp2_common/pico_standard_link/crt0.S.obj
 .ARM.attributes
                0x00000566       0x2c CMakeFiles/nrfTesting.dir/D_/VSARM/sdk/pico/pico-sdk/src/rp2_common/pico_standard_link/binary_info.c.obj
 .ARM.attributes
                0x00000592       0x2c CMakeFiles/nrfTesting.dir/D_/VSARM/sdk/pico/pico-sdk/src/rp2_common/pico_stdio/stdio.c.obj
 .ARM.attributes
                0x000005be       0x2c CMakeFiles/nrfTesting.dir/D_/VSARM/sdk/pico/pico-sdk/src/rp2_common/pico_stdio_usb/reset_interface.c.obj
 .ARM.attributes
                0x000005ea       0x2c CMakeFiles/nrfTesting.dir/D_/VSARM/sdk/pico/pico-sdk/src/rp2_common/pico_stdio_usb/stdio_usb.c.obj
 .ARM.attributes
                0x00000616       0x2c CMakeFiles/nrfTesting.dir/D_/VSARM/sdk/pico/pico-sdk/src/rp2_common/pico_stdio_usb/stdio_usb_descriptors.c.obj
 .ARM.attributes
                0x00000642       0x2c CMakeFiles/nrfTesting.dir/D_/VSARM/sdk/pico/pico-sdk/src/rp2_common/pico_unique_id/unique_id.c.obj
 .ARM.attributes
                0x0000066e       0x2c CMakeFiles/nrfTesting.dir/D_/VSARM/sdk/pico/pico-sdk/src/rp2_common/hardware_flash/flash.c.obj
 .ARM.attributes
                0x0000069a       0x2c CMakeFiles/nrfTesting.dir/D_/VSARM/sdk/pico/pico-sdk/lib/tinyusb/src/portable/raspberrypi/rp2040/dcd_rp2040.c.obj
 .ARM.attributes
                0x000006c6       0x2c CMakeFiles/nrfTesting.dir/D_/VSARM/sdk/pico/pico-sdk/lib/tinyusb/src/portable/raspberrypi/rp2040/rp2040_usb.c.obj
 .ARM.attributes
                0x000006f2       0x2c CMakeFiles/nrfTesting.dir/D_/VSARM/sdk/pico/pico-sdk/lib/tinyusb/src/device/usbd.c.obj
 .ARM.attributes
                0x0000071e       0x2c CMakeFiles/nrfTesting.dir/D_/VSARM/sdk/pico/pico-sdk/lib/tinyusb/src/device/usbd_control.c.obj
 .ARM.attributes
                0x0000074a       0x2c CMakeFiles/nrfTesting.dir/D_/VSARM/sdk/pico/pico-sdk/lib/tinyusb/src/class/cdc/cdc_device.c.obj
 .ARM.attributes
                0x00000776       0x2c CMakeFiles/nrfTesting.dir/D_/VSARM/sdk/pico/pico-sdk/lib/tinyusb/src/tusb.c.obj
 .ARM.attributes