Archive member included to satisfy reference by file (symbol)

d:/program files2/gnu tool chain/12.3 rel1/bin/../lib/gcc/arm-none-eabi/12.3.1/thumb/v6-m/nofp\libgcc.a(_dvmd_tls.o)
                              CMakeFiles/carWithJoystick.dir/D_/VSARM/sdk/pico/pico-sdk/src/rp2_common/pico_divider/divider.S.obj (__aeabi_idiv0)
d:/program files2/gnu tool chain/12.3 rel1/bin/../lib/gcc/arm-none-eabi/12.3.1/thumb/v6-m/nofp\libc.a(libc_a-calloc.o)
                              CMakeFiles/carWithJoystick.dir/D_/VSARM/sdk/pico/pico-sdk/src/rp2_common/pico_malloc/pico_malloc.c.obj (calloc)
d:/program files2/gnu tool chain/12.3 rel1/bin/../lib/gcc/arm-none-eabi/12.3.1/thumb/v6-m/nofp\libc.a(libc_a-callocr.o)
                              d:/program files2/gnu tool chain/12.3 rel1/bin/../lib/gcc/arm-none-eabi/12.3.1/thumb/v6-m/nofp\libc.a(libc_a-calloc.o) (_calloc_r)
d:/program files2/gnu tool chain/12.3 rel1/bin/../lib/gcc/arm-none-eabi/12.3.1/thumb/v6-m/nofp\libc.a(libc_a-malloc.o)
                              CMakeFiles/carWithJoystick.dir/D_/VSARM/sdk/pico/pico-sdk/src/rp2_common/pico_malloc/pico_malloc.c.obj (malloc)
d:/program files2/gnu tool chain/12.3 rel1/bin/../lib/gcc/arm-none-eabi/12.3.1/thumb/v6-m/nofp\libc.a(libc_a-mallocr.o)
                              d:/program files2/gnu tool chain/12.3 rel1/bin/../lib/gcc/arm-none-eabi/12.3.1/thumb/v6-m/nofp\libc.a(libc_a-callocr.o) (_malloc_r)
d:/program files2/gnu tool chain/12.3 rel1/bin/../lib/gcc/arm-none-eabi/12.3.1/thumb/v6-m/nofp\libc.a(libc_a-mlock.o)
                              d:/program files2/gnu tool chain/12.3 rel1/bin/../lib/gcc/arm-none-eabi/12.3.1/thumb/v6-m/nofp\libc.a(libc_a-mallocr.o) (__malloc_lock)
d:/program files2/gnu tool chain/12.3 rel1/bin/../lib/gcc/arm-none-eabi/12.3.1/thumb/v6-m/nofp\libc.a(libc_a-realloc.o)
                              CMakeFiles/carWithJoystick.dir/D_/VSARM/sdk/pico/pico-sdk/src/rp2_common/pico_malloc/pico_malloc.c.obj (realloc)
d:/program files2/gnu tool chain/12.3 rel1/bin/../lib/gcc/arm-none-eabi/12.3.1/thumb/v6-m/nofp\libc.a(libc_a-reallocr.o)
                              d:/program files2/gnu tool chain/12.3 rel1/bin/../lib/gcc/arm-none-eabi/12.3.1/thumb/v6-m/nofp\libc.a(libc_a-realloc.o) (_realloc_r)
d:/program files2/gnu tool chain/12.3 rel1/bin/../lib/gcc/arm-none-eabi/12.3.1/thumb/v6-m/nofp\libc.a(libc_a-memmove.o)
                              d:/program files2/gnu tool chain/12.3 rel1/bin/../lib/gcc/arm-none-eabi/12.3.1/thumb/v6-m/nofp\libc.a(libc_a-reallocr.o) (memmove)
d:/program files2/gnu tool chain/12.3 rel1/bin/../lib/gcc/arm-none-eabi/12.3.1/thumb/v6-m/nofp\libc.a(libc_a-impure.o)
                              d:/program files2/gnu tool chain/12.3 rel1/bin/../lib/gcc/arm-none-eabi/12.3.1/thumb/v6-m/nofp\libc.a(libc_a-calloc.o) (_impure_ptr)
d:/program files2/gnu tool chain/12.3 rel1/bin/../lib/gcc/arm-none-eabi/12.3.1/thumb/v6-m/nofp\libc.a(libc_a-sbrkr.o)
                              d:/program files2/gnu tool chain/12.3 rel1/bin/../lib/gcc/arm-none-eabi/12.3.1/thumb/v6-m/nofp\libc.a(libc_a-mallocr.o) (_sbrk_r)
d:/program files2/gnu tool chain/12.3 rel1/bin/../lib/gcc/arm-none-eabi/12.3.1/thumb/v6-m/nofp\libc.a(libc_a-errno.o)
                              d:/program files2/gnu tool chain/12.3 rel1/bin/../lib/gcc/arm-none-eabi/12.3.1/thumb/v6-m/nofp\libc.a(libc_a-callocr.o) (__errno)
d:/program files2/gnu tool chain/12.3 rel1/bin/../lib/gcc/arm-none-eabi/12.3.1/thumb/v6-m/nofp\libc.a(libc_a-init.o)
                              d:/program files2/gnu tool chain/12.3 rel1/bin/../lib/gcc/arm-none-eabi/12.3.1/thumb/v6-m/nofp/crt0.o (__libc_init_array)
d:/program files2/gnu tool chain/12.3 rel1/bin/../lib/gcc/arm-none-eabi/12.3.1/thumb/v6-m/nofp\libc.a(libc_a-lock.o)
                              d:/program files2/gnu tool chain/12.3 rel1/bin/../lib/gcc/arm-none-eabi/12.3.1/thumb/v6-m/nofp\libc.a(libc_a-mlock.o) (__retarget_lock_acquire_recursive)
d:/program files2/gnu tool chain/12.3 rel1/bin/../lib/gcc/arm-none-eabi/12.3.1/thumb/v6-m/nofp\libc.a(libc_a-sysconf.o)
                              d:/program files2/gnu tool chain/12.3 rel1/bin/../lib/gcc/arm-none-eabi/12.3.1/thumb/v6-m/nofp\libc.a(libc_a-mallocr.o) (sysconf)
d:/program files2/gnu tool chain/12.3 rel1/bin/../lib/gcc/arm-none-eabi/12.3.1/thumb/v6-m/nofp\libc.a(libc_a-strlen-stub.o)
                              CMakeFiles/carWithJoystick.dir/D_/VSARM/sdk/pico/pico-sdk/src/rp2_common/pico_stdio/stdio.c.obj (strlen)
d:/program files2/gnu tool chain/12.3 rel1/bin/../lib/gcc/arm-none-eabi/12.3.1/thumb/v6-m/nofp\libc.a(libc_a-freer.o)
                              d:/program files2/gnu tool chain/12.3 rel1/bin/../lib/gcc/arm-none-eabi/12.3.1/thumb/v6-m/nofp\libc.a(libc_a-malloc.o) (_free_r)
d:/program files2/gnu tool chain/12.3 rel1/bin/../lib/gcc/arm-none-eabi/12.3.1/thumb/v6-m/nofp\libc.a(libc_a-findfp.o)
[...]
Memory Configuration

Name             Origin             Length             Attributes
FLASH            0x10000000         0x00200000         xr
RAM              0x20000000         0x00040000         xrw
SCRATCH_X        0x20040000         0x00001000         xrw
SCRATCH_Y        0x20041000         0x00001000         xrw
*default*        0x00000000         0xffffffff

Linker script and memory map

LOAD d:/program files2/gnu tool chain/12.3 rel1/bin/../lib/gcc/arm-none-eabi/12.3.1/thumb/v6-m/nofp/crti.o
LOAD d:/program files2/gnu tool chain/12.3 rel1/bin/../lib/gcc/arm-none-eabi/12.3.1/thumb/v6-m/nofp/crtbegin.o
LOAD d:/program files2/gnu tool chain/12.3 rel1/bin/../lib/gcc/arm-none-eabi/12.3.1/thumb/v6-m/nofp/crt0.o

.flash_begin    0x10000000        0x0
                0x10000000                        __flash_binary_start = .

.boot2          0x10000000      0x100
                0x10000000                        __boot2_start__ = .
 *(.boot2)
 .boot2         0x10000000      0x100 C:\Users\Lenovo\AppData\Local\Temp\ccIS25F0.o
                0x10000100                        __boot2_end__ = .
                0x00000001                        ASSERT (((__boot2_end__ - __boot2_start__) == 0x100), ERROR: Pico second stage bootloader must be 256 bytes in size)

.text           0x10000100     0x69f8
                0x10000100                        __logical_binary_start = .
 *(.vectors)
 .vectors       0x10000100       0xd4 CMakeFiles/carWithJoystick.dir/D_/VSARM/sdk/pico/pico-sdk/src/rp2_common/pico_standard_link/crt0.S.obj
                0x10000100                __VECTOR_TABLE
                0x10000100                __vectors
                0x100001c0                isr_invalid
                0x100001c0                __default_isrs_start
                0x100001c2                isr_nmi
                0x100001c4                isr_hardfault
                0x100001c6                isr_svcall
                0x100001c8                isr_pendsv
                0x100001ca                isr_systick
                0x100001cc                isr_irq23
                0x100001cc                isr_irq18
                0x100001cc                isr_irq11
                0x100001cc                isr_irq28
                0x100001cc                isr_irq19
                0x100001cc                isr_irq0
                0x100001cc                isr_irq6
                0x100001cc                isr_irq5
                0x100001cc                isr_irq12
                0x100001cc                isr_irq22
                0x100001cc                isr_irq31
                0x100001cc                isr_irq17
                0x100001cc                isr_irq27
                0x100001cc                isr_irq30
                0x100001cc                isr_irq2
                0x100001cc                isr_irq10
                0x100001cc                isr_irq8
                0x100001cc                isr_irq24
                0x100001cc                isr_irq1
                0x100001cc                isr_irq7
                0x100001cc                isr_irq21
                0x100001cc                isr_irq20
                0x100001cc                isr_irq15
                0x100001cc                isr_irq25
                0x100001cc                isr_irq13
                0x100001cc                __unhandled_user_irq
                0x100001cc                isr_irq4
                0x100001cc                isr_irq16
                0x100001cc                isr_irq29
                0x100001cc                isr_irq26
                0x100001cc                __default_isrs_end
                0x100001cc                isr_irq3
                0x100001cc                isr_irq14
                0x100001cc                isr_irq9
                0x100001d2                unhandled_user_irq_num_in_r0
 *(.binary_info_header)
 .binary_info_header
                0x100001d4       0x14 CMakeFiles/carWithJoystick.dir/D_/VSARM/sdk/pico/pico-sdk/src/rp2_common/pico_standard_link/crt0.S.obj
                0x100001e8                        __binary_info_header_end = .
 *(.reset)
 .reset         0x100001e8       0xa0 CMakeFiles/carWithJoystick.dir/D_/VSARM/sdk/pico/pico-sdk/src/rp2_common/pico_standard_link/crt0.S.obj
                0x100001e8                _entry_point
 .reset         0x10000288       0x30 CMakeFiles/carWithJoystick.dir/D_/VSARM/sdk/pico/pico-sdk/src/rp2_common/pico_standard_link/binary_info.c.obj
 *(.init)
 .init          0x100002b8        0x4 d:/program files2/gnu tool chain/12.3 rel1/bin/../lib/gcc/arm-none-eabi/12.3.1/thumb/v6-m/nofp/crti.o
                0x100002b8                _init
 *(EXCLUDE_FILE(*libm.a: *libc.a:*lib_a-mem*.o *libgcc.a:) .text*)
 .text.register_tm_clones
                0x100002bc       0x28 d:/program files2/gnu tool chain/12.3 rel1/bin/../lib/gcc/arm-none-eabi/12.3.1/thumb/v6-m/nofp/crtbegin.o
 .text.frame_dummy
                0x100002e4       0x24 d:/program files2/gnu tool chain/12.3 rel1/bin/../lib/gcc/arm-none-eabi/12.3.1/thumb/v6-m/nofp/crtbegin.o
 .text.setup    0x10000308       0x40 CMakeFiles/carWithJoystick.dir/main.c.obj
                0x10000308                setup
 .text.startup.main
                0x10000348       0x90 CMakeFiles/carWithJoystick.dir/main.c.obj
                0x10000348                main
 .text.gpio_set_function
                0x100003d8       0x30 CMakeFiles/carWithJoystick.dir/D_/VSARM/sdk/pico/pico-sdk/src/rp2_common/hardware_gpio/gpio.c.obj
                0x100003d8                gpio_set_function
 .text.gpio_set_pulls
                0x10000408       0x24 CMakeFiles/carWithJoystick.dir/D_/VSARM/sdk/pico/pico-sdk/src/rp2_common/hardware_gpio/gpio.c.obj
                0x10000408                gpio_set_pulls
 .text.gpio_set_input_enabled
                0x1000042c       0x28 CMakeFiles/carWithJoystick.dir/D_/VSARM/sdk/pico/pico-sdk/src/rp2_common/hardware_gpio/gpio.c.obj
                0x1000042c                gpio_set_input_enabled
 .text.running_on_fpga
                0x10000454       0x10 CMakeFiles/carWithJoystick.dir/D_/VSARM/sdk/pico/pico-sdk/src/rp2_common/pico_platform/platform.c.obj
                0x10000454                running_on_fpga
 .text.hw_claim_or_assert
                0x10000464       0x44 CMakeFiles/carWithJoystick.dir/D_/VSARM/sdk/pico/pico-sdk/src/rp2_common/hardware_claim/claim.c.obj
                0x10000464                hw_claim_or_assert
 .text.hw_claim_unused_from_range
                0x100004a8       0x9c CMakeFiles/carWithJoystick.dir/D_/VSARM/sdk/pico/pico-sdk/src/rp2_common/hardware_claim/claim.c.obj
                0x100004a8                hw_claim_unused_from_range
 .text.spin_locks_reset
                0x10000544       0x1c CMakeFiles/carWithJoystick.dir/D_/VSARM/sdk/pico/pico-sdk/src/rp2_common/hardware_sync/sync.c.obj
                0x10000544                spin_locks_reset
 .text.next_striped_spin_lock_num
                0x10000560       0x18 CMakeFiles/carWithJoystick.dir/D_/VSARM/sdk/pico/pico-sdk/src/rp2_common/hardware_sync/sync.c.obj
                0x10000560                next_striped_spin_lock_num
 .text.spin_lock_claim_unused
                0x10000578       0x24 CMakeFiles/carWithJoystick.dir/D_/VSARM/sdk/pico/pico-sdk/src/rp2_common/hardware_sync/sync.c.obj
                0x10000578                spin_lock_claim_unused
 .text.irq_set_enabled
                0x1000059c       0x24 CMakeFiles/carWithJoystick.dir/D_/VSARM/sdk/pico/pico-sdk/src/rp2_common/hardware_irq/irq.c.obj
                0x1000059c                irq_set_enabled
 .text.irq_set_pending
                0x100005c0       0x10 CMakeFiles/carWithJoystick.dir/D_/VSARM/sdk/pico/pico-sdk/src/rp2_common/hardware_irq/irq.c.obj
                0x100005c0                irq_set_pending
 .text.irq_has_shared_handler
                0x100005d0       0x2c CMakeFiles/carWithJoystick.dir/D_/VSARM/sdk/pico/pico-sdk/src/rp2_common/hardware_irq/irq.c.obj
                0x100005d0                irq_has_shared_handler
 .text.irq_get_vtable_handler
                0x100005fc       0x10 CMakeFiles/carWithJoystick.dir/D_/VSARM/sdk/pico/pico-sdk/src/rp2_common/hardware_irq/irq.c.obj
                0x100005fc                irq_get_vtable_handler
 .text.irq_set_exclusive_handler
                0x1000060c       0x54 CMakeFiles/carWithJoystick.dir/D_/VSARM/sdk/pico/pico-sdk/src/rp2_common/hardware_irq/irq.c.obj
                0x1000060c                irq_set_exclusive_handler
 .text.irq_add_shared_handler
                0x10000660      0x1e0 CMakeFiles/carWithJoystick.dir/D_/VSARM/sdk/pico/pico-sdk/src/rp2_common/hardware_irq/irq.c.obj
                0x10000660                irq_add_shared_handler
 .text.irq_remove_handler
                0x10000840      0x1c4 CMakeFiles/carWithJoystick.dir/D_/VSARM/sdk/pico/pico-sdk/src/rp2_common/hardware_irq/irq.c.obj
                0x10000840                irq_remove_handler
 .text.irq_add_tail_to_free_list
                0x10000a04       0xb4 CMakeFiles/carWithJoystick.dir/D_/VSARM/sdk/pico/pico-sdk/src/rp2_common/hardware_irq/irq.c.obj
                0x10000a04                irq_add_tail_to_free_list
 .text.irq_init_priorities
                0x10000ab8       0x24 CMakeFiles/carWithJoystick.dir/D_/VSARM/sdk/pico/pico-sdk/src/rp2_common/hardware_irq/irq.c.obj
                0x10000ab8                irq_init_priorities
 .text.user_irq_claim_unused
                0x10000adc       0x2c CMakeFiles/carWithJoystick.dir/D_/VSARM/sdk/pico/pico-sdk/src/rp2_common/hardware_irq/irq.c.obj
                0x10000adc                user_irq_claim_unused
 .text.lock_init
                0x10000b08       0x10 CMakeFiles/carWithJoystick.dir/D_/VSARM/sdk/pico/pico-sdk/src/common/pico_sync/lock_core.c.obj
                0x10000b08                lock_init
 .text.mutex_init
                0x10000b18       0x1c CMakeFiles/carWithJoystick.dir/D_/VSARM/sdk/pico/pico-sdk/src/common/pico_sync/mutex.c.obj
                0x10000b18                mutex_init
 .text.recursive_mutex_init
                0x10000b34       0x1c CMakeFiles/carWithJoystick.dir/D_/VSARM/sdk/pico/pico-sdk/src/common/pico_sync/mutex.c.obj
                0x10000b34                recursive_mutex_init
 .text.critical_section_init
                0x10000b50       0x1c CMakeFiles/carWithJoystick.dir/D_/VSARM/sdk/pico/pico-sdk/src/common/pico_sync/critical_section.c.obj
                0x10000b50                critical_section_init
 .text.critical_section_init_with_lock_num
                0x10000b6c       0x14 CMakeFiles/carWithJoystick.dir/D_/VSARM/sdk/pico/pico-sdk/src/common/pico_sync/critical_section.c.obj
                0x10000b6c                critical_section_init_with_lock_num
 .text.timer_pool_entry_comparator
                0x10000b80       0x34 CMakeFiles/carWithJoystick.dir/D_/VSARM/sdk/pico/pico-sdk/src/common/pico_time/time.c.obj
                0x10000b80                timer_pool_entry_comparator
 .text.sleep_until_callback
                0x10000bb4       0x30 CMakeFiles/carWithJoystick.dir/D_/VSARM/sdk/pico/pico-sdk/src/common/pico_time/time.c.obj
 .text.add_alarm_under_lock.isra.0
                0x10000be4       0xf8 CMakeFiles/carWithJoystick.dir/D_/VSARM/sdk/pico/pico-sdk/src/common/pico_time/time.c.obj
 .text.alarm_pool_alarm_callback
                0x10000cdc      0x1c0 CMakeFiles/carWithJoystick.dir/D_/VSARM/sdk/pico/pico-sdk/src/common/pico_time/time.c.obj
 .text.alarm_pool_init_default
                0x10000e9c       0x6c CMakeFiles/carWithJoystick.dir/D_/VSARM/sdk/pico/pico-sdk/src/common/pico_time/time.c.obj
                0x10000e9c                alarm_pool_init_default
 .text.alarm_pool_get_default
                0x10000f08        0x8 CMakeFiles/carWithJoystick.dir/D_/VSARM/sdk/pico/pico-sdk/src/common/pico_time/time.c.obj
                0x10000f08                alarm_pool_get_default
 .text.alarm_pool_add_alarm_at
                0x10000f10      0x17c CMakeFiles/carWithJoystick.dir/D_/VSARM/sdk/pico/pico-sdk/src/common/pico_time/time.c.obj
                0x10000f10                alarm_pool_add_alarm_at
 .text.alarm_pool_core_num
                0x1000108c        0x4 CMakeFiles/carWithJoystick.dir/D_/VSARM/sdk/pico/pico-sdk/src/common/pico_time/time.c.obj
                0x1000108c                alarm_pool_core_num
 .text.sleep_until
                0x10001090       0xc4 CMakeFiles/carWithJoystick.dir/D_/VSARM/sdk/pico/pico-sdk/src/common/pico_time/time.c.obj
                0x10001090                sleep_until
 .text.sleep_ms
                0x10001154       0x38 CMakeFiles/carWithJoystick.dir/D_/VSARM/sdk/pico/pico-sdk/src/common/pico_time/time.c.obj
                0x10001154                sleep_ms
 .text.best_effort_wfe_or_timeout
                0x1000118c       0xcc CMakeFiles/carWithJoystick.dir/D_/VSARM/sdk/pico/pico-sdk/src/common/pico_time/time.c.obj
                0x1000118c                best_effort_wfe_or_timeout
 .text.hardware_alarm_irq_handler
                0x10001258       0xbc CMakeFiles/carWithJoystick.dir/D_/VSARM/sdk/pico/pico-sdk/src/rp2_common/hardware_timer/timer.c.obj
 .text.hardware_alarm_claim
                0x10001314       0x18 CMakeFiles/carWithJoystick.dir/D_/VSARM/sdk/pico/pico-sdk/src/rp2_common/hardware_timer/timer.c.obj
                0x10001314                hardware_alarm_claim
 .text.time_us_64
                0x1000132c       0x14 CMakeFiles/carWithJoystick.dir/D_/VSARM/sdk/pico/pico-sdk/src/rp2_common/hardware_timer/timer.c.obj
                0x1000132c                time_us_64
 .text.busy_wait_until
                0x10001340       0x20 CMakeFiles/carWithJoystick.dir/D_/VSARM/sdk/pico/pico-sdk/src/rp2_common/hardware_timer/timer.c.obj
                0x10001340                busy_wait_until
 .text.hardware_alarm_set_callback
                0x10001360       0x8c CMakeFiles/carWithJoystick.dir/D_/VSARM/sdk/pico/pico-sdk/src/rp2_common/hardware_timer/timer.c.obj
                0x10001360                hardware_alarm_set_callback
 .text.hardware_alarm_set_target
                0x100013ec       0xd0 CMakeFiles/carWithJoystick.dir/D_/VSARM/sdk/pico/pico-sdk/src/rp2_common/hardware_timer/timer.c.obj
                0x100013ec                hardware_alarm_set_target
 .text.hardware_alarm_cancel
                0x100014bc       0x3c CMakeFiles/carWithJoystick.dir/D_/VSARM/sdk/pico/pico-sdk/src/rp2_common/hardware_timer/timer.c.obj
                0x100014bc                hardware_alarm_cancel
 .text.ph_merge_nodes
                0x100014f8       0x58 CMakeFiles/carWithJoystick.dir/D_/VSARM/sdk/pico/pico-sdk/src/common/pico_util/pheap.c.obj
 .text.ph_post_alloc_init
                0x10001550       0x3c CMakeFiles/carWithJoystick.dir/D_/VSARM/sdk/pico/pico-sdk/src/common/pico_util/pheap.c.obj
                0x10001550                ph_post_alloc_init
 .text.ph_merge_two_pass
                0x1000158c       0x8c CMakeFiles/carWithJoystick.dir/D_/VSARM/sdk/pico/pico-sdk/src/common/pico_util/pheap.c.obj
                0x1000158c                ph_merge_two_pass
 .text.ph_remove_any_head
                0x10001618      0x100 CMakeFiles/carWithJoystick.dir/D_/VSARM/sdk/pico/pico-sdk/src/common/pico_util/pheap.c.obj
 .text.ph_remove_head
                0x10001718      0x104 CMakeFiles/carWithJoystick.dir/D_/VSARM/sdk/pico/pico-sdk/src/common/pico_util/pheap.c.obj
                0x10001718                ph_remove_head
 .text.ph_remove_and_free_node
                0x1000181c       0x78 CMakeFiles/carWithJoystick.dir/D_/VSARM/sdk/pico/pico-sdk/src/common/pico_util/pheap.c.obj
                0x1000181c                ph_remove_and_free_node
 .text.clocks_init
                0x10001894      0x2c8 CMakeFiles/carWithJoystick.dir/D_/VSARM/sdk/pico/pico-sdk/src/rp2_common/hardware_clocks/clocks.c.obj
                0x10001894                clocks_init
 .text.pll_init
                0x10001b5c       0xa0 CMakeFiles/carWithJoystick.dir/D_/VSARM/sdk/pico/pico-sdk/src/rp2_common/hardware_pll/pll.c.obj
                0x10001b5c                pll_init
 .text.watchdog_start_tick
                0x10001bfc       0x10 CMakeFiles/carWithJoystick.dir/D_/VSARM/sdk/pico/pico-sdk/src/rp2_common/hardware_watchdog/watchdog.c.obj
                0x10001bfc                watchdog_start_tick
 .text.watchdog_reboot
                0x10001c0c       0x9c CMakeFiles/carWithJoystick.dir/D_/VSARM/sdk/pico/pico-sdk/src/rp2_common/hardware_watchdog/watchdog.c.obj
                0x10001c0c                watchdog_reboot
 .text.xosc_init
                0x10001ca8       0x28 CMakeFiles/carWithJoystick.dir/D_/VSARM/sdk/pico/pico-sdk/src/rp2_common/hardware_xosc/xosc.c.obj
                0x10001ca8                xosc_init
 .text.runtime_init
                0x10001cd0       0xec CMakeFiles/carWithJoystick.dir/D_/VSARM/sdk/pico/pico-sdk/src/rp2_common/pico_runtime/runtime.c.obj
                0x10001cd0                runtime_init
 .text._exit    0x10001dbc        0x4 CMakeFiles/carWithJoystick.dir/D_/VSARM/sdk/pico/pico-sdk/src/rp2_common/pico_runtime/runtime.c.obj
                0x10001dbc                _exit
 .text.exit     0x10001dc0        0x8 CMakeFiles/carWithJoystick.dir/D_/VSARM/sdk/pico/pico-sdk/src/rp2_common/pico_runtime/runtime.c.obj
                0x10001dc0                exit
 .text.panic    0x10001dc8       0x30 CMakeFiles/carWithJoystick.dir/D_/VSARM/sdk/pico/pico-sdk/src/rp2_common/pico_runtime/runtime.c.obj
                0x10001dc8                panic
 .text.hard_assertion_failure
                0x10001df8        0xc CMakeFiles/carWithJoystick.dir/D_/VSARM/sdk/pico/pico-sdk/src/rp2_common/pico_runtime/runtime.c.obj
                0x10001df8                hard_assertion_failure
 .text._out_null
                0x10001e04        0x4 CMakeFiles/carWithJoystick.dir/D_/VSARM/sdk/pico/pico-sdk/src/rp2_common/pico_printf/printf.c.obj
 .text._out_rev
                0x10001e08       0x90 CMakeFiles/carWithJoystick.dir/D_/VSARM/sdk/pico/pico-sdk/src/rp2_common/pico_printf/printf.c.obj
 .text._ntoa_format
                0x10001e98      0x208 CMakeFiles/carWithJoystick.dir/D_/VSARM/sdk/pico/pico-sdk/src/rp2_common/pico_printf/printf.c.obj
 .text._out_char
                0x100020a0       0x10 CMakeFiles/carWithJoystick.dir/D_/VSARM/sdk/pico/pico-sdk/src/rp2_common/pico_printf/printf.c.obj
 .text._out_fct
                0x100020b0       0x10 CMakeFiles/carWithJoystick.dir/D_/VSARM/sdk/pico/pico-sdk/src/rp2_common/pico_printf/printf.c.obj
 .text._etoa    0x100020c0      0x464 CMakeFiles/carWithJoystick.dir/D_/VSARM/sdk/pico/pico-sdk/src/rp2_common/pico_printf/printf.c.obj
 .text._ftoa    0x10002524      0x3c4 CMakeFiles/carWithJoystick.dir/D_/VSARM/sdk/pico/pico-sdk/src/rp2_common/pico_printf/printf.c.obj
 .text._vsnprintf
                0x100028e8      0xc18 CMakeFiles/carWithJoystick.dir/D_/VSARM/sdk/pico/pico-sdk/src/rp2_common/pico_printf/printf.c.obj
 .text.vfctprintf
                0x10003500       0x20 CMakeFiles/carWithJoystick.dir/D_/VSARM/sdk/pico/pico-sdk/src/rp2_common/pico_printf/printf.c.obj
                0x10003500                vfctprintf
 .text.weak_raw_vprintf
                0x10003520       0x30 CMakeFiles/carWithJoystick.dir/D_/VSARM/sdk/pico/pico-sdk/src/rp2_common/pico_printf/printf.c.obj
                0x10003520                weak_raw_vprintf
 .text          0x10003550       0x10 CMakeFiles/carWithJoystick.dir/D_/VSARM/sdk/pico/pico-sdk/src/rp2_common/pico_bit_ops/bit_ops_aeabi.S.obj
 .text.rom_func_lookup
                0x10003560       0x10 CMakeFiles/carWithJoystick.dir/D_/VSARM/sdk/pico/pico-sdk/src/rp2_common/pico_bootrom/bootrom.c.obj
                0x10003560                rom_func_lookup
 .text.rom_data_lookup
                0x10003570       0x10 CMakeFiles/carWithJoystick.dir/D_/VSARM/sdk/pico/pico-sdk/src/rp2_common/pico_bootrom/bootrom.c.obj
                0x10003570                rom_data_lookup
 .text.rom_funcs_lookup
                0x10003580       0x44 CMakeFiles/carWithJoystick.dir/D_/VSARM/sdk/pico/pico-sdk/src/rp2_common/pico_bootrom/bootrom.c.obj
                0x10003580                rom_funcs_lookup
 .text.__wrap___aeabi_idiv
                0x100035c4       0x50 CMakeFiles/carWithJoystick.dir/D_/VSARM/sdk/pico/pico-sdk/src/rp2_common/pico_divider/divider.S.obj
                0x100035c4                __wrap___aeabi_idivmod
                0x100035c4                divmod_s32s32
                0x100035c4                div_s32s32
                0x100035c4                __wrap___aeabi_idiv
                0x100035cc                divmod_s32s32_unsafe
                0x100035f8                divmod_s32s32_savestate
 .text.__wrap___aeabi_uidiv
                0x10003614       0x4c CMakeFiles/carWithJoystick.dir/D_/VSARM/sdk/pico/pico-sdk/src/rp2_common/pico_divider/divider.S.obj
                0x10003614                __wrap___aeabi_uidiv
                0x10003614                __wrap___aeabi_uidivmod
                0x10003614                div_u32u32
                0x10003614                divmod_u32u32
                0x1000361c                divmod_u32u32_unsafe
                0x10003644                divmod_u32u32_savestate
 .text.__wrap___aeabi_ldiv
                0x10003660      0x424 CMakeFiles/carWithJoystick.dir/D_/VSARM/sdk/pico/pico-sdk/src/rp2_common/pico_divider/divider.S.obj
                0x10003660                div_s64s64
                0x10003660                divmod_s64s64
                0x10003660                __wrap___aeabi_ldivmod
                0x10003690                divmod_u64u64
                0x10003690                div_u64u64
                0x10003690                __wrap___aeabi_uldivmod
                0x100036a0                divmod_u64u64_savestate
                0x100036c0                divmod_s64s64_unsafe
                0x10003748                divmod_u64u64_unsafe
 .text.__wrap___aeabi_darithmetic
                0x10003a84       0x80 CMakeFiles/carWithJoystick.dir/D_/VSARM/sdk/pico/pico-sdk/src/rp2_common/pico_double/double_aeabi.S.obj
                0x10003a84                __wrap___aeabi_drsub
                0x10003a8a                __wrap___aeabi_dsub
                0x10003a9c                __wrap___aeabi_dadd
                0x10003aae                __wrap___aeabi_ddiv
                0x10003aea                __wrap___aeabi_dmul
 .text.__wrap___aeabi_cdcmple
                0x10003b04       0x6c CMakeFiles/carWithJoystick.dir/D_/VSARM/sdk/pico/pico-sdk/src/rp2_common/pico_double/double_aeabi.S.obj
                0x10003b04                __wrap___aeabi_cdrcmple
                0x10003b14                __wrap___aeabi_cdcmpeq
                0x10003b14                __wrap___aeabi_cdcmple
 .text.__wrap___aeabi_dcmplt
                0x10003b70        0xc CMakeFiles/carWithJoystick.dir/D_/VSARM/sdk/pico/pico-sdk/src/rp2_common/pico_double/double_aeabi.S.obj
                0x10003b70                __wrap___aeabi_dcmplt
 .text.__wrap___aeabi_dcmpge
                0x10003b7c       0x10 CMakeFiles/carWithJoystick.dir/D_/VSARM/sdk/pico/pico-sdk/src/rp2_common/pico_double/double_aeabi.S.obj
                0x10003b7c                __wrap___aeabi_dcmpge
 .text.__wrap___aeabi_dcmpgt
                0x10003b8c        0xa CMakeFiles/carWithJoystick.dir/D_/VSARM/sdk/pico/pico-sdk/src/rp2_common/pico_double/double_aeabi.S.obj
                0x10003b8c                __wrap___aeabi_dcmpgt
 .text.__wrap___aeabi_dcmpun
                0x10003b96       0x1c CMakeFiles/carWithJoystick.dir/D_/VSARM/sdk/pico/pico-sdk/src/rp2_common/pico_double/double_aeabi.S.obj
                0x10003b96                __wrap___aeabi_dcmpun
 *fill*         0x10003bb2        0x2 
 .text.__wrap___aeabi_i2d
                0x10003bb4       0x38 CMakeFiles/carWithJoystick.dir/D_/VSARM/sdk/pico/pico-sdk/src/rp2_common/pico_double/double_aeabi.S.obj
                0x10003bb4                __wrap___aeabi_ui2d
                0x10003bbc                __wrap___aeabi_i2d
 .text.__wrap___aeabi_d2iz
                0x10003bec       0x48 CMakeFiles/carWithJoystick.dir/D_/VSARM/sdk/pico/pico-sdk/src/rp2_common/pico_double/double_aeabi.S.obj
                0x10003bec                double2int_z
                0x10003bec                __wrap___aeabi_d2iz
 .text.__wrap___aeabi_d2uiz
                0x10003c34       0x18 CMakeFiles/carWithJoystick.dir/D_/VSARM/sdk/pico/pico-sdk/src/rp2_common/pico_double/double_aeabi.S.obj
                0x10003c34                __wrap___aeabi_d2uiz
                0x10003c34                double2uint
 .text.__aeabi_double_init
                0x10003c4c       0x98 CMakeFiles/carWithJoystick.dir/D_/VSARM/sdk/pico/pico-sdk/src/rp2_common/pico_double/double_init_rom.c.obj
                0x10003c4c                __aeabi_double_init
 .text.double_table_shim_on_use_helper
                0x10003ce4       0x2c CMakeFiles/carWithJoystick.dir/D_/VSARM/sdk/pico/pico-sdk/src/rp2_common/pico_double/double_v1_rom_shim.S.obj
                0x10003ce4                double_table_shim_on_use_helper
 .text.__wrap___aeabi_dsub
                0x10003d10       0x10 CMakeFiles/carWithJoystick.dir/D_/VSARM/sdk/pico/pico-sdk/src/rp2_common/pico_double/double_v1_rom_shim.S.obj
                0x10003d10                drsub_shim
                0x10003d16                dsub_shim
 .text.dadd_shim
                0x10003d20      0x15c CMakeFiles/carWithJoystick.dir/D_/VSARM/sdk/pico/pico-sdk/src/rp2_common/pico_double/double_v1_rom_shim.S.obj
                0x10003d20                dadd_shim
 .text.dmul_shim
                0x10003e7c      0x15c CMakeFiles/carWithJoystick.dir/D_/VSARM/sdk/pico/pico-sdk/src/rp2_common/pico_double/double_v1_rom_shim.S.obj
                0x10003e7c                dmul_shim
 .text.ddiv_shim
                0x10003fd8      0x1b0 CMakeFiles/carWithJoystick.dir/D_/VSARM/sdk/pico/pico-sdk/src/rp2_common/pico_double/double_v1_rom_shim.S.obj
                0x10003fd8                ddiv_shim
 .text.double2uint_shim
                0x10004188        0xe CMakeFiles/carWithJoystick.dir/D_/VSARM/sdk/pico/pico-sdk/src/rp2_common/pico_double/double_v1_rom_shim.S.obj
                0x10004188                double2uint_shim
                0x1000418a                double2ufix_shim
 *fill*         0x10004196        0x2 
 .text.double2uint64_shim
                0x10004198       0x70 CMakeFiles/carWithJoystick.dir/D_/VSARM/sdk/pico/pico-sdk/src/rp2_common/pico_double/double_v1_rom_shim.S.obj
                0x10004198                double2uint64_shim
                0x1000419a                double2ufix64_shim
                0x100041ba                d2fix_a
 .text.dunpacks
                0x10004208       0x3c CMakeFiles/carWithJoystick.dir/D_/VSARM/sdk/pico/pico-sdk/src/rp2_common/pico_double/double_v1_rom_shim.S.obj
                0x10004208                dunpacks
 .text.__aeabi_lmul
                0x10004244       0x32 CMakeFiles/carWithJoystick.dir/D_/VSARM/sdk/pico/pico-sdk/src/rp2_common/pico_int64_ops/pico_int64_ops_aeabi.S.obj
                0x10004244                __wrap___aeabi_lmul
 *fill*         0x10004276        0x2 
 .text.__aeabi_float_init
                0x10004278       0x64 CMakeFiles/carWithJoystick.dir/D_/VSARM/sdk/pico/pico-sdk/src/rp2_common/pico_float/float_init_rom.c.obj
                0x10004278                __aeabi_float_init
 .text.float_table_shim_on_use_helper
                0x100042dc       0x2c CMakeFiles/carWithJoystick.dir/D_/VSARM/sdk/pico/pico-sdk/src/rp2_common/pico_float/float_v1_rom_shim.S.obj
                0x100042dc                float_table_shim_on_use_helper
 .text          0x10004308       0x10 CMakeFiles/carWithJoystick.dir/D_/VSARM/sdk/pico/pico-sdk/src/rp2_common/pico_mem_ops/mem_ops_aeabi.S.obj
                0x10004308                __aeabi_mem_init
 .text.memset   0x10004318        0xc CMakeFiles/carWithJoystick.dir/D_/VSARM/sdk/pico/pico-sdk/src/rp2_common/pico_mem_ops/mem_ops_aeabi.S.obj
                0x10004318                __wrap_memset
 .text.memcpy   0x10004324        0xc CMakeFiles/carWithJoystick.dir/D_/VSARM/sdk/pico/pico-sdk/src/rp2_common/pico_mem_ops/mem_ops_aeabi.S.obj
                0x10004324                __wrap_memcpy
                0x10004324                __wrap___aeabi_memcpy
 .text.stdio_out_chars_crlf
                0x10004330       0x94 CMakeFiles/carWithJoystick.dir/D_/VSARM/sdk/pico/pico-sdk/src/rp2_common/pico_stdio/stdio.c.obj
 .text.stdio_buffered_printer
                0x100043c4       0x64 CMakeFiles/carWithJoystick.dir/D_/VSARM/sdk/pico/pico-sdk/src/rp2_common/pico_stdio/stdio.c.obj
 .text.__wrap_putchar
                0x10004428       0x98 CMakeFiles/carWithJoystick.dir/D_/VSARM/sdk/pico/pico-sdk/src/rp2_common/pico_stdio/stdio.c.obj
                0x10004428                __wrap_putchar
 .text.__wrap_puts
                0x100044c0       0xe0 CMakeFiles/carWithJoystick.dir/D_/VSARM/sdk/pico/pico-sdk/src/rp2_common/pico_stdio/stdio.c.obj
                0x100044c0                __wrap_puts
 .text.stdio_set_driver_enabled
                0x100045a0       0x30 CMakeFiles/carWithJoystick.dir/D_/VSARM/sdk/pico/pico-sdk/src/rp2_common/pico_stdio/stdio.c.obj
                0x100045a0                stdio_set_driver_enabled
 .text.__wrap_vprintf
                0x100045d0       0xd4 CMakeFiles/carWithJoystick.dir/D_/VSARM/sdk/pico/pico-sdk/src/rp2_common/pico_stdio/stdio.c.obj
                0x100045d0                __wrap_vprintf
 .text.__wrap_printf
                0x100046a4       0x18 CMakeFiles/carWithJoystick.dir/D_/VSARM/sdk/pico/pico-sdk/src/rp2_common/pico_stdio/stdio.c.obj
                0x100046a4                __wrap_printf
 .text.stdio_init_all
                0x100046bc        0x8 CMakeFiles/carWithJoystick.dir/D_/VSARM/sdk/pico/pico-sdk/src/rp2_common/pico_stdio/stdio.c.obj
                0x100046bc                stdio_init_all
 .text.resetd_init
                0x100046c4        0x4 CMakeFiles/carWithJoystick.dir/D_/VSARM/sdk/pico/pico-sdk/src/rp2_common/pico_stdio_usb/reset_interface.c.obj
 .text.resetd_reset
                0x100046c8        0xc CMakeFiles/carWithJoystick.dir/D_/VSARM/sdk/pico/pico-sdk/src/rp2_common/pico_stdio_usb/reset_interface.c.obj
 .text.resetd_open
                0x100046d4       0x28 CMakeFiles/carWithJoystick.dir/D_/VSARM/sdk/pico/pico-sdk/src/rp2_common/pico_stdio_usb/reset_interface.c.obj
 .text.resetd_xfer_cb
                0x100046fc        0x4 CMakeFiles/carWithJoystick.dir/D_/VSARM/sdk/pico/pico-sdk/src/rp2_common/pico_stdio_usb/reset_interface.c.obj
 .text.resetd_control_xfer_cb
                0x10004700       0x60 CMakeFiles/carWithJoystick.dir/D_/VSARM/sdk/pico/pico-sdk/src/rp2_common/pico_stdio_usb/reset_interface.c.obj
 .text.usbd_app_driver_get_cb
                0x10004760        0xc CMakeFiles/carWithJoystick.dir/D_/VSARM/sdk/pico/pico-sdk/src/rp2_common/pico_stdio_usb/reset_interface.c.obj
                0x10004760                usbd_app_driver_get_cb
 .text.tud_cdc_line_coding_cb
                0x1000476c       0x34 CMakeFiles/carWithJoystick.dir/D_/VSARM/sdk/pico/pico-sdk/src/rp2_common/pico_stdio_usb/reset_interface.c.obj
                0x1000476c                tud_cdc_line_coding_cb
 .text.stdio_usb_set_chars_available_callback
                0x100047a0       0x14 CMakeFiles/carWithJoystick.dir/D_/VSARM/sdk/pico/pico-sdk/src/rp2_common/pico_stdio_usb/stdio_usb.c.obj
                0x100047a0                stdio_usb_set_chars_available_callback
 .text.usb_irq  0x100047b4       0x10 CMakeFiles/carWithJoystick.dir/D_/VSARM/sdk/pico/pico-sdk/src/rp2_common/pico_stdio_usb/stdio_usb.c.obj
 .text.timer_task
                0x100047c4       0x54 CMakeFiles/carWithJoystick.dir/D_/VSARM/sdk/pico/pico-sdk/src/rp2_common/pico_stdio_usb/stdio_usb.c.obj
 .text.stdio_usb_in_chars
                0x10004818       0x90 CMakeFiles/carWithJoystick.dir/D_/VSARM/sdk/pico/pico-sdk/src/rp2_common/pico_stdio_usb/stdio_usb.c.obj
                0x10004818                stdio_usb_in_chars
 .text.stdio_usb_out_chars
                0x100048a8      0x104 CMakeFiles/carWithJoystick.dir/D_/VSARM/sdk/pico/pico-sdk/src/rp2_common/pico_stdio_usb/stdio_usb.c.obj
 .text.low_priority_worker_irq
                0x100049ac       0xa8 CMakeFiles/carWithJoystick.dir/D_/VSARM/sdk/pico/pico-sdk/src/rp2_common/pico_stdio_usb/stdio_usb.c.obj
 .text.tud_cdc_rx_cb
                0x10004a54       0x20 CMakeFiles/carWithJoystick.dir/D_/VSARM/sdk/pico/pico-sdk/src/rp2_common/pico_stdio_usb/stdio_usb.c.obj
                0x10004a54                tud_cdc_rx_cb
 .text.stdio_usb_init
                0x10004a74       0xe0 CMakeFiles/carWithJoystick.dir/D_/VSARM/sdk/pico/pico-sdk/src/rp2_common/pico_stdio_usb/stdio_usb.c.obj
                0x10004a74                stdio_usb_init
 .text.tud_descriptor_device_cb
                0x10004b54        0x8 CMakeFiles/carWithJoystick.dir/D_/VSARM/sdk/pico/pico-sdk/src/rp2_common/pico_stdio_usb/stdio_usb_descriptors.c.obj
                0x10004b54                tud_descriptor_device_cb
 .text.tud_descriptor_configuration_cb
                0x10004b5c        0x8 CMakeFiles/carWithJoystick.dir/D_/VSARM/sdk/pico/pico-sdk/src/rp2_common/pico_stdio_usb/stdio_usb_descriptors.c.obj
                0x10004b5c                tud_descriptor_configuration_cb
 .text.tud_descriptor_string_cb
                0x10004b64       0x78 CMakeFiles/carWithJoystick.dir/D_/VSARM/sdk/pico/pico-sdk/src/rp2_common/pico_stdio_usb/stdio_usb_descriptors.c.obj
                0x10004b64                tud_descriptor_string_cb
 .text.startup._retrieve_unique_id_on_boot
                0x10004bdc       0x10 CMakeFiles/carWithJoystick.dir/D_/VSARM/sdk/pico/pico-sdk/src/rp2_common/pico_unique_id/unique_id.c.obj
 .text.pico_get_unique_board_id_string
                0x10004bec      0x1a8 CMakeFiles/carWithJoystick.dir/D_/VSARM/sdk/pico/pico-sdk/src/rp2_common/pico_unique_id/unique_id.c.obj
                0x10004bec                pico_get_unique_board_id_string
 .text.flash_get_unique_id
                0x10004d94       0x40 CMakeFiles/carWithJoystick.dir/D_/VSARM/sdk/pico/pico-sdk/src/rp2_common/hardware_flash/flash.c.obj
                0x10004d94                flash_get_unique_id
 .text.dcd_int_enable
                0x10004dd4        0xc CMakeFiles/carWithJoystick.dir/D_/VSARM/sdk/pico/pico-sdk/lib/tinyusb/src/portable/raspberrypi/rp2040/dcd_rp2040.c.obj
                0x10004dd4                dcd_int_enable
 .text.dcd_set_address
                0x10004de0       0x14 CMakeFiles/carWithJoystick.dir/D_/VSARM/sdk/pico/pico-sdk/lib/tinyusb/src/portable/raspberrypi/rp2040/dcd_rp2040.c.obj
                0x10004de0                dcd_set_address
 .text.dcd_connect
                0x10004df4       0x10 CMakeFiles/carWithJoystick.dir/D_/VSARM/sdk/pico/pico-sdk/lib/tinyusb/src/portable/raspberrypi/rp2040/dcd_rp2040.c.obj
                0x10004df4                dcd_connect
 .text.dcd_init
                0x10004e04       0x98 CMakeFiles/carWithJoystick.dir/D_/VSARM/sdk/pico/pico-sdk/lib/tinyusb/src/portable/raspberrypi/rp2040/dcd_rp2040.c.obj
                0x10004e04                dcd_init
 .text.dcd_edpt0_status_complete
                0x10004e9c       0x1c CMakeFiles/carWithJoystick.dir/D_/VSARM/sdk/pico/pico-sdk/lib/tinyusb/src/portable/raspberrypi/rp2040/dcd_rp2040.c.obj
                0x10004e9c                dcd_edpt0_status_complete
 .text.dcd_edpt_open
                0x10004eb8      0x108 CMakeFiles/carWithJoystick.dir/D_/VSARM/sdk/pico/pico-sdk/lib/tinyusb/src/portable/raspberrypi/rp2040/dcd_rp2040.c.obj
                0x10004eb8                dcd_edpt_open
 .text.dcd_edpt_close_all
                0x10004fc0        0x8 CMakeFiles/carWithJoystick.dir/D_/VSARM/sdk/pico/pico-sdk/lib/tinyusb/src/portable/raspberrypi/rp2040/dcd_rp2040.c.obj
                0x10004fc0                dcd_edpt_close_all
 .text.dcd_edpt_xfer
                0x10004fc8       0x24 CMakeFiles/carWithJoystick.dir/D_/VSARM/sdk/pico/pico-sdk/lib/tinyusb/src/portable/raspberrypi/rp2040/dcd_rp2040.c.obj
                0x10004fc8                dcd_edpt_xfer
 .text.dcd_edpt_stall
                0x10004fec       0x34 CMakeFiles/carWithJoystick.dir/D_/VSARM/sdk/pico/pico-sdk/lib/tinyusb/src/portable/raspberrypi/rp2040/dcd_rp2040.c.obj
                0x10004fec                dcd_edpt_stall
 .text.dcd_edpt_clear_stall
                0x10005020       0x30 CMakeFiles/carWithJoystick.dir/D_/VSARM/sdk/pico/pico-sdk/lib/tinyusb/src/portable/raspberrypi/rp2040/dcd_rp2040.c.obj
                0x10005020                dcd_edpt_clear_stall
 .text.rp2040_usb_init
                0x10005050       0x4c CMakeFiles/carWithJoystick.dir/D_/VSARM/sdk/pico/pico-sdk/lib/tinyusb/src/portable/raspberrypi/rp2040/rp2040_usb.c.obj
                0x10005050                rp2040_usb_init
 .text.hw_endpoint_xfer_start
                0x1000509c       0x40 CMakeFiles/carWithJoystick.dir/D_/VSARM/sdk/pico/pico-sdk/lib/tinyusb/src/portable/raspberrypi/rp2040/rp2040_usb.c.obj
                0x1000509c                hw_endpoint_xfer_start
 .text.tud_mounted
                0x100050dc       0x10 CMakeFiles/carWithJoystick.dir/D_/VSARM/sdk/pico/pico-sdk/lib/tinyusb/src/device/usbd.c.obj
                0x100050dc                tud_mounted
 .text.tud_suspended
                0x100050ec       0x10 CMakeFiles/carWithJoystick.dir/D_/VSARM/sdk/pico/pico-sdk/lib/tinyusb/src/device/usbd.c.obj
                0x100050ec                tud_suspended
 .text.tud_inited
                0x100050fc       0x14 CMakeFiles/carWithJoystick.dir/D_/VSARM/sdk/pico/pico-sdk/lib/tinyusb/src/device/usbd.c.obj
                0x100050fc                tud_inited
 .text.tud_init
                0x10005110       0xd8 CMakeFiles/carWithJoystick.dir/D_/VSARM/sdk/pico/pico-sdk/lib/tinyusb/src/device/usbd.c.obj
                0x10005110                tud_init
 .text.tud_task_ext
                0x100051e8      0x8a4 CMakeFiles/carWithJoystick.dir/D_/VSARM/sdk/pico/pico-sdk/lib/tinyusb/src/device/usbd.c.obj
                0x100051e8                tud_task_ext
 .text.usbd_open_edpt_pair
                0x10005a8c       0x9c CMakeFiles/carWithJoystick.dir/D_/VSARM/sdk/pico/pico-sdk/lib/tinyusb/src/device/usbd.c.obj
                0x10005a8c                usbd_open_edpt_pair
 .text.usbd_defer_func
                0x10005b28       0x48 CMakeFiles/carWithJoystick.dir/D_/VSARM/sdk/pico/pico-sdk/lib/tinyusb/src/device/usbd.c.obj
                0x10005b28                usbd_defer_func
 .text.usbd_edpt_open
                0x10005b70       0x34 CMakeFiles/carWithJoystick.dir/D_/VSARM/sdk/pico/pico-sdk/lib/tinyusb/src/device/usbd.c.obj
                0x10005b70                usbd_edpt_open
 .text.usbd_edpt_claim
                0x10005ba4       0x28 CMakeFiles/carWithJoystick.dir/D_/VSARM/sdk/pico/pico-sdk/lib/tinyusb/src/device/usbd.c.obj
                0x10005ba4                usbd_edpt_claim
 .text.usbd_edpt_release
                0x10005bcc       0x28 CMakeFiles/carWithJoystick.dir/D_/VSARM/sdk/pico/pico-sdk/lib/tinyusb/src/device/usbd.c.obj
                0x10005bcc                usbd_edpt_release
 .text.usbd_edpt_xfer
                0x10005bf4       0x4c CMakeFiles/carWithJoystick.dir/D_/VSARM/sdk/pico/pico-sdk/lib/tinyusb/src/device/usbd.c.obj
                0x10005bf4                usbd_edpt_xfer
 .text.tud_control_status
                0x10005c40       0x2c CMakeFiles/carWithJoystick.dir/D_/VSARM/sdk/pico/pico-sdk/lib/tinyusb/src/device/usbd_control.c.obj
                0x10005c40                tud_control_status
 .text.tud_control_xfer
                0x10005c6c       0xac CMakeFiles/carWithJoystick.dir/D_/VSARM/sdk/pico/pico-sdk/lib/tinyusb/src/device/usbd_control.c.obj
                0x10005c6c                tud_control_xfer
 .text.usbd_control_reset
                0x10005d18       0x14 CMakeFiles/carWithJoystick.dir/D_/VSARM/sdk/pico/pico-sdk/lib/tinyusb/src/device/usbd_control.c.obj
                0x10005d18                usbd_control_reset
 .text.usbd_control_set_complete_callback
                0x10005d2c        0xc CMakeFiles/carWithJoystick.dir/D_/VSARM/sdk/pico/pico-sdk/lib/tinyusb/src/device/usbd_control.c.obj
                0x10005d2c                usbd_control_set_complete_callback
 .text.usbd_control_set_request
                0x10005d38       0x1c CMakeFiles/carWithJoystick.dir/D_/VSARM/sdk/pico/pico-sdk/lib/tinyusb/src/device/usbd_control.c.obj
                0x10005d38                usbd_control_set_request
 .text.usbd_control_xfer_cb
                0x10005d54       0xf4 CMakeFiles/carWithJoystick.dir/D_/VSARM/sdk/pico/pico-sdk/lib/tinyusb/src/device/usbd_control.c.obj
                0x10005d54                usbd_control_xfer_cb
 .text.tud_cdc_n_connected
                0x10005e48       0x30 CMakeFiles/carWithJoystick.dir/D_/VSARM/sdk/pico/pico-sdk/lib/tinyusb/src/class/cdc/cdc_device.c.obj
                0x10005e48                tud_cdc_n_connected
 .text.tud_cdc_n_available
                0x10005e78       0x18 CMakeFiles/carWithJoystick.dir/D_/VSARM/sdk/pico/pico-sdk/lib/tinyusb/src/class/cdc/cdc_device.c.obj
                0x10005e78                tud_cdc_n_available
 .text.tud_cdc_n_read
                0x10005e90       0x70 CMakeFiles/carWithJoystick.dir/D_/VSARM/sdk/pico/pico-sdk/lib/tinyusb/src/class/cdc/cdc_device.c.obj
                0x10005e90                tud_cdc_n_read
 .text.tud_cdc_n_write_flush
                0x10005f00       0x78 CMakeFiles/carWithJoystick.dir/D_/VSARM/sdk/pico/pico-sdk/lib/tinyusb/src/class/cdc/cdc_device.c.obj
                0x10005f00                tud_cdc_n_write_flush
 .text.tud_cdc_n_write
                0x10005f78       0x34 CMakeFiles/carWithJoystick.dir/D_/VSARM/sdk/pico/pico-sdk/lib/tinyusb/src/class/cdc/cdc_device.c.obj
                0x10005f78                tud_cdc_n_write
 .text.tud_cdc_n_write_available
                0x10005fac       0x18 CMakeFiles/carWithJoystick.dir/D_/VSARM/sdk/pico/pico-sdk/lib/tinyusb/src/class/cdc/cdc_device.c.obj
                0x10005fac                tud_cdc_n_write_available
 .text.cdcd_init
                0x10005fc4       0x7c CMakeFiles/carWithJoystick.dir/D_/VSARM/sdk/pico/pico-sdk/lib/tinyusb/src/class/cdc/cdc_device.c.obj
                0x10005fc4                cdcd_init
 .text.cdcd_reset
                0x10006040       0x2c CMakeFiles/carWithJoystick.dir/D_/VSARM/sdk/pico/pico-sdk/lib/tinyusb/src/class/cdc/cdc_device.c.obj
                0x10006040                cdcd_reset
 .text.cdcd_open
                0x1000606c       0xe4 CMakeFiles/carWithJoystick.dir/D_/VSARM/sdk/pico/pico-sdk/lib/tinyusb/src/class/cdc/cdc_device.c.obj
                0x1000606c                cdcd_open
 .text.cdcd_control_xfer_cb
                0x10006150       0xe4 CMakeFiles/carWithJoystick.dir/D_/VSARM/sdk/pico/pico-sdk/lib/tinyusb/src/class/cdc/cdc_device.c.obj
                0x10006150                cdcd_control_xfer_cb
 .text.cdcd_xfer_cb
                0x10006234      0x13c CMakeFiles/carWithJoystick.dir/D_/VSARM/sdk/pico/pico-sdk/lib/tinyusb/src/class/cdc/cdc_device.c.obj
                0x10006234                cdcd_xfer_cb
 .text.tusb_init
                0x10006370        0xc CMakeFiles/carWithJoystick.dir/D_/VSARM/sdk/pico/pico-sdk/lib/tinyusb/src/tusb.c.obj
                0x10006370                tusb_init
 .text.tusb_inited
                0x1000637c        0x8 CMakeFiles/carWithJoystick.dir/D_/VSARM/sdk/pico/pico-sdk/lib/tinyusb/src/tusb.c.obj
                0x1000637c                tusb_inited
 .text.tu_edpt_claim
                0x10006384       0x50 CMakeFiles/carWithJoystick.dir/D_/VSARM/sdk/pico/pico-sdk/lib/tinyusb/src/tusb.c.obj
                0x10006384                tu_edpt_claim
 .text.tu_edpt_release
                0x100063d4       0x38 CMakeFiles/carWithJoystick.dir/D_/VSARM/sdk/pico/pico-sdk/lib/tinyusb/src/tusb.c.obj
                0x100063d4                tu_edpt_release
 .text.tu_edpt_validate
                0x1000640c       0x7c CMakeFiles/carWithJoystick.dir/D_/VSARM/sdk/pico/pico-sdk/lib/tinyusb/src/tusb.c.obj
                0x1000640c                tu_edpt_validate
 .text.tu_edpt_bind_driver
                0x10006488       0x34 CMakeFiles/carWithJoystick.dir/D_/VSARM/sdk/pico/pico-sdk/lib/tinyusb/src/tusb.c.obj
                0x10006488                tu_edpt_bind_driver
 .text.tu_fifo_config
                0x100064bc       0x6c CMakeFiles/carWithJoystick.dir/D_/VSARM/sdk/pico/pico-sdk/lib/tinyusb/src/common/tusb_fifo.c.obj
                0x100064bc                tu_fifo_config
 .text.tu_fifo_count
                0x10006528       0x2c CMakeFiles/carWithJoystick.dir/D_/VSARM/sdk/pico/pico-sdk/lib/tinyusb/src/common/tusb_fifo.c.obj
                0x10006528                tu_fifo_count
 .text.tu_fifo_empty
                0x10006554       0x10 CMakeFiles/carWithJoystick.dir/D_/VSARM/sdk/pico/pico-sdk/lib/tinyusb/src/common/tusb_fifo.c.obj
                0x10006554                tu_fifo_empty
 .text.tu_fifo_remaining
                0x10006564       0x2c CMakeFiles/carWithJoystick.dir/D_/VSARM/sdk/pico/pico-sdk/lib/tinyusb/src/common/tusb_fifo.c.obj
                0x10006564                tu_fifo_remaining
 .text.tu_fifo_read
                0x10006590       0x9c CMakeFiles/carWithJoystick.dir/D_/VSARM/sdk/pico/pico-sdk/lib/tinyusb/src/common/tusb_fifo.c.obj
                0x10006590                tu_fifo_read
 .text.tu_fifo_read_n
                0x1000662c       0xe8 CMakeFiles/carWithJoystick.dir/D_/VSARM/sdk/pico/pico-sdk/lib/tinyusb/src/common/tusb_fifo.c.obj
                0x1000662c                tu_fifo_read_n
 .text.tu_fifo_write
                0x10006714       0x88 CMakeFiles/carWithJoystick.dir/D_/VSARM/sdk/pico/pico-sdk/lib/tinyusb/src/common/tusb_fifo.c.obj
                0x10006714                tu_fifo_write
 .text.tu_fifo_write_n
                0x1000679c      0x178 CMakeFiles/carWithJoystick.dir/D_/VSARM/sdk/pico/pico-sdk/lib/tinyusb/src/common/tusb_fifo.c.obj
                0x1000679c                tu_fifo_write_n
 .text.tu_fifo_clear
                0x10006914       0x40 CMakeFiles/carWithJoystick.dir/D_/VSARM/sdk/pico/pico-sdk/lib/tinyusb/src/common/tusb_fifo.c.obj
                0x10006914                tu_fifo_clear
 .text.tu_fifo_set_overwritable
                0x10006954       0x48 CMakeFiles/carWithJoystick.dir/D_/VSARM/sdk/pico/pico-sdk/lib/tinyusb/src/common/tusb_fifo.c.obj
                0x10006954                tu_fifo_set_overwritable
 .text.adc_init
                0x1000699c       0x38 CMakeFiles/carWithJoystick.dir/D_/VSARM/sdk/pico/pico-sdk/src/rp2_common/hardware_adc/adc.c.obj
                0x1000699c                adc_init
 .text.strlen   0x100069d4       0x5c d:/program files2/gnu tool chain/12.3 rel1/bin/../lib/gcc/arm-none-eabi/12.3.1/thumb/v6-m/nofp\libc.a(libc_a-strlen-stub.o)
                0x100069d4                strlen
 *(.fini)
 .fini          0x10006a30        0x4 d:/program files2/gnu tool chain/12.3 rel1/bin/../lib/gcc/arm-none-eabi/12.3.1/thumb/v6-m/nofp/crti.o
                0x10006a30                _fini
 *fill*         0x10006a34        0x4 
 .fini.__stub   0x10006a38       0xc0 linker stubs
 *crtbegin.o(.ctors)
 *crtbegin?.o(.ctors)
 *(EXCLUDE_FILE(*crtend.o *crtend?.o) .ctors)
 *(SORT_BY_NAME(.ctors.*))
 *(.ctors)
 *crtbegin.o(.dtors)
 *crtbegin?.o(.dtors)
 *(EXCLUDE_FILE(*crtend.o *crtend?.o) .dtors)
 *(SORT_BY_NAME(.dtors.*))
 *(.dtors)
 *(.eh_frame*)
 .eh_frame      0x10006af8        0x0 d:/program files2/gnu tool chain/12.3 rel1/bin/../lib/gcc/arm-none-eabi/12.3.1/thumb/v6-m/nofp/crtbegin.o
                0x10006af8                        . = ALIGN (0x4)

.glue_7         0x10006af8        0x0
 .glue_7        0x10006af8        0x0 linker stubs

.glue_7t        0x10006af8        0x0
 .glue_7t       0x10006af8        0x0 linker stubs

.vfp11_veneer   0x10006af8        0x0
 .vfp11_veneer  0x10006af8        0x0 linker stubs

.v4_bx          0x10006af8        0x0
 .v4_bx         0x10006af8        0x0 linker stubs

.iplt           0x10006af8        0x0
 .iplt          0x10006af8        0x0 d:/program files2/gnu tool chain/12.3 rel1/bin/../lib/gcc/arm-none-eabi/12.3.1/thumb/v6-m/nofp/crtbegin.o

.rodata         0x10006af8      0x4ec
 *(EXCLUDE_FILE(*libm.a: *libc.a:*lib_a-mem*.o *libgcc.a:) .rodata*)
 .rodata.main.str1.4
                0x10006af8        0xd CMakeFiles/carWithJoystick.dir/main.c.obj
 *fill*         0x10006b05        0x3 
 .rodata.spin_lock_claim_unused.str1.4
                0x10006b08       0x1b CMakeFiles/carWithJoystick.dir/D_/VSARM/sdk/pico/pico-sdk/src/rp2_common/hardware_sync/sync.c.obj
 *fill*         0x10006b23        0x1 
 .rodata.user_irq_claim_unused.str1.4
                0x10006b24       0x1b CMakeFiles/carWithJoystick.dir/D_/VSARM/sdk/pico/pico-sdk/src/rp2_common/hardware_irq/irq.c.obj
 *fill*         0x10006b3f        0x1 
 .rodata.hardware_alarm_claim.str1.4
                0x10006b40       0x22 CMakeFiles/carWithJoystick.dir/D_/VSARM/sdk/pico/pico-sdk/src/rp2_common/hardware_timer/timer.c.obj
 *fill*         0x10006b62        0x2 
 .rodata.panic.str1.4
                0x10006b64       0x12 CMakeFiles/carWithJoystick.dir/D_/VSARM/sdk/pico/pico-sdk/src/rp2_common/pico_runtime/runtime.c.obj
 *fill*         0x10006b76        0x2 
 .rodata.hard_assertion_failure.str1.4
                0x10006b78        0xc CMakeFiles/carWithJoystick.dir/D_/VSARM/sdk/pico/pico-sdk/src/rp2_common/pico_runtime/runtime.c.obj
 .rodata._ftoa.str1.4
                0x10006b84       0x15 CMakeFiles/carWithJoystick.dir/D_/VSARM/sdk/pico/pico-sdk/src/rp2_common/pico_printf/printf.c.obj
 *fill*         0x10006b99        0x3 
 .rodata._vsnprintf
                0x10006b9c      0x19c CMakeFiles/carWithJoystick.dir/D_/VSARM/sdk/pico/pico-sdk/src/rp2_common/pico_printf/printf.c.obj
 .rodata.pow10.0
                0x10006d38       0x50 CMakeFiles/carWithJoystick.dir/D_/VSARM/sdk/pico/pico-sdk/src/rp2_common/pico_printf/printf.c.obj
 .rodata.str1.4
                0x10006d88       0x44 CMakeFiles/carWithJoystick.dir/D_/VSARM/sdk/pico/pico-sdk/src/rp2_common/pico_standard_link/binary_info.c.obj
 .rodata.__bi_81
                0x10006dcc        0xc CMakeFiles/carWithJoystick.dir/D_/VSARM/sdk/pico/pico-sdk/src/rp2_common/pico_standard_link/binary_info.c.obj
 .rodata.__bi_75
                0x10006dd8        0xc CMakeFiles/carWithJoystick.dir/D_/VSARM/sdk/pico/pico-sdk/src/rp2_common/pico_standard_link/binary_info.c.obj
 .rodata.__bi_44
                0x10006de4        0xc CMakeFiles/carWithJoystick.dir/D_/VSARM/sdk/pico/pico-sdk/src/rp2_common/pico_standard_link/binary_info.c.obj
 .rodata.crlf_str.0
                0x10006df0        0x2 CMakeFiles/carWithJoystick.dir/D_/VSARM/sdk/pico/pico-sdk/src/rp2_common/pico_stdio/stdio.c.obj
 *fill*         0x10006df2        0x2 
 .rodata._resetd_driver
                0x10006df4       0x18 CMakeFiles/carWithJoystick.dir/D_/VSARM/sdk/pico/pico-sdk/src/rp2_common/pico_stdio_usb/reset_interface.c.obj
 .rodata.str1.4
                0x10006e0c       0x13 CMakeFiles/carWithJoystick.dir/D_/VSARM/sdk/pico/pico-sdk/src/rp2_common/pico_stdio_usb/stdio_usb.c.obj
 *fill*         0x10006e1f        0x1 
 .rodata.__bi_182.0
                0x10006e20        0xc CMakeFiles/carWithJoystick.dir/D_/VSARM/sdk/pico/pico-sdk/src/rp2_common/pico_stdio_usb/stdio_usb.c.obj
 .rodata.str1.4
                0x10006e2c       0x2a CMakeFiles/carWithJoystick.dir/D_/VSARM/sdk/pico/pico-sdk/src/rp2_common/pico_stdio_usb/stdio_usb_descriptors.c.obj
 *fill*         0x10006e56        0x2 
 .rodata.usbd_desc_str
                0x10006e58       0x18 CMakeFiles/carWithJoystick.dir/D_/VSARM/sdk/pico/pico-sdk/src/rp2_common/pico_stdio_usb/stdio_usb_descriptors.c.obj
 .rodata.usbd_desc_cfg
                0x10006e70       0x54 CMakeFiles/carWithJoystick.dir/D_/VSARM/sdk/pico/pico-sdk/src/rp2_common/pico_stdio_usb/stdio_usb_descriptors.c.obj
 .rodata.usbd_desc_device
                0x10006ec4       0x12 CMakeFiles/carWithJoystick.dir/D_/VSARM/sdk/pico/pico-sdk/src/rp2_common/pico_stdio_usb/stdio_usb_descriptors.c.obj
 *fill*         0x10006ed6        0x2 
 .rodata.str1.4
                0x10006ed8       0x14 CMakeFiles/carWithJoystick.dir/D_/VSARM/sdk/pico/pico-sdk/lib/tinyusb/src/portable/raspberrypi/rp2040/dcd_rp2040.c.obj
 .rodata.str1.4
                0x10006eec       0x53 CMakeFiles/carWithJoystick.dir/D_/VSARM/sdk/pico/pico-sdk/lib/tinyusb/src/portable/raspberrypi/rp2040/rp2040_usb.c.obj
 *fill*         0x10006f3f        0x1 
 .rodata.tud_task_ext
                0x10006f40       0x8c CMakeFiles/carWithJoystick.dir/D_/VSARM/sdk/pico/pico-sdk/lib/tinyusb/src/device/usbd.c.obj
 .rodata._usbd_driver
                0x10006fcc       0x18 CMakeFiles/carWithJoystick.dir/D_/VSARM/sdk/pico/pico-sdk/lib/tinyusb/src/device/usbd.c.obj
                0x10006fe4                        . = ALIGN (0x4)
 *(SORT_BY_ALIGNMENT(SORT_BY_NAME(.flashdata*)))
                0x10006fe4                        . = ALIGN (0x4)

.ARM.extab
 *(.ARM.extab* .gnu.linkonce.armextab.*)
                0x10006fe4                        __exidx_start = .

.ARM.exidx
 *(.ARM.exidx* .gnu.linkonce.armexidx.*)
                0x10006fe4                        __exidx_end = .
                0x10006fe4                        . = ALIGN (0x4)
                0x10006fe4                        __binary_info_start = .

.binary_info    0x10006fe4       0x20
 *(.binary_info.keep.*)
 .binary_info.keep.__bi_ptr81
                0x10006fe4        0x4 CMakeFiles/carWithJoystick.dir/D_/VSARM/sdk/pico/pico-sdk/src/rp2_common/pico_standard_link/binary_info.c.obj
 .binary_info.keep.__bi_ptr75
                0x10006fe8        0x4 CMakeFiles/carWithJoystick.dir/D_/VSARM/sdk/pico/pico-sdk/src/rp2_common/pico_standard_link/binary_info.c.obj
 .binary_info.keep.__bi_ptr50
                0x10006fec        0x4 CMakeFiles/carWithJoystick.dir/D_/VSARM/sdk/pico/pico-sdk/src/rp2_common/pico_standard_link/binary_info.c.obj
 .binary_info.keep.__bi_ptr44
                0x10006ff0        0x4 CMakeFiles/carWithJoystick.dir/D_/VSARM/sdk/pico/pico-sdk/src/rp2_common/pico_standard_link/binary_info.c.obj
 .binary_info.keep.__bi_ptr38
                0x10006ff4        0x4 CMakeFiles/carWithJoystick.dir/D_/VSARM/sdk/pico/pico-sdk/src/rp2_common/pico_standard_link/binary_info.c.obj
 .binary_info.keep.__bi_ptr30
                0x10006ff8        0x4 CMakeFiles/carWithJoystick.dir/D_/VSARM/sdk/pico/pico-sdk/src/rp2_common/pico_standard_link/binary_info.c.obj
 .binary_info.keep.__bi_ptr22
                0x10006ffc        0x4 CMakeFiles/carWithJoystick.dir/D_/VSARM/sdk/pico/pico-sdk/src/rp2_common/pico_standard_link/binary_info.c.obj
 *(.binary_info.*)
 .binary_info.__bi_ptr182
                0x10007000        0x4 CMakeFiles/carWithJoystick.dir/D_/VSARM/sdk/pico/pico-sdk/src/rp2_common/pico_stdio_usb/stdio_usb.c.obj
                0x10007004                        __binary_info_end = .

.rel.dyn        0x10007004        0x0
 .rel.iplt      0x10007004        0x0 d:/program files2/gnu tool chain/12.3 rel1/bin/../lib/gcc/arm-none-eabi/12.3.1/thumb/v6-m/nofp/crtbegin.o
                0x10007004                        . = ALIGN (0x4)

.ram_vector_table
                0x20000000       0xc0
 *(.ram_vector_table)
 .ram_vector_table
                0x20000000       0xc0 CMakeFiles/carWithJoystick.dir/D_/VSARM/sdk/pico/pico-sdk/src/rp2_common/pico_runtime/runtime.c.obj
                0x20000000                ram_vector_table

.data           0x200000c0      0xe20 load address 0x10007004
                0x200000c0                        __data_start__ = .
 *(vtable)
 *(.time_critical*)
 .time_critical.mutex_try_enter
                0x200000c0       0x40 CMakeFiles/carWithJoystick.dir/D_/VSARM/sdk/pico/pico-sdk/src/common/pico_sync/mutex.c.obj
                0x200000c0                mutex_try_enter
 .time_critical.mutex_try_enter_block_until
                0x20000100       0x9c CMakeFiles/carWithJoystick.dir/D_/VSARM/sdk/pico/pico-sdk/src/common/pico_sync/mutex.c.obj
                0x20000100                mutex_try_enter_block_until
 .time_critical.mutex_enter_timeout_ms
                0x2000019c       0x90 CMakeFiles/carWithJoystick.dir/D_/VSARM/sdk/pico/pico-sdk/src/common/pico_sync/mutex.c.obj
                0x2000019c                mutex_enter_timeout_ms
 .time_critical.mutex_exit
                0x2000022c       0x28 CMakeFiles/carWithJoystick.dir/D_/VSARM/sdk/pico/pico-sdk/src/common/pico_sync/mutex.c.obj
                0x2000022c                mutex_exit
 .time_critical.flash_init_boot2_copyout
                0x20000254       0x30 CMakeFiles/carWithJoystick.dir/D_/VSARM/sdk/pico/pico-sdk/src/rp2_common/hardware_flash/flash.c.obj
 .time_critical.flash_enable_xip_via_boot2
                0x20000284        0xc CMakeFiles/carWithJoystick.dir/D_/VSARM/sdk/pico/pico-sdk/src/rp2_common/hardware_flash/flash.c.obj
 .time_critical.flash_cs_force
                0x20000290       0x38 CMakeFiles/carWithJoystick.dir/D_/VSARM/sdk/pico/pico-sdk/src/rp2_common/hardware_flash/flash.c.obj
 .time_critical.flash_do_cmd
                0x200002c8       0xc0 CMakeFiles/carWithJoystick.dir/D_/VSARM/sdk/pico/pico-sdk/src/rp2_common/hardware_flash/flash.c.obj
                0x200002c8                flash_do_cmd
 .time_critical.reset_non_control_endpoints
                0x20000388       0x68 CMakeFiles/carWithJoystick.dir/D_/VSARM/sdk/pico/pico-sdk/lib/tinyusb/src/portable/raspberrypi/rp2040/dcd_rp2040.c.obj
 .time_critical.hw_handle_buff_status
                0x200003f0       0xac CMakeFiles/carWithJoystick.dir/D_/VSARM/sdk/pico/pico-sdk/lib/tinyusb/src/portable/raspberrypi/rp2040/dcd_rp2040.c.obj
 .time_critical.dcd_rp2040_irq
                0x2000049c      0x510 CMakeFiles/carWithJoystick.dir/D_/VSARM/sdk/pico/pico-sdk/lib/tinyusb/src/portable/raspberrypi/rp2040/dcd_rp2040.c.obj
 .time_critical.e15_is_bulkin_ep
                0x200009ac       0x28 CMakeFiles/carWithJoystick.dir/D_/VSARM/sdk/pico/pico-sdk/lib/tinyusb/src/portable/raspberrypi/rp2040/rp2040_usb.c.obj
 .time_critical.e15_is_critical_frame_period
                0x200009d4       0x34 CMakeFiles/carWithJoystick.dir/D_/VSARM/sdk/pico/pico-sdk/lib/tinyusb/src/portable/raspberrypi/rp2040/rp2040_usb.c.obj
 .time_critical.prepare_ep_buffer
                0x20000a08       0x6c CMakeFiles/carWithJoystick.dir/D_/VSARM/sdk/pico/pico-sdk/lib/tinyusb/src/portable/raspberrypi/rp2040/rp2040_usb.c.obj
 .time_critical.sync_ep_buffer
                0x20000a74       0x48 CMakeFiles/carWithJoystick.dir/D_/VSARM/sdk/pico/pico-sdk/lib/tinyusb/src/portable/raspberrypi/rp2040/rp2040_usb.c.obj
 .time_critical._hw_endpoint_xfer_sync
                0x20000abc       0x28 CMakeFiles/carWithJoystick.dir/D_/VSARM/sdk/pico/pico-sdk/lib/tinyusb/src/portable/raspberrypi/rp2040/rp2040_usb.c.obj
 .time_critical.hw_endpoint_reset_transfer
                0x20000ae4        0xc CMakeFiles/carWithJoystick.dir/D_/VSARM/sdk/pico/pico-sdk/lib/tinyusb/src/portable/raspberrypi/rp2040/rp2040_usb.c.obj
                0x20000ae4                hw_endpoint_reset_transfer
 .time_critical._hw_endpoint_buffer_control_update32
                0x20000af0       0x58 CMakeFiles/carWithJoystick.dir/D_/VSARM/sdk/pico/pico-sdk/lib/tinyusb/src/portable/raspberrypi/rp2040/rp2040_usb.c.obj
                0x20000af0                _hw_endpoint_buffer_control_update32
 .time_critical.hw_endpoint_start_next_buffer
                0x20000b48       0x6c CMakeFiles/carWithJoystick.dir/D_/VSARM/sdk/pico/pico-sdk/lib/tinyusb/src/portable/raspberrypi/rp2040/rp2040_usb.c.obj
                0x20000b48                hw_endpoint_start_next_buffer
 .time_critical.hw_endpoint_xfer_continue
                0x20000bb4       0x50 CMakeFiles/carWithJoystick.dir/D_/VSARM/sdk/pico/pico-sdk/lib/tinyusb/src/portable/raspberrypi/rp2040/rp2040_usb.c.obj
                0x20000bb4                hw_endpoint_xfer_continue
 .time_critical.tinyusb
                0x20000c04      0x170 CMakeFiles/carWithJoystick.dir/D_/VSARM/sdk/pico/pico-sdk/lib/tinyusb/src/device/usbd.c.obj
                0x20000c04                dcd_event_handler
 *(.text*)
 .text          0x20000d74        0x4 d:/program files2/gnu tool chain/12.3 rel1/bin/../lib/gcc/arm-none-eabi/12.3.1/thumb/v6-m/nofp\libgcc.a(_dvmd_tls.o)
                0x20000d74                __aeabi_idiv0
                0x20000d74                __aeabi_ldiv0
 .text.__stub   0x20000d78       0x70 linker stubs
                0x20000de8                        . = ALIGN (0x4)
 *(.rodata*)
                0x20000de8                        . = ALIGN (0x4)
 *(.data*)
 .data.striped_spin_lock_num
                0x20000de8        0x1 CMakeFiles/carWithJoystick.dir/D_/VSARM/sdk/pico/pico-sdk/src/rp2_common/hardware_sync/sync.c.obj
 *fill*         0x20000de9        0x3 
 .data          0x20000dec       0x48 CMakeFiles/carWithJoystick.dir/D_/VSARM/sdk/pico/pico-sdk/src/rp2_common/hardware_irq/irq_handler_chain.S.obj
                0x20000dec                irq_handler_chain_slots
                0x20000e1c                irq_handler_chain_first_slot
                0x20000e26                irq_handler_chain_remove_tail
 .data.default_alarm_pool
                0x20000e34       0x18 CMakeFiles/carWithJoystick.dir/D_/VSARM/sdk/pico/pico-sdk/src/common/pico_time/time.c.obj
 .data.default_alarm_pool_heap
                0x20000e4c       0x10 CMakeFiles/carWithJoystick.dir/D_/VSARM/sdk/pico/pico-sdk/src/common/pico_time/time.c.obj
 *fill*         0x20000e5c        0x4 
 .data.aeabi_bits_funcs
                0x20000e60       0x10 CMakeFiles/carWithJoystick.dir/D_/VSARM/sdk/pico/pico-sdk/src/rp2_common/pico_bit_ops/bit_ops_aeabi.S.obj
                0x20000e60                aeabi_bits_funcs
                0x20000e70                aeabi_bits_funcs_end
 .data.aeabi_mem_funcs
                0x20000e70       0x10 CMakeFiles/carWithJoystick.dir/D_/VSARM/sdk/pico/pico-sdk/src/rp2_common/pico_mem_ops/mem_ops_aeabi.S.obj
                0x20000e70                aeabi_mem_funcs
                0x20000e80                aeabi_mem_funcs_end
 .data.stdio_usb
                0x20000e80       0x18 CMakeFiles/carWithJoystick.dir/D_/VSARM/sdk/pico/pico-sdk/src/rp2_common/pico_stdio_usb/stdio_usb.c.obj
                0x20000e80                stdio_usb
 .data.ep_dir_string
                0x20000e98        0x8 CMakeFiles/carWithJoystick.dir/D_/VSARM/sdk/pico/pico-sdk/lib/tinyusb/src/portable/raspberrypi/rp2040/rp2040_usb.c.obj
                0x20000e98                ep_dir_string
 .data._usbd_qdef
                0x20000ea0       0x1c CMakeFiles/carWithJoystick.dir/D_/VSARM/sdk/pico/pico-sdk/lib/tinyusb/src/device/usbd.c.obj
                0x20000ea0                _usbd_qdef
 .data._usbd_rhport
                0x20000ebc        0x1 CMakeFiles/carWithJoystick.dir/D_/VSARM/sdk/pico/pico-sdk/lib/tinyusb/src/device/usbd.c.obj
                0x20000ec0                        . = ALIGN (0x4)
 *fill*         0x20000ebd        0x3 
 *(.after_data.*)
                0x20000ec0                        . = ALIGN (0x4)
                0x20000ec0                        PROVIDE (__mutex_array_start = .)
 *(SORT_BY_NAME(.mutex_array.*))
 *(.mutex_array)
 .mutex_array   0x20000ec0        0x8 CMakeFiles/carWithJoystick.dir/D_/VSARM/sdk/pico/pico-sdk/src/rp2_common/pico_stdio/stdio.c.obj
                0x20000ec8                        PROVIDE (__mutex_array_end = .)
                0x20000ec8                        . = ALIGN (0x4)
                0x20000ec8                        PROVIDE (__preinit_array_start = .)
 *(SORT_BY_NAME(.preinit_array.*))
 .preinit_array.00001
                0x20000ec8        0x4 CMakeFiles/carWithJoystick.dir/D_/VSARM/sdk/pico/pico-sdk/src/rp2_common/pico_mem_ops/mem_ops_aeabi.S.obj
 .preinit_array.00010
                0x20000ecc        0x4 CMakeFiles/carWithJoystick.dir/D_/VSARM/sdk/pico/pico-sdk/src/rp2_common/pico_bit_ops/bit_ops_aeabi.S.obj
 .preinit_array.00020
                0x20000ed0        0x4 CMakeFiles/carWithJoystick.dir/D_/VSARM/sdk/pico/pico-sdk/src/rp2_common/pico_double/double_aeabi.S.obj
 .preinit_array.00020
                0x20000ed4        0x4 CMakeFiles/carWithJoystick.dir/D_/VSARM/sdk/pico/pico-sdk/src/rp2_common/pico_float/float_aeabi.S.obj
 *(.preinit_array)
                0x20000ed8                        PROVIDE (__preinit_array_end = .)
                0x20000ed8                        . = ALIGN (0x4)
                0x20000ed8                        PROVIDE (__init_array_start = .)
 *(SORT_BY_NAME(.init_array.*))
 *(.init_array)
 .init_array    0x20000ed8        0x4 d:/program files2/gnu tool chain/12.3 rel1/bin/../lib/gcc/arm-none-eabi/12.3.1/thumb/v6-m/nofp/crtbegin.o
 .init_array    0x20000edc        0x4 CMakeFiles/carWithJoystick.dir/D_/VSARM/sdk/pico/pico-sdk/src/rp2_common/pico_unique_id/unique_id.c.obj
                0x20000ee0                        PROVIDE (__init_array_end = .)
                0x20000ee0                        . = ALIGN (0x4)
                [!provide]                        PROVIDE (__fini_array_start = .)
 *(SORT_BY_NAME(.fini_array.*))
 *(.fini_array)
                [!provide]                        PROVIDE (__fini_array_end = .)
 *(.jcr)
                0x20000ee0                        . = ALIGN (0x4)
                0x20000ee0                        __data_end__ = .
                0x10007004                        __etext = LOADADDR (.data)

.tm_clone_table
                0x20000ee0        0x0 load address 0x10007e24
 .tm_clone_table
                0x20000ee0        0x0 d:/program files2/gnu tool chain/12.3 rel1/bin/../lib/gcc/arm-none-eabi/12.3.1/thumb/v6-m/nofp/crtbegin.o
 .tm_clone_table
                0x20000ee0        0x0 d:/program files2/gnu tool chain/12.3 rel1/bin/../lib/gcc/arm-none-eabi/12.3.1/thumb/v6-m/nofp/crtend.o

.igot.plt       0x20000ee0        0x0 load address 0x10007e24
 .igot.plt      0x20000ee0        0x0 d:/program files2/gnu tool chain/12.3 rel1/bin/../lib/gcc/arm-none-eabi/12.3.1/thumb/v6-m/nofp/crtbegin.o

.uninitialized_data
                0x20000ee0        0x0 load address 0x10007e24
                0x20000ee0                        . = ALIGN (0x4)
 *(.uninitialized_data*)

.scratch_x      0x20040000        0x0 load address 0x10007e24
                0x20040000                        __scratch_x_start__ = .
 *(.scratch_x.*)
                0x20040000                        . = ALIGN (0x4)
                0x20040000                        __scratch_x_end__ = .
                0x10007e24                        __scratch_x_source__ = LOADADDR (.scratch_x)

.scratch_y      0x20041000        0x0 load address 0x10007e24
                0x20041000                        __scratch_y_start__ = .
 *(.scratch_y.*)
                0x20041000                        . = ALIGN (0x4)
                0x20041000                        __scratch_y_end__ = .
                0x10007e24                        __scratch_y_source__ = LOADADDR (.scratch_y)

.bss            0x20000ee0      0xd84
                0x20000ee0                        . = ALIGN (0x4)
                0x20000ee0                        __bss_start__ = .
 *(SORT_BY_ALIGNMENT(SORT_BY_NAME(.bss*)))
 .bss.configured_freq
                0x20000ee0       0x28 CMakeFiles/carWithJoystick.dir/D_/VSARM/sdk/pico/pico-sdk/src/rp2_common/hardware_clocks/clocks.c.obj
 .bss.default_alarm_pool_entries
                0x20000f08      0x100 CMakeFiles/carWithJoystick.dir/D_/VSARM/sdk/pico/pico-sdk/src/common/pico_time/time.c.obj
 .bss.last_avail_time.1
                0x20001008        0x8 CMakeFiles/carWithJoystick.dir/D_/VSARM/sdk/pico/pico-sdk/src/rp2_common/pico_stdio_usb/stdio_usb.c.obj
 .bss.sd_table  0x20001010      0x100 CMakeFiles/carWithJoystick.dir/D_/VSARM/sdk/pico/pico-sdk/src/rp2_common/pico_double/double_init_rom.c.obj
                0x20001010                sd_table
 .bss.sf_table  0x20001110      0x100 CMakeFiles/carWithJoystick.dir/D_/VSARM/sdk/pico/pico-sdk/src/rp2_common/pico_float/float_init_rom.c.obj
                0x20001110                sf_table
 .bss._app_driver
                0x20001210        0x4 CMakeFiles/carWithJoystick.dir/D_/VSARM/sdk/pico/pico-sdk/lib/tinyusb/src/device/usbd.c.obj
 .bss._cdcd_itf
                0x20001214      0x2c8 CMakeFiles/carWithJoystick.dir/D_/VSARM/sdk/pico/pico-sdk/lib/tinyusb/src/class/cdc/cdc_device.c.obj
 .bss._ctrl_xfer
                0x200014dc       0x14 CMakeFiles/carWithJoystick.dir/D_/VSARM/sdk/pico/pico-sdk/lib/tinyusb/src/device/usbd_control.c.obj
 .bss._ubsd_mutexdef
                0x200014f0        0x8 CMakeFiles/carWithJoystick.dir/D_/VSARM/sdk/pico/pico-sdk/lib/tinyusb/src/device/usbd.c.obj
 .bss._usbd_ctrl_buf
                0x200014f8       0x40 CMakeFiles/carWithJoystick.dir/D_/VSARM/sdk/pico/pico-sdk/lib/tinyusb/src/device/usbd_control.c.obj
 .bss._usbd_dev
                0x20001538       0x53 CMakeFiles/carWithJoystick.dir/D_/VSARM/sdk/pico/pico-sdk/lib/tinyusb/src/device/usbd.c.obj
 *fill*         0x2000158b        0x1 
 .bss._usbd_mutex
                0x2000158c        0x4 CMakeFiles/carWithJoystick.dir/D_/VSARM/sdk/pico/pico-sdk/lib/tinyusb/src/device/usbd.c.obj
 .bss._usbd_q   0x20001590        0x4 CMakeFiles/carWithJoystick.dir/D_/VSARM/sdk/pico/pico-sdk/lib/tinyusb/src/device/usbd.c.obj
 .bss._usbd_qdef_buf
                0x20001594       0xc0 CMakeFiles/carWithJoystick.dir/D_/VSARM/sdk/pico/pico-sdk/lib/tinyusb/src/device/usbd.c.obj
                0x20001594                _usbd_qdef_buf
 .bss.alarm_callbacks
                0x20001654       0x10 CMakeFiles/carWithJoystick.dir/D_/VSARM/sdk/pico/pico-sdk/src/rp2_common/hardware_timer/timer.c.obj
 .bss.boot2_copyout
                0x20001664      0x100 CMakeFiles/carWithJoystick.dir/D_/VSARM/sdk/pico/pico-sdk/src/rp2_common/hardware_flash/flash.c.obj
 .bss.chars_available_callback
                0x20001764        0x4 CMakeFiles/carWithJoystick.dir/D_/VSARM/sdk/pico/pico-sdk/src/rp2_common/pico_stdio_usb/stdio_usb.c.obj
 .bss.chars_available_param
                0x20001768        0x4 CMakeFiles/carWithJoystick.dir/D_/VSARM/sdk/pico/pico-sdk/src/rp2_common/pico_stdio_usb/stdio_usb.c.obj
 .bss.claimed   0x2000176c        0x4 CMakeFiles/carWithJoystick.dir/D_/VSARM/sdk/pico/pico-sdk/src/rp2_common/hardware_sync/sync.c.obj
 .bss.default_alarm_pool_entry_ids_high
                0x20001770       0x10 CMakeFiles/carWithJoystick.dir/D_/VSARM/sdk/pico/pico-sdk/src/common/pico_time/time.c.obj
 .bss.default_alarm_pool_heap_nodes
                0x20001780       0x30 CMakeFiles/carWithJoystick.dir/D_/VSARM/sdk/pico/pico-sdk/src/common/pico_time/time.c.obj
 .bss.desc_str.0
                0x200017b0       0x28 CMakeFiles/carWithJoystick.dir/D_/VSARM/sdk/pico/pico-sdk/src/rp2_common/pico_stdio_usb/stdio_usb_descriptors.c.obj
 .bss.drivers   0x200017d8        0x4 CMakeFiles/carWithJoystick.dir/D_/VSARM/sdk/pico/pico-sdk/src/rp2_common/pico_stdio/stdio.c.obj
 .bss.e15_last_sof
                0x200017dc        0x4 CMakeFiles/carWithJoystick.dir/D_/VSARM/sdk/pico/pico-sdk/lib/tinyusb/src/portable/raspberrypi/rp2040/rp2040_usb.c.obj
                0x200017dc                e15_last_sof
 .bss.filter    0x200017e0        0x4 CMakeFiles/carWithJoystick.dir/D_/VSARM/sdk/pico/pico-sdk/src/rp2_common/pico_stdio/stdio.c.obj
 .bss.hw_endpoints
                0x200017e4      0x400 CMakeFiles/carWithJoystick.dir/D_/VSARM/sdk/pico/pico-sdk/lib/tinyusb/src/portable/raspberrypi/rp2040/dcd_rp2040.c.obj
 .bss.lazy_vsnprintf
                0x20001be4        0x4 CMakeFiles/carWithJoystick.dir/D_/VSARM/sdk/pico/pico-sdk/src/rp2_common/pico_printf/printf.c.obj
 .bss.load_value
                0x20001be8        0x4 CMakeFiles/carWithJoystick.dir/D_/VSARM/sdk/pico/pico-sdk/src/rp2_common/hardware_watchdog/watchdog.c.obj
 .bss.next_buffer_ptr
                0x20001bec        0x4 CMakeFiles/carWithJoystick.dir/D_/VSARM/sdk/pico/pico-sdk/lib/tinyusb/src/portable/raspberrypi/rp2040/dcd_rp2040.c.obj
 .bss.object.0  0x20001bf0       0x18 d:/program files2/gnu tool chain/12.3 rel1/bin/../lib/gcc/arm-none-eabi/12.3.1/thumb/v6-m/nofp/crtbegin.o
 .bss.one_shot_timer_crit_sec
                0x20001c08        0x8 CMakeFiles/carWithJoystick.dir/D_/VSARM/sdk/pico/pico-sdk/src/rp2_common/pico_stdio_usb/stdio_usb.c.obj
 .bss.pools     0x20001c10       0x10 CMakeFiles/carWithJoystick.dir/D_/VSARM/sdk/pico/pico-sdk/src/common/pico_time/time.c.obj
 .bss.retrieved_id
                0x20001c20        0x8 CMakeFiles/carWithJoystick.dir/D_/VSARM/sdk/pico/pico-sdk/src/rp2_common/pico_unique_id/unique_id.c.obj
 .bss.sf_clz_func
                0x20001c28        0x4 CMakeFiles/carWithJoystick.dir/D_/VSARM/sdk/pico/pico-sdk/src/rp2_common/pico_double/double_init_rom.c.obj
                0x20001c28                sf_clz_func
 .bss.sleep_notifier
                0x20001c2c        0x4 CMakeFiles/carWithJoystick.dir/D_/VSARM/sdk/pico/pico-sdk/src/common/pico_time/time.c.obj
 .bss.stdio_usb_mutex
                0x20001c30        0x8 CMakeFiles/carWithJoystick.dir/D_/VSARM/sdk/pico/pico-sdk/src/rp2_common/pico_stdio_usb/stdio_usb.c.obj
 .bss.target_hi
                0x20001c38       0x10 CMakeFiles/carWithJoystick.dir/D_/VSARM/sdk/pico/pico-sdk/src/rp2_common/hardware_timer/timer.c.obj
 .bss.usbd_serial_str
                0x20001c48       0x11 CMakeFiles/carWithJoystick.dir/D_/VSARM/sdk/pico/pico-sdk/src/rp2_common/pico_stdio_usb/stdio_usb_descriptors.c.obj
 .bss._app_driver_count
                0x20001c59        0x1 CMakeFiles/carWithJoystick.dir/D_/VSARM/sdk/pico/pico-sdk/lib/tinyusb/src/device/usbd.c.obj
 .bss._sof_enable
                0x20001c5a        0x1 CMakeFiles/carWithJoystick.dir/D_/VSARM/sdk/pico/pico-sdk/lib/tinyusb/src/portable/raspberrypi/rp2040/dcd_rp2040.c.obj
 .bss.boot2_copyout_valid
                0x20001c5b        0x1 CMakeFiles/carWithJoystick.dir/D_/VSARM/sdk/pico/pico-sdk/src/rp2_common/hardware_flash/flash.c.obj
 .bss.claimed   0x20001c5c        0x1 CMakeFiles/carWithJoystick.dir/D_/VSARM/sdk/pico/pico-sdk/src/rp2_common/hardware_timer/timer.c.obj
 .bss.irq_hander_chain_free_slot_head
                0x20001c5d        0x1 CMakeFiles/carWithJoystick.dir/D_/VSARM/sdk/pico/pico-sdk/src/rp2_common/hardware_irq/irq.c.obj
 .bss.itf_num   0x20001c5e        0x1 CMakeFiles/carWithJoystick.dir/D_/VSARM/sdk/pico/pico-sdk/src/rp2_common/pico_stdio_usb/reset_interface.c.obj
 .bss.low_priority_irq_num
                0x20001c5f        0x1 CMakeFiles/carWithJoystick.dir/D_/VSARM/sdk/pico/pico-sdk/src/rp2_common/pico_stdio_usb/stdio_usb.c.obj
 .bss.one_shot_timer_pending
                0x20001c60        0x1 CMakeFiles/carWithJoystick.dir/D_/VSARM/sdk/pico/pico-sdk/src/rp2_common/pico_stdio_usb/stdio_usb.c.obj
 .bss.timer_callbacks_pending
                0x20001c61        0x1 CMakeFiles/carWithJoystick.dir/D_/VSARM/sdk/pico/pico-sdk/src/rp2_common/hardware_timer/timer.c.obj
 .bss.user_irq_claimed
                0x20001c62        0x1 CMakeFiles/carWithJoystick.dir/D_/VSARM/sdk/pico/pico-sdk/src/rp2_common/hardware_irq/irq.c.obj
 *(COMMON)
                0x20001c64                        . = ALIGN (0x4)
 *fill*         0x20001c63        0x1 
                0x20001c64                        __bss_end__ = .

.heap           0x20001c64      0x800
                0x20001c64                        __end__ = .
                0x20001c64                        end = __end__
 *(.heap*)
 .heap          0x20001c64      0x800 CMakeFiles/carWithJoystick.dir/D_/VSARM/sdk/pico/pico-sdk/src/rp2_common/pico_standard_link/crt0.S.obj
                0x20002464                        __HeapLimit = .

.stack1_dummy
 *(.stack1*)

.stack_dummy    0x20041000      0x800
 *(.stack*)
 .stack         0x20041000      0x800 CMakeFiles/carWithJoystick.dir/D_/VSARM/sdk/pico/pico-sdk/src/rp2_common/pico_standard_link/crt0.S.obj

.flash_end      0x10007e24        0x0
                0x10007e24                        PROVIDE (__flash_binary_end = .)
                0x20040000                        __StackLimit = (ORIGIN (RAM) + LENGTH (RAM))
                0x20041000                        __StackOneTop = (ORIGIN (SCRATCH_X) + LENGTH (SCRATCH_X))
                0x20042000                        __StackTop = (ORIGIN (SCRATCH_Y) + LENGTH (SCRATCH_Y))
                0x20041000                        __StackOneBottom = (__StackOneTop - SIZEOF (.stack1_dummy))
                0x20041800                        __StackBottom = (__StackTop - SIZEOF (.stack_dummy))
                0x20042000                        PROVIDE (__stack = __StackTop)
                0x00000001                        ASSERT ((__StackLimit >= __HeapLimit), region RAM overflowed)
                0x00000001                        ASSERT (((__binary_info_header_end - __logical_binary_start) <= 0x100), Binary info must be in first 256 bytes of the binary)
LOAD CMakeFiles/carWithJoystick.dir/main.c.obj
LOAD CMakeFiles/carWithJoystick.dir/D_/VSARM/sdk/pico/pico-sdk/src/rp2_common/pico_stdlib/stdlib.c.obj
LOAD CMakeFiles/carWithJoystick.dir/D_/VSARM/sdk/pico/pico-sdk/src/rp2_common/hardware_gpio/gpio.c.obj
LOAD CMakeFiles/carWithJoystick.dir/D_/VSARM/sdk/pico/pico-sdk/src/rp2_common/pico_platform/platform.c.obj
LOAD CMakeFiles/carWithJoystick.dir/D_/VSARM/sdk/pico/pico-sdk/src/rp2_common/hardware_claim/claim.c.obj
LOAD CMakeFiles/carWithJoystick.dir/D_/VSARM/sdk/pico/pico-sdk/src/rp2_common/hardware_sync/sync.c.obj
LOAD CMakeFiles/carWithJoystick.dir/D_/VSARM/sdk/pico/pico-sdk/src/rp2_common/hardware_irq/irq.c.obj
LOAD CMakeFiles/carWithJoystick.dir/D_/VSARM/sdk/pico/pico-sdk/src/rp2_common/hardware_irq/irq_handler_chain.S.obj
LOAD CMakeFiles/carWithJoystick.dir/D_/VSARM/sdk/pico/pico-sdk/src/common/pico_sync/sem.c.obj
LOAD CMakeFiles/carWithJoystick.dir/D_/VSARM/sdk/pico/pico-sdk/src/common/pico_sync/lock_core.c.obj
LOAD CMakeFiles/carWithJoystick.dir/D_/VSARM/sdk/pico/pico-sdk/src/common/pico_sync/mutex.c.obj
LOAD CMakeFiles/carWithJoystick.dir/D_/VSARM/sdk/pico/pico-sdk/src/common/pico_sync/critical_section.c.obj
LOAD CMakeFiles/carWithJoystick.dir/D_/VSARM/sdk/pico/pico-sdk/src/common/pico_time/time.c.obj
LOAD CMakeFiles/carWithJoystick.dir/D_/VSARM/sdk/pico/pico-sdk/src/common/pico_time/timeout_helper.c.obj
LOAD CMakeFiles/carWithJoystick.dir/D_/VSARM/sdk/pico/pico-sdk/src/rp2_common/hardware_timer/timer.c.obj
LOAD CMakeFiles/carWithJoystick.dir/D_/VSARM/sdk/pico/pico-sdk/src/common/pico_util/datetime.c.obj
LOAD CMakeFiles/carWithJoystick.dir/D_/VSARM/sdk/pico/pico-sdk/src/common/pico_util/pheap.c.obj
LOAD CMakeFiles/carWithJoystick.dir/D_/VSARM/sdk/pico/pico-sdk/src/common/pico_util/queue.c.obj
LOAD CMakeFiles/carWithJoystick.dir/D_/VSARM/sdk/pico/pico-sdk/src/rp2_common/hardware_uart/uart.c.obj
LOAD CMakeFiles/carWithJoystick.dir/D_/VSARM/sdk/pico/pico-sdk/src/rp2_common/hardware_clocks/clocks.c.obj
LOAD CMakeFiles/carWithJoystick.dir/D_/VSARM/sdk/pico/pico-sdk/src/rp2_common/hardware_pll/pll.c.obj
LOAD CMakeFiles/carWithJoystick.dir/D_/VSARM/sdk/pico/pico-sdk/src/rp2_common/hardware_vreg/vreg.c.obj
LOAD CMakeFiles/carWithJoystick.dir/D_/VSARM/sdk/pico/pico-sdk/src/rp2_common/hardware_watchdog/watchdog.c.obj
LOAD CMakeFiles/carWithJoystick.dir/D_/VSARM/sdk/pico/pico-sdk/src/rp2_common/hardware_xosc/xosc.c.obj
LOAD CMakeFiles/carWithJoystick.dir/D_/VSARM/sdk/pico/pico-sdk/src/rp2_common/hardware_divider/divider.S.obj
LOAD CMakeFiles/carWithJoystick.dir/D_/VSARM/sdk/pico/pico-sdk/src/rp2_common/pico_runtime/runtime.c.obj
LOAD CMakeFiles/carWithJoystick.dir/D_/VSARM/sdk/pico/pico-sdk/src/rp2_common/pico_printf/printf.c.obj
LOAD CMakeFiles/carWithJoystick.dir/D_/VSARM/sdk/pico/pico-sdk/src/rp2_common/pico_bit_ops/bit_ops_aeabi.S.obj
LOAD CMakeFiles/carWithJoystick.dir/D_/VSARM/sdk/pico/pico-sdk/src/rp2_common/pico_bootrom/bootrom.c.obj
LOAD CMakeFiles/carWithJoystick.dir/D_/VSARM/sdk/pico/pico-sdk/src/rp2_common/pico_divider/divider.S.obj
LOAD CMakeFiles/carWithJoystick.dir/D_/VSARM/sdk/pico/pico-sdk/src/rp2_common/pico_double/double_aeabi.S.obj
LOAD CMakeFiles/carWithJoystick.dir/D_/VSARM/sdk/pico/pico-sdk/src/rp2_common/pico_double/double_init_rom.c.obj
LOAD CMakeFiles/carWithJoystick.dir/D_/VSARM/sdk/pico/pico-sdk/src/rp2_common/pico_double/double_math.c.obj
LOAD CMakeFiles/carWithJoystick.dir/D_/VSARM/sdk/pico/pico-sdk/src/rp2_common/pico_double/double_v1_rom_shim.S.obj
LOAD CMakeFiles/carWithJoystick.dir/D_/VSARM/sdk/pico/pico-sdk/src/rp2_common/pico_int64_ops/pico_int64_ops_aeabi.S.obj
LOAD CMakeFiles/carWithJoystick.dir/D_/VSARM/sdk/pico/pico-sdk/src/rp2_common/pico_float/float_aeabi.S.obj
LOAD CMakeFiles/carWithJoystick.dir/D_/VSARM/sdk/pico/pico-sdk/src/rp2_common/pico_float/float_init_rom.c.obj
LOAD CMakeFiles/carWithJoystick.dir/D_/VSARM/sdk/pico/pico-sdk/src/rp2_common/pico_float/float_math.c.obj
LOAD CMakeFiles/carWithJoystick.dir/D_/VSARM/sdk/pico/pico-sdk/src/rp2_common/pico_float/float_v1_rom_shim.S.obj
LOAD CMakeFiles/carWithJoystick.dir/D_/VSARM/sdk/pico/pico-sdk/src/rp2_common/pico_malloc/pico_malloc.c.obj
LOAD CMakeFiles/carWithJoystick.dir/D_/VSARM/sdk/pico/pico-sdk/src/rp2_common/pico_mem_ops/mem_ops_aeabi.S.obj
LOAD CMakeFiles/carWithJoystick.dir/D_/VSARM/sdk/pico/pico-sdk/src/rp2_common/pico_standard_link/crt0.S.obj
LOAD CMakeFiles/carWithJoystick.dir/D_/VSARM/sdk/pico/pico-sdk/src/rp2_common/pico_standard_link/new_delete.cpp.obj
LOAD CMakeFiles/carWithJoystick.dir/D_/VSARM/sdk/pico/pico-sdk/src/rp2_common/pico_standard_link/binary_info.c.obj
LOAD CMakeFiles/carWithJoystick.dir/D_/VSARM/sdk/pico/pico-sdk/src/rp2_common/pico_stdio/stdio.c.obj
LOAD CMakeFiles/carWithJoystick.dir/D_/VSARM/sdk/pico/pico-sdk/src/rp2_common/pico_stdio_usb/reset_interface.c.obj
LOAD CMakeFiles/carWithJoystick.dir/D_/VSARM/sdk/pico/pico-sdk/src/rp2_common/pico_stdio_usb/stdio_usb.c.obj
LOAD CMakeFiles/carWithJoystick.dir/D_/VSARM/sdk/pico/pico-sdk/src/rp2_common/pico_stdio_usb/stdio_usb_descriptors.c.obj
LOAD CMakeFiles/carWithJoystick.dir/D_/VSARM/sdk/pico/pico-sdk/src/rp2_common/pico_unique_id/unique_id.c.obj
LOAD CMakeFiles/carWithJoystick.dir/D_/VSARM/sdk/pico/pico-sdk/src/rp2_common/hardware_flash/flash.c.obj
LOAD CMakeFiles/carWithJoystick.dir/D_/VSARM/sdk/pico/pico-sdk/lib/tinyusb/src/portable/raspberrypi/rp2040/dcd_rp2040.c.obj
LOAD CMakeFiles/carWithJoystick.dir/D_/VSARM/sdk/pico/pico-sdk/lib/tinyusb/src/portable/raspberrypi/rp2040/rp2040_usb.c.obj
LOAD CMakeFiles/carWithJoystick.dir/D_/VSARM/sdk/pico/pico-sdk/lib/tinyusb/src/device/usbd.c.obj
LOAD CMakeFiles/carWithJoystick.dir/D_/VSARM/sdk/pico/pico-sdk/lib/tinyusb/src/device/usbd_control.c.obj
LOAD CMakeFiles/carWithJoystick.dir/D_/VSARM/sdk/pico/pico-sdk/lib/tinyusb/src/class/audio/audio_device.c.obj
LOAD CMakeFiles/carWithJoystick.dir/D_/VSARM/sdk/pico/pico-sdk/lib/tinyusb/src/class/cdc/cdc_device.c.obj
LOAD CMakeFiles/carWithJoystick.dir/D_/VSARM/sdk/pico/pico-sdk/lib/tinyusb/src/class/dfu/dfu_device.c.obj
LOAD CMakeFiles/carWithJoystick.dir/D_/VSARM/sdk/pico/pico-sdk/lib/tinyusb/src/class/dfu/dfu_rt_device.c.obj
LOAD CMakeFiles/carWithJoystick.dir/D_/VSARM/sdk/pico/pico-sdk/lib/tinyusb/src/class/hid/hid_device.c.obj
LOAD CMakeFiles/carWithJoystick.dir/D_/VSARM/sdk/pico/pico-sdk/lib/tinyusb/src/class/midi/midi_device.c.obj
LOAD CMakeFiles/carWithJoystick.dir/D_/VSARM/sdk/pico/pico-sdk/lib/tinyusb/src/class/msc/msc_device.c.obj
LOAD CMakeFiles/carWithJoystick.dir/D_/VSARM/sdk/pico/pico-sdk/lib/tinyusb/src/class/net/ecm_rndis_device.c.obj
LOAD CMakeFiles/carWithJoystick.dir/D_/VSARM/sdk/pico/pico-sdk/lib/tinyusb/src/class/net/ncm_device.c.obj
LOAD CMakeFiles/carWithJoystick.dir/D_/VSARM/sdk/pico/pico-sdk/lib/tinyusb/src/class/usbtmc/usbtmc_device.c.obj
LOAD CMakeFiles/carWithJoystick.dir/D_/VSARM/sdk/pico/pico-sdk/lib/tinyusb/src/class/vendor/vendor_device.c.obj
LOAD CMakeFiles/carWithJoystick.dir/D_/VSARM/sdk/pico/pico-sdk/lib/tinyusb/src/class/video/video_device.c.obj
LOAD CMakeFiles/carWithJoystick.dir/D_/VSARM/sdk/pico/pico-sdk/lib/tinyusb/src/tusb.c.obj
LOAD CMakeFiles/carWithJoystick.dir/D_/VSARM/sdk/pico/pico-sdk/lib/tinyusb/src/common/tusb_fifo.c.obj
LOAD CMakeFiles/carWithJoystick.dir/D_/VSARM/sdk/pico/pico-sdk/src/rp2_common/pico_fix/rp2040_usb_device_enumeration/rp2040_usb_device_enumeration.c.obj
LOAD CMakeFiles/carWithJoystick.dir/D_/VSARM/sdk/pico/pico-sdk/src/rp2_common/hardware_i2c/i2c.c.obj
LOAD CMakeFiles/carWithJoystick.dir/D_/VSARM/sdk/pico/pico-sdk/src/rp2_common/hardware_spi/spi.c.obj
LOAD CMakeFiles/carWithJoystick.dir/D_/VSARM/sdk/pico/pico-sdk/src/rp2_common/hardware_adc/adc.c.obj
LOAD C:\Users\Lenovo\AppData\Local\Temp\ccIS25F0.o
LOAD d:/program files2/gnu tool chain/12.3 rel1/bin/../lib/gcc/arm-none-eabi/12.3.1/thumb/v6-m/nofp\libstdc++.a
LOAD d:/program files2/gnu tool chain/12.3 rel1/bin/../lib/gcc/arm-none-eabi/12.3.1/thumb/v6-m/nofp\libm.a
START GROUP
LOAD d:/program files2/gnu tool chain/12.3 rel1/bin/../lib/gcc/arm-none-eabi/12.3.1/thumb/v6-m/nofp\libgcc.a
LOAD d:/program files2/gnu tool chain/12.3 rel1/bin/../lib/gcc/arm-none-eabi/12.3.1/thumb/v6-m/nofp\libc.a
END GROUP
START GROUP
LOAD d:/program files2/gnu tool chain/12.3 rel1/bin/../lib/gcc/arm-none-eabi/12.3.1/thumb/v6-m/nofp\libgcc.a
LOAD d:/program files2/gnu tool chain/12.3 rel1/bin/../lib/gcc/arm-none-eabi/12.3.1/thumb/v6-m/nofp\libc.a
LOAD d:/program files2/gnu tool chain/12.3 rel1/bin/../lib/gcc/arm-none-eabi/12.3.1/thumb/v6-m/nofp\libnosys.a
END GROUP
LOAD d:/program files2/gnu tool chain/12.3 rel1/bin/../lib/gcc/arm-none-eabi/12.3.1/thumb/v6-m/nofp/crtend.o
LOAD d:/program files2/gnu tool chain/12.3 rel1/bin/../lib/gcc/arm-none-eabi/12.3.1/thumb/v6-m/nofp/crtn.o
OUTPUT(carWithJoystick.elf elf32-littlearm)
LOAD linker stubs

.ARM.attributes
                0x00000000       0x28
 .ARM.attributes
                0x00000000       0x1e d:/program files2/gnu tool chain/12.3 rel1/bin/../lib/gcc/arm-none-eabi/12.3.1/thumb/v6-m/nofp/crti.o
 .ARM.attributes
                0x0000001e       0x2c d:/program files2/gnu tool chain/12.3 rel1/bin/../lib/gcc/arm-none-eabi/12.3.1/thumb/v6-m/nofp/crtbegin.o
 .ARM.attributes
                0x0000004a       0x2c CMakeFiles/carWithJoystick.dir/main.c.obj
 .ARM.attributes
                0x00000076       0x2c CMakeFiles/carWithJoystick.dir/D_/VSARM/sdk/pico/pico-sdk/src/rp2_common/hardware_gpio/gpio.c.obj
 .ARM.attributes
                0x000000a2       0x2c CMakeFiles/carWithJoystick.dir/D_/VSARM/sdk/pico/pico-sdk/src/rp2_common/pico_platform/platform.c.obj
 .ARM.attributes
                0x000000ce       0x2c CMakeFiles/carWithJoystick.dir/D_/VSARM/sdk/pico/pico-sdk/src/rp2_common/hardware_claim/claim.c.obj
 .ARM.attributes
                0x000000fa       0x2c CMakeFiles/carWithJoystick.dir/D_/VSARM/sdk/pico/pico-sdk/src/rp2_common/hardware_sync/sync.c.obj
 .ARM.attributes
                0x00000126       0x2c CMakeFiles/carWithJoystick.dir/D_/VSARM/sdk/pico/pico-sdk/src/rp2_common/hardware_irq/irq.c.obj
 .ARM.attributes
                0x00000152       0x22 CMakeFiles/carWithJoystick.dir/D_/VSARM/sdk/pico/pico-sdk/src/rp2_common/hardware_irq/irq_handler_chain.S.obj
 .ARM.attributes
                0x00000174       0x2c CMakeFiles/carWithJoystick.dir/D_/VSARM/sdk/pico/pico-sdk/src/common/pico_sync/lock_core.c.obj
 .ARM.attributes
                0x000001a0       0x2c CMakeFiles/carWithJoystick.dir/D_/VSARM/sdk/pico/pico-sdk/src/common/pico_sync/mutex.c.obj
 .ARM.attributes
                0x000001cc       0x2c CMakeFiles/carWithJoystick.dir/D_/VSARM/sdk/pico/pico-sdk/src/common/pico_sync/critical_section.c.obj
 .ARM.attributes
                0x000001f8       0x2c CMakeFiles/carWithJoystick.dir/D_/VSARM/sdk/pico/pico-sdk/src/common/pico_time/time.c.obj
 .ARM.attributes
                0x00000224       0x2c CMakeFiles/carWithJoystick.dir/D_/VSARM/sdk/pico/pico-sdk/src/rp2_common/hardware_timer/timer.c.obj
 .ARM.attributes
                0x00000250       0x2c CMakeFiles/carWithJoystick.dir/D_/VSARM/sdk/pico/pico-sdk/src/common/pico_util/pheap.c.obj
 .ARM.attributes
                0x0000027c       0x2c CMakeFiles/carWithJoystick.dir/D_/VSARM/sdk/pico/pico-sdk/src/rp2_common/hardware_clocks/clocks.c.obj
 .ARM.attributes
                0x000002a8       0x2c CMakeFiles/carWithJoystick.dir/D_/VSARM/sdk/pico/pico-sdk/src/rp2_common/hardware_pll/pll.c.obj
 .ARM.attributes
                0x000002d4       0x2c CMakeFiles/carWithJoystick.dir/D_/VSARM/sdk/pico/pico-sdk/src/rp2_common/hardware_watchdog/watchdog.c.obj
 .ARM.attributes
                0x00000300       0x2c CMakeFiles/carWithJoystick.dir/D_/VSARM/sdk/pico/pico-sdk/src/rp2_common/hardware_xosc/xosc.c.obj
 .ARM.attributes
                0x0000032c       0x2c CMakeFiles/carWithJoystick.dir/D_/VSARM/sdk/pico/pico-sdk/src/rp2_common/pico_runtime/runtime.c.obj
 .ARM.attributes
                0x00000358       0x2c CMakeFiles/carWithJoystick.dir/D_/VSARM/sdk/pico/pico-sdk/src/rp2_common/pico_printf/printf.c.obj
 .ARM.attributes
                0x00000384       0x22 CMakeFiles/carWithJoystick.dir/D_/VSARM/sdk/pico/pico-sdk/src/rp2_common/pico_bit_ops/bit_ops_aeabi.S.obj
 .ARM.attributes
                0x000003a6       0x2c CMakeFiles/carWithJoystick.dir/D_/VSARM/sdk/pico/pico-sdk/src/rp2_common/pico_bootrom/bootrom.c.obj
 .ARM.attributes
                0x000003d2       0x22 CMakeFiles/carWithJoystick.dir/D_/VSARM/sdk/pico/pico-sdk/src/rp2_common/pico_divider/divider.S.obj
 .ARM.attributes
                0x000003f4       0x22 CMakeFiles/carWithJoystick.dir/D_/VSARM/sdk/pico/pico-sdk/src/rp2_common/pico_double/double_aeabi.S.obj
 .ARM.attributes
                0x00000416       0x2c CMakeFiles/carWithJoystick.dir/D_/VSARM/sdk/pico/pico-sdk/src/rp2_common/pico_double/double_init_rom.c.obj
 .ARM.attributes
                0x00000442       0x22 CMakeFiles/carWithJoystick.dir/D_/VSARM/sdk/pico/pico-sdk/src/rp2_common/pico_double/double_v1_rom_shim.S.obj
 .ARM.attributes
                0x00000464       0x22 CMakeFiles/carWithJoystick.dir/D_/VSARM/sdk/pico/pico-sdk/src/rp2_common/pico_int64_ops/pico_int64_ops_aeabi.S.obj
 .ARM.attributes
                0x00000486       0x22 CMakeFiles/carWithJoystick.dir/D_/VSARM/sdk/pico/pico-sdk/src/rp2_common/pico_float/float_aeabi.S.obj
 .ARM.attributes
                0x000004a8       0x2c CMakeFiles/carWithJoystick.dir/D_/VSARM/sdk/pico/pico-sdk/src/rp2_common/pico_float/float_init_rom.c.obj
 .ARM.attributes
                0x000004d4       0x22 CMakeFiles/carWithJoystick.dir/D_/VSARM/sdk/pico/pico-sdk/src/rp2_common/pico_float/float_v1_rom_shim.S.obj
 .ARM.attributes
                0x000004f6       0x22 CMakeFiles/carWithJoystick.dir/D_/VSARM/sdk/pico/pico-sdk/src/rp2_common/pico_mem_ops/mem_ops_aeabi.S.obj
 .ARM.attributes
                0x00000518       0x22 CMakeFiles/carWithJoystick.dir/D_/VSARM/sdk/pico/pico-sdk/src/rp2_common/pico_standard_link/crt0.S.obj
 .ARM.attributes
                0x0000053a       0x2c CMakeFiles/carWithJoystick.dir/D_/VSARM/sdk/pico/pico-sdk/src/rp2_common/pico_standard_link/binary_info.c.obj
 .ARM.attributes
                0x00000566       0x2c CMakeFiles/carWithJoystick.dir/D_/VSARM/sdk/pico/pico-sdk/src/rp2_common/pico_stdio/stdio.c.obj
 .ARM.attributes
                0x00000592       0x2c CMakeFiles/carWithJoystick.dir/D_/VSARM/sdk/pico/pico-sdk/src/rp2_common/pico_stdio_usb/reset_interface.c.obj
 .ARM.attributes
                0x000005be       0x2c CMakeFiles/carWithJoystick.dir/D_/VSARM/sdk/pico/pico-sdk/src/rp2_common/pico_stdio_usb/stdio_usb.c.obj
 .ARM.attributes
                0x000005ea       0x2c CMakeFiles/carWithJoystick.dir/D_/VSARM/sdk/pico/pico-sdk/src/rp2_common/pico_stdio_usb/stdio_usb_descriptors.c.obj
 .ARM.attributes
                0x00000616       0x2c CMakeFiles/carWithJoystick.dir/D_/VSARM/sdk/pico/pico-sdk/src/rp2_common/pico_unique_id/unique_id.c.obj
 .ARM.attributes
                0x00000642       0x2c CMakeFiles/carWithJoystick.dir/D_/VSARM/sdk/pico/pico-sdk/src/rp2_common/hardware_flash/flash.c.obj
 .ARM.attributes
                0x0000066e       0x2c CMakeFiles/carWithJoystick.dir/D_/VSARM/sdk/pico/pico-sdk/lib/tinyusb/src/portable/raspberrypi/rp2040/dcd_rp2040.c.obj
 .ARM.attributes
                0x0000069a       0x2c CMakeFiles/carWithJoystick.dir/D_/VSARM/sdk/pico/pico-sdk/lib/tinyusb/src/portable/raspberrypi/rp2040/rp2040_usb.c.obj
 .ARM.attributes
                0x000006c6       0x2c CMakeFiles/carWithJoystick.dir/D_/VSARM/sdk/pico/pico-sdk/lib/tinyusb/src/device/usbd.c.obj
 .ARM.attributes
                0x000006f2       0x2c CMakeFiles/carWithJoystick.dir/D_/VSARM/sdk/pico/pico-sdk/lib/tinyusb/src/device/usbd_control.c.obj
 .ARM.attributes
                0x0000071e       0x2c CMakeFiles/carWithJoystick.dir/D_/VSARM/sdk/pico/pico-sdk/lib/tinyusb/src/class/cdc/cdc_device.c.obj
 .ARM.attributes
                0x0000074a       0x2c CMakeFiles/carWithJoystick.dir/D_/VSARM/sdk/pico/pico-sdk/lib/tinyusb/src/tusb.c.obj
 .ARM.attributes
                0x00000776       0x2c CMakeFiles/carWithJoystick.dir/D_/VSARM/sdk/pico/pico-sdk/lib/tinyusb/src/common/tusb_fifo.c.obj
 .ARM.attributes
                0x000007a2       0x2c CMakeFiles/carWithJoystick.dir/D_/VSARM/sdk/pico/pico-sdk/src/rp2_common/hardware_adc/adc.c.obj
 .ARM.attributes
                0x000007ce       0x22 C:\Users\Lenovo\AppData\Local\Temp\ccIS25F0.o
 .ARM.attributes
                0x000007f0       0x1e d:/program files2/gnu tool chain/12.3 rel1/bin/../lib/gcc/arm-none-eabi/12.3.1/thumb/v6-m/nofp\libgcc.a(_dvmd_tls.o)
 .ARM.attributes
                0x0000080e       0x2c d:/program files2/gnu tool chain/12.3 rel1/bin/../lib/gcc/arm-none-eabi/12.3.1/thumb/v6-m/nofp\libc.a(libc_a-strlen-stub.o)
 .ARM.attributes
                0x0000083a       0x2c d:/program files2/gnu tool chain/12.3 rel1/bin/../lib/gcc/arm-none-eabi/12.3.1/thumb/v6-m/nofp/crtend.o

.comment        0x00000000       0x45
 .comment       0x00000000       0x45 CMakeFiles/carWithJoystick.dir/main.c.obj
                                 0x46 (size before relaxing)
 .comment       0x00000045       0x46 CMakeFiles/carWithJoystick.dir/D_/VSARM/sdk/pico/pico-sdk/src/rp2_common/hardware_gpio/gpio.c.obj
 .comment       0x00000045       0x46 CMakeFiles/carWithJoystick.dir/D_/VSARM/sdk/pico/pico-sdk/src/rp2_common/pico_platform/platform.c.obj
 .comment       0x00000045       0x46 CMakeFiles/carWithJoystick.dir/D_/VSARM/sdk/pico/pico-sdk/src/rp2_common/hardware_claim/claim.c.obj
 .comment       0x00000045       0x46 CMakeFiles/carWithJoystick.dir/D_/VSARM/sdk/pico/pico-sdk/src/rp2_common/hardware_sync/sync.c.obj